Archive member included to satisfy reference by file (symbol)

C:\Users\Austen\AppData\Local\arduino15\packages\Intel\hardware\arc32\2.0.2\variants\arduino_101\libarc32drv_arduino101.a(c_init.o)
                              (--whole-archive)
C:\Users\Austen\AppData\Local\arduino15\packages\Intel\hardware\arc32\2.0.2\variants\arduino_101\libarc32drv_arduino101.a(interrupt.o)
                              (--whole-archive)
C:\Users\Austen\AppData\Local\arduino15\packages\Intel\hardware\arc32\2.0.2\variants\arduino_101\libarc32drv_arduino101.a(version.o)
                              (--whole-archive)
C:\Users\Austen\AppData\Local\arduino15\packages\Intel\hardware\arc32\2.0.2\variants\arduino_101\libarc32drv_arduino101.a(arcv2_timer0.o)
                              (--whole-archive)
C:\Users\Austen\AppData\Local\arduino15\packages\Intel\hardware\arc32\2.0.2\variants\arduino_101\libarc32drv_arduino101.a(atomic_native.o)
                              (--whole-archive)
C:\Users\Austen\AppData\Local\arduino15\packages\Intel\hardware\arc32\2.0.2\variants\arduino_101\libarc32drv_arduino101.a(clk_system.o)
                              (--whole-archive)
C:\Users\Austen\AppData\Local\arduino15\packages\Intel\hardware\arc32\2.0.2\variants\arduino_101\libarc32drv_arduino101.a(intel_qrk_i2c.o)
                              (--whole-archive)
C:\Users\Austen\AppData\Local\arduino15\packages\Intel\hardware\arc32\2.0.2\variants\arduino_101\libarc32drv_arduino101.a(ipc_uart_ns16550.o)
                              (--whole-archive)
C:\Users\Austen\AppData\Local\arduino15\packages\Intel\hardware\arc32\2.0.2\variants\arduino_101\libarc32drv_arduino101.a(ns16550.o)
                              (--whole-archive)
C:\Users\Austen\AppData\Local\arduino15\packages\Intel\hardware\arc32\2.0.2\variants\arduino_101\libarc32drv_arduino101.a(soc_dma.o)
                              (--whole-archive)
C:\Users\Austen\AppData\Local\arduino15\packages\Intel\hardware\arc32\2.0.2\variants\arduino_101\libarc32drv_arduino101.a(soc_gpio.o)
                              (--whole-archive)
C:\Users\Austen\AppData\Local\arduino15\packages\Intel\hardware\arc32\2.0.2\variants\arduino_101\libarc32drv_arduino101.a(soc_i2s.o)
                              (--whole-archive)
C:\Users\Austen\AppData\Local\arduino15\packages\Intel\hardware\arc32\2.0.2\variants\arduino_101\libarc32drv_arduino101.a(ss_dw_i2c.o)
                              (--whole-archive)
C:\Users\Austen\AppData\Local\arduino15\packages\Intel\hardware\arc32\2.0.2\variants\arduino_101\libarc32drv_arduino101.a(ss_gpio_iface.o)
                              (--whole-archive)
C:\Users\Austen\AppData\Local\arduino15\packages\Intel\hardware\arc32\2.0.2\variants\arduino_101\libarc32drv_arduino101.a(ss_i2c_iface.o)
                              (--whole-archive)
C:\Users\Austen\AppData\Local\arduino15\packages\Intel\hardware\arc32\2.0.2\variants\arduino_101\libarc32drv_arduino101.a(ss_spi.o)
                              (--whole-archive)
C:\Users\Austen\AppData\Local\arduino15\packages\Intel\hardware\arc32\2.0.2\variants\arduino_101\libarc32drv_arduino101.a(rpc_deserialize.o)
                              (--whole-archive)
C:\Users\Austen\AppData\Local\arduino15\packages\Intel\hardware\arc32\2.0.2\variants\arduino_101\libarc32drv_arduino101.a(rpc_serialize.o)
                              (--whole-archive)
C:\Users\Austen\AppData\Local\arduino15\packages\Intel\hardware\arc32\2.0.2\variants\arduino_101\libarc32drv_arduino101.a(cfw_platform.o)
                              (--whole-archive)
C:\Users\Austen\AppData\Local\arduino15\packages\Intel\hardware\arc32\2.0.2\variants\arduino_101\libarc32drv_arduino101.a(conn.o)
                              (--whole-archive)
C:\Users\Austen\AppData\Local\arduino15\packages\Intel\hardware\arc32\2.0.2\variants\arduino_101\libarc32drv_arduino101.a(dtm_tcmd.o)
                              (--whole-archive)
C:\Users\Austen\AppData\Local\arduino15\packages\Intel\hardware\arc32\2.0.2\variants\arduino_101\libarc32drv_arduino101.a(gap.o)
                              (--whole-archive)
C:\Users\Austen\AppData\Local\arduino15\packages\Intel\hardware\arc32\2.0.2\variants\arduino_101\libarc32drv_arduino101.a(gatt.o)
                              (--whole-archive)
C:\Users\Austen\AppData\Local\arduino15\packages\Intel\hardware\arc32\2.0.2\variants\arduino_101\libarc32drv_arduino101.a(l2cap.o)
                              (--whole-archive)
C:\Users\Austen\AppData\Local\arduino15\packages\Intel\hardware\arc32\2.0.2\variants\arduino_101\libarc32drv_arduino101.a(smp_null.o)
                              (--whole-archive)
C:\Users\Austen\AppData\Local\arduino15\packages\Intel\hardware\arc32\2.0.2\variants\arduino_101\libarc32drv_arduino101.a(uuid.o)
                              (--whole-archive)
C:\Users\Austen\AppData\Local\arduino15\packages\Intel\hardware\arc32\2.0.2\variants\arduino_101\libarc32drv_arduino101.a(ble_service_api.o)
[...]
Memory Configuration

Name             Origin             Length             Attributes
FLASH            0x40034000         0x00026000         xr
SRAM             0xa800e000         0x00006000         xw
DCCM             0x80000000         0x00002000         xw
*default*        0x00000000         0xffffffff

Linker script and memory map

LOAD C:\Users\Austen\AppData\Local\arduino15\packages\Intel\hardware\arc32\2.0.2\variants\arduino_101\libarc32drv_arduino101.a
START GROUP
LOAD C:\Users\Austen\AppData\Local\arduino15\packages\Intel\hardware\arc32\2.0.2\variants\arduino_101\libarc32drv_arduino101.a
LOAD c:/users/austen/appdata/local/arduino15/packages/intel/tools/arc-elf32/1.6.9+1.0.1/bin/../lib/gcc/arc-elf32/4.8.5/../../../../arc-elf32/lib\libnsim.a
LOAD c:/users/austen/appdata/local/arduino15/packages/intel/tools/arc-elf32/1.6.9+1.0.1/bin/../lib/gcc/arc-elf32/4.8.5/../../../../arc-elf32/lib\libc.a
LOAD c:/users/austen/appdata/local/arduino15/packages/intel/tools/arc-elf32/1.6.9+1.0.1/bin/../lib/gcc/arc-elf32/4.8.5/../../../../arc-elf32/lib\libm.a
LOAD c:/users/austen/appdata/local/arduino15/packages/intel/tools/arc-elf32/1.6.9+1.0.1/bin/../lib/gcc/arc-elf32/4.8.5\libgcc.a
LOAD C:\Users\Austen\AppData\Local\Temp\VMBuilds\Ozone\Intel_intel_arc32_arduino_101\Debug\Ozone.cpp.o
LOAD C:\Users\Austen\AppData\Local\Temp\VMBuilds\Ozone\Intel_intel_arc32_arduino_101\Debug\variant\variant.cpp.o
LOAD C:\Users\Austen\AppData\Local\Temp\VMBuilds\Ozone\Intel_intel_arc32_arduino_101\Debug/core.a
                0x00000800                __stack_size = 0x800
                0x00000400                __firq_stack_size = 0x400
                0x00002000                __HEAP_SIZE_MIN = 0x2000
                0x00001000                __PAGE_SIZE = 0x1000

text            0x40034000     0xf3c0
                0x40034000                __text_start = .
 *(.int_vector_table)
 .int_vector_table
                0x40034000      0x110 C:\Users\Austen\AppData\Local\arduino15\packages\Intel\hardware\arc32\2.0.2\variants\arduino_101\libarc32drv_arduino101.a(init.o)
 *(.int_vector_table.*)
 *(.version_header)
 .version_header
                0x40034110       0x30 C:\Users\Austen\AppData\Local\arduino15\packages\Intel\hardware\arc32\2.0.2\variants\arduino_101\libarc32drv_arduino101.a(version.o)
                0x40034110                version_header
 *(.version_header*)
 *(.text)
 .text          0x40034140       0x98 C:\Users\Austen\AppData\Local\arduino15\packages\Intel\hardware\arc32\2.0.2\variants\arduino_101\libarc32drv_arduino101.a(init.o)
                0x40034168                _exit_halt
                0x40034168                _do_fault
                0x40034188                _do_isr
 .text          0x400341d8       0xf8 c:/users/austen/appdata/local/arduino15/packages/intel/tools/arc-elf32/1.6.9+1.0.1/bin/../lib/gcc/arc-elf32/4.8.5/../../../../arc-elf32/lib\libc.a(lib_a-memcmp-bs-norm.o)
                0x400341d8                memcmp
 .text          0x400342d0       0x80 c:/users/austen/appdata/local/arduino15/packages/intel/tools/arc-elf32/1.6.9+1.0.1/bin/../lib/gcc/arc-elf32/4.8.5/../../../../arc-elf32/lib\libc.a(lib_a-memcpy-bs.o)
                0x400342d0                memcpy
 .text          0x40034350       0x6c c:/users/austen/appdata/local/arduino15/packages/intel/tools/arc-elf32/1.6.9+1.0.1/bin/../lib/gcc/arc-elf32/4.8.5/../../../../arc-elf32/lib\libc.a(lib_a-memset-bs.o)
                0x40034350                memset
                0x400343a4                __strncpy_bzero
 .text          0x400343bc       0x88 c:/users/austen/appdata/local/arduino15/packages/intel/tools/arc-elf32/1.6.9+1.0.1/bin/../lib/gcc/arc-elf32/4.8.5/../../../../arc-elf32/lib\libc.a(lib_a-strlen-bs-norm.o)
                0x400343bc                strlen
 .text          0x40034444        0x4 c:/users/austen/appdata/local/arduino15/packages/intel/tools/arc-elf32/1.6.9+1.0.1/bin/../lib/gcc/arc-elf32/4.8.5\libgcc.a(_udivsi3.o)
                0x40034444                __udivsi3
 .text          0x40034448       0x10 c:/users/austen/appdata/local/arduino15/packages/intel/tools/arc-elf32/1.6.9+1.0.1/bin/../lib/gcc/arc-elf32/4.8.5\libgcc.a(_umodsi3.o)
                0x40034448                __umodsi3
 .text          0x40034458       0x74 c:/users/austen/appdata/local/arduino15/packages/intel/tools/arc-elf32/1.6.9+1.0.1/bin/../lib/gcc/arc-elf32/4.8.5\libgcc.a(_divmod_tools.o)
                0x40034458                __udivmodsi4
 .text          0x400344cc       0x30 c:/users/austen/appdata/local/arduino15/packages/intel/tools/arc-elf32/1.6.9+1.0.1/bin/../lib/gcc/arc-elf32/4.8.5\libgcc.a(_millicodethunk_st.o)
                0x400344cc                __st_r13_to_r25
                0x400344d0                __st_r13_to_r24
                0x400344d4                __st_r13_to_r23
                0x400344d8                __st_r13_to_r22
                0x400344dc                __st_r13_to_r21
                0x400344e0                __st_r13_to_r20
                0x400344e4                __st_r13_to_r19
                0x400344e8                __st_r13_to_r18
                0x400344ec                __st_r13_to_r17
                0x400344f0                __st_r13_to_r16
                0x400344f4                __st_r13_to_r15
 .text          0x400344fc       0x30 c:/users/austen/appdata/local/arduino15/packages/intel/tools/arc-elf32/1.6.9+1.0.1/bin/../lib/gcc/arc-elf32/4.8.5\libgcc.a(_millicodethunk_ld.o)
                0x400344fc                __ld_r13_to_r25
                0x40034500                __ld_r13_to_r24
                0x40034504                __ld_r13_to_r23
                0x40034508                __ld_r13_to_r22
                0x4003450c                __ld_r13_to_r21
                0x40034510                __ld_r13_to_r20
                0x40034514                __ld_r13_to_r19
                0x40034518                __ld_r13_to_r18
                0x4003451c                __ld_r13_to_r17
                0x40034520                __ld_r13_to_r16
                0x40034524                __ld_r13_to_r15
 .text          0x4003452c       0x3c c:/users/austen/appdata/local/arduino15/packages/intel/tools/arc-elf32/1.6.9+1.0.1/bin/../lib/gcc/arc-elf32/4.8.5\libgcc.a(_millicodethunk_ret.o)
                0x4003452c                __ld_r13_to_r25_ret
                0x40034530                __ld_r13_to_r24_ret
                0x40034534                __ld_r13_to_r23_ret
                0x40034538                __ld_r13_to_r22_ret
                0x4003453c                __ld_r13_to_r21_ret
                0x40034540                __ld_r13_to_r20_ret
                0x40034544                __ld_r13_to_r19_ret
                0x40034548                __ld_r13_to_r18_ret
                0x4003454c                __ld_r13_to_r17_ret
                0x40034550                __ld_r13_to_r16_ret
                0x40034554                __ld_r13_to_r15_ret
                0x40034558                __ld_r13_to_r14_ret
 .text          0x40034568      0x3f4 c:/users/austen/appdata/local/arduino15/packages/intel/tools/arc-elf32/1.6.9+1.0.1/bin/../lib/gcc/arc-elf32/4.8.5\libgcc.a(_divdf3.o)
                0x4003466c                __divdf3
 .text          0x4003495c       0x2c c:/users/austen/appdata/local/arduino15/packages/intel/tools/arc-elf32/1.6.9+1.0.1/bin/../lib/gcc/arc-elf32/4.8.5\libgcc.a(_eqdf2.o)
                0x4003495c                __eqdf2
 .text          0x40034988       0x50 c:/users/austen/appdata/local/arduino15/packages/intel/tools/arc-elf32/1.6.9+1.0.1/bin/../lib/gcc/arc-elf32/4.8.5\libgcc.a(_gedf2.o)
                0x40034988                __gedf2
 .text          0x400349d8       0x4c c:/users/austen/appdata/local/arduino15/packages/intel/tools/arc-elf32/1.6.9+1.0.1/bin/../lib/gcc/arc-elf32/4.8.5\libgcc.a(_gtdf2.o)
                0x400349d8                __gtdf2
 .text          0x40034a24       0x3c c:/users/austen/appdata/local/arduino15/packages/intel/tools/arc-elf32/1.6.9+1.0.1/bin/../lib/gcc/arc-elf32/4.8.5\libgcc.a(_fixdfsi.o)
                0x40034a24                __fixdfsi
 .text          0x40034a60       0x34 c:/users/austen/appdata/local/arduino15/packages/intel/tools/arc-elf32/1.6.9+1.0.1/bin/../lib/gcc/arc-elf32/4.8.5\libgcc.a(_floatsidf.o)
                0x40034a60                __floatsidf
 .text          0x40034a94       0x28 c:/users/austen/appdata/local/arduino15/packages/intel/tools/arc-elf32/1.6.9+1.0.1/bin/../lib/gcc/arc-elf32/4.8.5\libgcc.a(_floatunsidf.o)
                0x40034a94                __floatunsidf
 *(.text.*)
 .text._main    0x40034abc       0x74 C:\Users\Austen\AppData\Local\arduino15\packages\Intel\hardware\arc32\2.0.2\variants\arduino_101\libarc32drv_arduino101.a(c_init.o)
                0x40034abc                _main
 .text.interrupt_connect
                0x40034b30       0x20 C:\Users\Austen\AppData\Local\arduino15\packages\Intel\hardware\arc32\2.0.2\variants\arduino_101\libarc32drv_arduino101.a(interrupt.o)
                0x40034b30                interrupt_connect
 .text.interrupt_enable
                0x40034b50       0x28 C:\Users\Austen\AppData\Local\arduino15\packages\Intel\hardware\arc32\2.0.2\variants\arduino_101\libarc32drv_arduino101.a(interrupt.o)
                0x40034b50                interrupt_enable
 .text.interrupt_priority_set
                0x40034b78       0x20 C:\Users\Austen\AppData\Local\arduino15\packages\Intel\hardware\arc32\2.0.2\variants\arduino_101\libarc32drv_arduino101.a(interrupt.o)
                0x40034b78                interrupt_priority_set
 .text.interrupt_unit_device_init
                0x40034b98       0x50 C:\Users\Austen\AppData\Local\arduino15\packages\Intel\hardware\arc32\2.0.2\variants\arduino_101\libarc32drv_arduino101.a(interrupt.o)
                0x40034b98                interrupt_unit_device_init
 .text._arcv2_timer0_int_handler
                0x40034be8       0x20 C:\Users\Austen\AppData\Local\arduino15\packages\Intel\hardware\arc32\2.0.2\variants\arduino_101\libarc32drv_arduino101.a(arcv2_timer0.o)
                0x40034be8                _arcv2_timer0_int_handler
 .text.timer0_driver_init
                0x40034c08       0x40 C:\Users\Austen\AppData\Local\arduino15\packages\Intel\hardware\arc32\2.0.2\variants\arduino_101\libarc32drv_arduino101.a(arcv2_timer0.o)
                0x40034c08                timer0_driver_init
 .text.atomic_inc
                0x40034c48       0x14 C:\Users\Austen\AppData\Local\arduino15\packages\Intel\hardware\arc32\2.0.2\variants\arduino_101\libarc32drv_arduino101.a(atomic_native.o)
                0x40034c48                atomic_inc
 .text.atomic_dec
                0x40034c5c       0x14 C:\Users\Austen\AppData\Local\arduino15\packages\Intel\hardware\arc32\2.0.2\variants\arduino_101\libarc32drv_arduino101.a(atomic_native.o)
                0x40034c5c                atomic_dec
 .text.atomic_get
                0x40034c70        0x4 C:\Users\Austen\AppData\Local\arduino15\packages\Intel\hardware\arc32\2.0.2\variants\arduino_101\libarc32drv_arduino101.a(atomic_native.o)
                0x40034c70                atomic_get
 .text.atomic_set
                0x40034c74       0x10 C:\Users\Austen\AppData\Local\arduino15\packages\Intel\hardware\arc32\2.0.2\variants\arduino_101\libarc32drv_arduino101.a(atomic_native.o)
                0x40034c74                atomic_set
 .text.atomic_or
                0x40034c84       0x14 C:\Users\Austen\AppData\Local\arduino15\packages\Intel\hardware\arc32\2.0.2\variants\arduino_101\libarc32drv_arduino101.a(atomic_native.o)
                0x40034c84                atomic_or
 .text.atomic_and
                0x40034c98       0x14 C:\Users\Austen\AppData\Local\arduino15\packages\Intel\hardware\arc32\2.0.2\variants\arduino_101\libarc32drv_arduino101.a(atomic_native.o)
                0x40034c98                atomic_and
 .text.ipc_uart_isr
                0x40034cac      0x220 C:\Users\Austen\AppData\Local\arduino15\packages\Intel\hardware\arc32\2.0.2\variants\arduino_101\libarc32drv_arduino101.a(ipc_uart_ns16550.o)
                0x40034cac                ipc_uart_isr
 .text.ipc_uart_close_channel
                0x40034ecc       0x34 C:\Users\Austen\AppData\Local\arduino15\packages\Intel\hardware\arc32\2.0.2\variants\arduino_101\libarc32drv_arduino101.a(ipc_uart_ns16550.o)
                0x40034ecc                ipc_uart_close_channel
 .text.ipc_uart_init
                0x40034f00       0x78 C:\Users\Austen\AppData\Local\arduino15\packages\Intel\hardware\arc32\2.0.2\variants\arduino_101\libarc32drv_arduino101.a(ipc_uart_ns16550.o)
                0x40034f00                ipc_uart_init
 .text.ipc_uart_channel_open
                0x40034f78       0x8c C:\Users\Austen\AppData\Local\arduino15\packages\Intel\hardware\arc32\2.0.2\variants\arduino_101\libarc32drv_arduino101.a(ipc_uart_ns16550.o)
                0x40034f78                ipc_uart_channel_open
 .text.ipc_uart_ns16550_send_pdu
                0x40035004       0x48 C:\Users\Austen\AppData\Local\arduino15\packages\Intel\hardware\arc32\2.0.2\variants\arduino_101\libarc32drv_arduino101.a(ipc_uart_ns16550.o)
                0x40035004                ipc_uart_ns16550_send_pdu
 .text.ipc_uart_ns16550_set_tx_cb
                0x4003504c       0x18 C:\Users\Austen\AppData\Local\arduino15\packages\Intel\hardware\arc32\2.0.2\variants\arduino_101\libarc32drv_arduino101.a(ipc_uart_ns16550.o)
                0x4003504c                ipc_uart_ns16550_set_tx_cb
 .text.uart_init
                0x40035064       0x9c C:\Users\Austen\AppData\Local\arduino15\packages\Intel\hardware\arc32\2.0.2\variants\arduino_101\libarc32drv_arduino101.a(ns16550.o)
                0x40035064                uart_init
 .text.uart_poll_in
                0x40035100       0x28 C:\Users\Austen\AppData\Local\arduino15\packages\Intel\hardware\arc32\2.0.2\variants\arduino_101\libarc32drv_arduino101.a(ns16550.o)
                0x40035100                uart_poll_in
 .text.uart_poll_out
                0x40035128       0x28 C:\Users\Austen\AppData\Local\arduino15\packages\Intel\hardware\arc32\2.0.2\variants\arduino_101\libarc32drv_arduino101.a(ns16550.o)
                0x40035128                uart_poll_out
 .text.uart_fifo_fill
                0x40035150       0x4c C:\Users\Austen\AppData\Local\arduino15\packages\Intel\hardware\arc32\2.0.2\variants\arduino_101\libarc32drv_arduino101.a(ns16550.o)
                0x40035150                uart_fifo_fill
 .text.uart_fifo_read
                0x4003519c       0x4c C:\Users\Austen\AppData\Local\arduino15\packages\Intel\hardware\arc32\2.0.2\variants\arduino_101\libarc32drv_arduino101.a(ns16550.o)
                0x4003519c                uart_fifo_read
 .text.uart_irq_tx_enable
                0x400351e8       0x20 C:\Users\Austen\AppData\Local\arduino15\packages\Intel\hardware\arc32\2.0.2\variants\arduino_101\libarc32drv_arduino101.a(ns16550.o)
                0x400351e8                uart_irq_tx_enable
 .text.uart_irq_tx_disable
                0x40035208       0x20 C:\Users\Austen\AppData\Local\arduino15\packages\Intel\hardware\arc32\2.0.2\variants\arduino_101\libarc32drv_arduino101.a(ns16550.o)
                0x40035208                uart_irq_tx_disable
 .text.uart_irq_tx_ready
                0x40035228       0x20 C:\Users\Austen\AppData\Local\arduino15\packages\Intel\hardware\arc32\2.0.2\variants\arduino_101\libarc32drv_arduino101.a(ns16550.o)
                0x40035228                uart_irq_tx_ready
 .text.uart_irq_rx_enable
                0x40035248       0x20 C:\Users\Austen\AppData\Local\arduino15\packages\Intel\hardware\arc32\2.0.2\variants\arduino_101\libarc32drv_arduino101.a(ns16550.o)
                0x40035248                uart_irq_rx_enable
 .text.uart_irq_rx_disable
                0x40035268       0x20 C:\Users\Austen\AppData\Local\arduino15\packages\Intel\hardware\arc32\2.0.2\variants\arduino_101\libarc32drv_arduino101.a(ns16550.o)
                0x40035268                uart_irq_rx_disable
 .text.uart_irq_rx_ready
                0x40035288       0x20 C:\Users\Austen\AppData\Local\arduino15\packages\Intel\hardware\arc32\2.0.2\variants\arduino_101\libarc32drv_arduino101.a(ns16550.o)
                0x40035288                uart_irq_rx_ready
 .text.uart_irq_err_detected
                0x400352a8       0x20 C:\Users\Austen\AppData\Local\arduino15\packages\Intel\hardware\arc32\2.0.2\variants\arduino_101\libarc32drv_arduino101.a(ns16550.o)
                0x400352a8                uart_irq_err_detected
 .text.uart_line_status
                0x400352c8       0x1c C:\Users\Austen\AppData\Local\arduino15\packages\Intel\hardware\arc32\2.0.2\variants\arduino_101\libarc32drv_arduino101.a(ns16550.o)
                0x400352c8                uart_line_status
 .text.uart_break_check
                0x400352e4       0x1c C:\Users\Austen\AppData\Local\arduino15\packages\Intel\hardware\arc32\2.0.2\variants\arduino_101\libarc32drv_arduino101.a(ns16550.o)
                0x400352e4                uart_break_check
 .text.uart_irq_is_pending
                0x40035300       0x20 C:\Users\Austen\AppData\Local\arduino15\packages\Intel\hardware\arc32\2.0.2\variants\arduino_101\libarc32drv_arduino101.a(ns16550.o)
                0x40035300                uart_irq_is_pending
 .text.uart_irq_update
                0x40035320       0x20 C:\Users\Austen\AppData\Local\arduino15\packages\Intel\hardware\arc32\2.0.2\variants\arduino_101\libarc32drv_arduino101.a(ns16550.o)
                0x40035320                uart_irq_update
 .text.uart_int_connect
                0x40035340       0x54 C:\Users\Austen\AppData\Local\arduino15\packages\Intel\hardware\arc32\2.0.2\variants\arduino_101\libarc32drv_arduino101.a(ns16550.o)
                0x40035340                uart_int_connect
 .text.uart_tx_complete
                0x40035394       0x1c C:\Users\Austen\AppData\Local\arduino15\packages\Intel\hardware\arc32\2.0.2\variants\arduino_101\libarc32drv_arduino101.a(ns16550.o)
                0x40035394                uart_tx_complete
 .text.uart_loop_enable
                0x400353b0       0x20 C:\Users\Austen\AppData\Local\arduino15\packages\Intel\hardware\arc32\2.0.2\variants\arduino_101\libarc32drv_arduino101.a(ns16550.o)
                0x400353b0                uart_loop_enable
 .text.soc_gpio_ISR_proc
                0x400353d0       0x60 C:\Users\Austen\AppData\Local\arduino15\packages\Intel\hardware\arc32\2.0.2\variants\arduino_101\libarc32drv_arduino101.a(soc_gpio.o)
 .text.gpio_isr
                0x40035430       0x10 C:\Users\Austen\AppData\Local\arduino15\packages\Intel\hardware\arc32\2.0.2\variants\arduino_101\libarc32drv_arduino101.a(soc_gpio.o)
                0x40035430                gpio_isr
 .text.gpio_aon_isr
                0x40035440       0x10 C:\Users\Austen\AppData\Local\arduino15\packages\Intel\hardware\arc32\2.0.2\variants\arduino_101\libarc32drv_arduino101.a(soc_gpio.o)
                0x40035440                gpio_aon_isr
 .text.soc_gpio_enable
                0x40035450       0x88 C:\Users\Austen\AppData\Local\arduino15\packages\Intel\hardware\arc32\2.0.2\variants\arduino_101\libarc32drv_arduino101.a(soc_gpio.o)
                0x40035450                soc_gpio_enable
 .text.soc_gpio_set_config
                0x400354d8      0x134 C:\Users\Austen\AppData\Local\arduino15\packages\Intel\hardware\arc32\2.0.2\variants\arduino_101\libarc32drv_arduino101.a(soc_gpio.o)
                0x400354d8                soc_gpio_set_config
 .text.soc_gpio_write
                0x4003560c       0x58 C:\Users\Austen\AppData\Local\arduino15\packages\Intel\hardware\arc32\2.0.2\variants\arduino_101\libarc32drv_arduino101.a(soc_gpio.o)
                0x4003560c                soc_gpio_write
 .text.rpc_deserialize
                0x40035664      0x1b8 C:\Users\Austen\AppData\Local\arduino15\packages\Intel\hardware\arc32\2.0.2\variants\arduino_101\libarc32drv_arduino101.a(rpc_deserialize.o)
                0x40035664                rpc_deserialize
 .text.encoded_buflen
                0x4003581c       0x24 C:\Users\Austen\AppData\Local\arduino15\packages\Intel\hardware\arc32\2.0.2\variants\arduino_101\libarc32drv_arduino101.a(rpc_serialize.o)
 .text.serialize_struct
                0x40035840       0x28 C:\Users\Austen\AppData\Local\arduino15\packages\Intel\hardware\arc32\2.0.2\variants\arduino_101\libarc32drv_arduino101.a(rpc_serialize.o)
 .text.serialize_buf
                0x40035868       0x54 C:\Users\Austen\AppData\Local\arduino15\packages\Intel\hardware\arc32\2.0.2\variants\arduino_101\libarc32drv_arduino101.a(rpc_serialize.o)
 .text.rpc_serialize_none
                0x400358bc       0x2c C:\Users\Austen\AppData\Local\arduino15\packages\Intel\hardware\arc32\2.0.2\variants\arduino_101\libarc32drv_arduino101.a(rpc_serialize.o)
                0x400358bc                rpc_serialize_none
 .text.nble_gap_start_adv_req
                0x400358e8       0x10 C:\Users\Austen\AppData\Local\arduino15\packages\Intel\hardware\arc32\2.0.2\variants\arduino_101\libarc32drv_arduino101.a(rpc_serialize.o)
                0x400358e8                nble_gap_start_adv_req
 .text.rpc_serialize_s
                0x400358f8       0x54 C:\Users\Austen\AppData\Local\arduino15\packages\Intel\hardware\arc32\2.0.2\variants\arduino_101\libarc32drv_arduino101.a(rpc_serialize.o)
                0x400358f8                rpc_serialize_s
 .text.nble_gap_sm_config_req
                0x4003594c       0x14 C:\Users\Austen\AppData\Local\arduino15\packages\Intel\hardware\arc32\2.0.2\variants\arduino_101\libarc32drv_arduino101.a(rpc_serialize.o)
                0x4003594c                nble_gap_sm_config_req
 .text.nble_set_bda_req
                0x40035960       0x14 C:\Users\Austen\AppData\Local\arduino15\packages\Intel\hardware\arc32\2.0.2\variants\arduino_101\libarc32drv_arduino101.a(rpc_serialize.o)
                0x40035960                nble_set_bda_req
 .text.nble_gattc_discover_req
                0x40035974       0x14 C:\Users\Austen\AppData\Local\arduino15\packages\Intel\hardware\arc32\2.0.2\variants\arduino_101\libarc32drv_arduino101.a(rpc_serialize.o)
                0x40035974                nble_gattc_discover_req
 .text.nble_gatts_wr_reply_req
                0x40035988       0x14 C:\Users\Austen\AppData\Local\arduino15\packages\Intel\hardware\arc32\2.0.2\variants\arduino_101\libarc32drv_arduino101.a(rpc_serialize.o)
                0x40035988                nble_gatts_wr_reply_req
 .text.nble_gattc_read_req
                0x4003599c       0x14 C:\Users\Austen\AppData\Local\arduino15\packages\Intel\hardware\arc32\2.0.2\variants\arduino_101\libarc32drv_arduino101.a(rpc_serialize.o)
                0x4003599c                nble_gattc_read_req
 .text.rpc_serialize_p
                0x400359b0       0x44 C:\Users\Austen\AppData\Local\arduino15\packages\Intel\hardware\arc32\2.0.2\variants\arduino_101\libarc32drv_arduino101.a(rpc_serialize.o)
                0x400359b0                rpc_serialize_p
 .text.nble_gap_read_bda_req
                0x400359f4       0x14 C:\Users\Austen\AppData\Local\arduino15\packages\Intel\hardware\arc32\2.0.2\variants\arduino_101\libarc32drv_arduino101.a(rpc_serialize.o)
                0x400359f4                nble_gap_read_bda_req
 .text.nble_gap_stop_adv_req
                0x40035a08       0x14 C:\Users\Austen\AppData\Local\arduino15\packages\Intel\hardware\arc32\2.0.2\variants\arduino_101\libarc32drv_arduino101.a(rpc_serialize.o)
                0x40035a08                nble_gap_stop_adv_req
 .text.rpc_serialize_s_b
                0x40035a1c       0x68 C:\Users\Austen\AppData\Local\arduino15\packages\Intel\hardware\arc32\2.0.2\variants\arduino_101\libarc32drv_arduino101.a(rpc_serialize.o)
                0x40035a1c                rpc_serialize_s_b
 .text.nble_gatts_rd_reply_req
                0x40035a84       0x1c C:\Users\Austen\AppData\Local\arduino15\packages\Intel\hardware\arc32\2.0.2\variants\arduino_101\libarc32drv_arduino101.a(rpc_serialize.o)
                0x40035a84                nble_gatts_rd_reply_req
 .text.nble_gattc_write_req
                0x40035aa0       0x1c C:\Users\Austen\AppData\Local\arduino15\packages\Intel\hardware\arc32\2.0.2\variants\arduino_101\libarc32drv_arduino101.a(rpc_serialize.o)
                0x40035aa0                nble_gattc_write_req
 .text.nble_gattc_read_multiple_req
                0x40035abc       0x1c C:\Users\Austen\AppData\Local\arduino15\packages\Intel\hardware\arc32\2.0.2\variants\arduino_101\libarc32drv_arduino101.a(rpc_serialize.o)
                0x40035abc                nble_gattc_read_multiple_req
 .text.free_message_ipc
                0x40035ad8       0x18 C:\Users\Austen\AppData\Local\arduino15\packages\Intel\hardware\arc32\2.0.2\variants\arduino_101\libarc32drv_arduino101.a(cfw_platform.o)
 .text.send_message_ipc
                0x40035af0       0x18 C:\Users\Austen\AppData\Local\arduino15\packages\Intel\hardware\arc32\2.0.2\variants\arduino_101\libarc32drv_arduino101.a(cfw_platform.o)
 .text.ipc_mbx_isr
                0x40035b08       0x30 C:\Users\Austen\AppData\Local\arduino15\packages\Intel\hardware\arc32\2.0.2\variants\arduino_101\libarc32drv_arduino101.a(cfw_platform.o)
 .text.cfw_platform_init
                0x40035b38       0xa0 C:\Users\Austen\AppData\Local\arduino15\packages\Intel\hardware\arc32\2.0.2\variants\arduino_101\libarc32drv_arduino101.a(cfw_platform.o)
                0x40035b38                cfw_platform_init
 .text.notify_connected
                0x40035bd8       0x34 C:\Users\Austen\AppData\Local\arduino15\packages\Intel\hardware\arc32\2.0.2\variants\arduino_101\libarc32drv_arduino101.a(conn.o)
 .text.notify_le_param_updated
                0x40035c0c       0x3c C:\Users\Austen\AppData\Local\arduino15\packages\Intel\hardware\arc32\2.0.2\variants\arduino_101\libarc32drv_arduino101.a(conn.o)
                0x40035c0c                notify_le_param_updated
 .text.bt_conn_add_le
                0x40035c48       0x74 C:\Users\Austen\AppData\Local\arduino15\packages\Intel\hardware\arc32\2.0.2\variants\arduino_101\libarc32drv_arduino101.a(conn.o)
                0x40035c48                bt_conn_add_le
 .text.bt_conn_set_state
                0x40035cbc       0xbc C:\Users\Austen\AppData\Local\arduino15\packages\Intel\hardware\arc32\2.0.2\variants\arduino_101\libarc32drv_arduino101.a(conn.o)
                0x40035cbc                bt_conn_set_state
 .text.bt_conn_lookup_handle
                0x40035d78       0x60 C:\Users\Austen\AppData\Local\arduino15\packages\Intel\hardware\arc32\2.0.2\variants\arduino_101\libarc32drv_arduino101.a(conn.o)
                0x40035d78                bt_conn_lookup_handle
 .text.bt_conn_lookup_addr_le
                0x40035dd8       0x5c C:\Users\Austen\AppData\Local\arduino15\packages\Intel\hardware\arc32\2.0.2\variants\arduino_101\libarc32drv_arduino101.a(conn.o)
                0x40035dd8                bt_conn_lookup_addr_le
 .text.bt_conn_lookup_state_le
                0x40035e34       0x84 C:\Users\Austen\AppData\Local\arduino15\packages\Intel\hardware\arc32\2.0.2\variants\arduino_101\libarc32drv_arduino101.a(conn.o)
                0x40035e34                bt_conn_lookup_state_le
 .text.bt_conn_unref
                0x40035eb8       0x10 C:\Users\Austen\AppData\Local\arduino15\packages\Intel\hardware\arc32\2.0.2\variants\arduino_101\libarc32drv_arduino101.a(conn.o)
                0x40035eb8                bt_conn_unref
 .text.on_nble_gap_cancel_connect_rsp
                0x40035ec8       0x18 C:\Users\Austen\AppData\Local\arduino15\packages\Intel\hardware\arc32\2.0.2\variants\arduino_101\libarc32drv_arduino101.a(conn.o)
                0x40035ec8                on_nble_gap_cancel_connect_rsp
 .text.on_nble_gap_connect_rsp
                0x40035ee0       0x24 C:\Users\Austen\AppData\Local\arduino15\packages\Intel\hardware\arc32\2.0.2\variants\arduino_101\libarc32drv_arduino101.a(conn.o)
                0x40035ee0                on_nble_gap_connect_rsp
 .text.bt_conn_init
                0x40035f04       0x10 C:\Users\Austen\AppData\Local\arduino15\packages\Intel\hardware\arc32\2.0.2\variants\arduino_101\libarc32drv_arduino101.a(conn.o)
                0x40035f04                bt_conn_init
 .text.on_nble_gap_dtm_init_rsp
                0x40035f14        0xc C:\Users\Austen\AppData\Local\arduino15\packages\Intel\hardware\arc32\2.0.2\variants\arduino_101\libarc32drv_arduino101.a(dtm_tcmd.o)
                0x40035f14                on_nble_gap_dtm_init_rsp
 .text.bt_init  0x40035f20       0x40 C:\Users\Austen\AppData\Local\arduino15\packages\Intel\hardware\arc32\2.0.2\variants\arduino_101\libarc32drv_arduino101.a(gap.o)
 .text.set_advertise_disable
                0x40035f60       0x34 C:\Users\Austen\AppData\Local\arduino15\packages\Intel\hardware\arc32\2.0.2\variants\arduino_101\libarc32drv_arduino101.a(gap.o)
 .text.set_advertise_enable
                0x40035f94       0x24 C:\Users\Austen\AppData\Local\arduino15\packages\Intel\hardware\arc32\2.0.2\variants\arduino_101\libarc32drv_arduino101.a(gap.o)
 .text.on_nble_gap_start_advertise_rsp
                0x40035fb8       0x28 C:\Users\Austen\AppData\Local\arduino15\packages\Intel\hardware\arc32\2.0.2\variants\arduino_101\libarc32drv_arduino101.a(gap.o)
                0x40035fb8                on_nble_gap_start_advertise_rsp
 .text.on_nble_gap_disconnect_evt
                0x40035fe0       0x78 C:\Users\Austen\AppData\Local\arduino15\packages\Intel\hardware\arc32\2.0.2\variants\arduino_101\libarc32drv_arduino101.a(gap.o)
                0x40035fe0                on_nble_gap_disconnect_evt
 .text.on_nble_gap_connect_evt
                0x40036058       0xa4 C:\Users\Austen\AppData\Local\arduino15\packages\Intel\hardware\arc32\2.0.2\variants\arduino_101\libarc32drv_arduino101.a(gap.o)
                0x40036058                on_nble_gap_connect_evt
 .text.on_nble_gap_adv_report_evt
                0x400360fc       0x68 C:\Users\Austen\AppData\Local\arduino15\packages\Intel\hardware\arc32\2.0.2\variants\arduino_101\libarc32drv_arduino101.a(gap.o)
                0x400360fc                on_nble_gap_adv_report_evt
 .text.on_nble_gap_conn_update_evt
                0x40036164       0x54 C:\Users\Austen\AppData\Local\arduino15\packages\Intel\hardware\arc32\2.0.2\variants\arduino_101\libarc32drv_arduino101.a(gap.o)
                0x40036164                on_nble_gap_conn_update_evt
 .text.on_nble_gap_scan_start_stop_rsp
                0x400361b8       0x20 C:\Users\Austen\AppData\Local\arduino15\packages\Intel\hardware\arc32\2.0.2\variants\arduino_101\libarc32drv_arduino101.a(gap.o)
                0x400361b8                on_nble_gap_scan_start_stop_rsp
 .text.on_nble_up
                0x400361d8       0x48 C:\Users\Austen\AppData\Local\arduino15\packages\Intel\hardware\arc32\2.0.2\variants\arduino_101\libarc32drv_arduino101.a(gap.o)
                0x400361d8                on_nble_up
 .text.bt_enable
                0x40036220       0x3c C:\Users\Austen\AppData\Local\arduino15\packages\Intel\hardware\arc32\2.0.2\variants\arduino_101\libarc32drv_arduino101.a(gap.o)
                0x40036220                bt_enable
 .text.on_nble_gap_dir_adv_timeout_evt
                0x4003625c       0x5c C:\Users\Austen\AppData\Local\arduino15\packages\Intel\hardware\arc32\2.0.2\variants\arduino_101\libarc32drv_arduino101.a(gap.o)
                0x4003625c                on_nble_gap_dir_adv_timeout_evt
 .text.bt_le_adv_stop
                0x400362b8       0x38 C:\Users\Austen\AppData\Local\arduino15\packages\Intel\hardware\arc32\2.0.2\variants\arduino_101\libarc32drv_arduino101.a(gap.o)
                0x400362b8                bt_le_adv_stop
 .text.on_nble_uas_bucket_change
                0x400362f0        0xc C:\Users\Austen\AppData\Local\arduino15\packages\Intel\hardware\arc32\2.0.2\variants\arduino_101\libarc32drv_arduino101.a(gap.o)
                0x400362f0                on_nble_uas_bucket_change
 .text.on_nble_gap_set_rssi_report_rsp
                0x400362fc       0x18 C:\Users\Austen\AppData\Local\arduino15\packages\Intel\hardware\arc32\2.0.2\variants\arduino_101\libarc32drv_arduino101.a(gap.o)
                0x400362fc                on_nble_gap_set_rssi_report_rsp
 .text.on_nble_gap_rssi_evt
                0x40036314       0x20 C:\Users\Austen\AppData\Local\arduino15\packages\Intel\hardware\arc32\2.0.2\variants\arduino_101\libarc32drv_arduino101.a(gap.o)
                0x40036314                on_nble_gap_rssi_evt
 .text.on_nble_gap_tx_power_rsp
                0x40036334        0xc C:\Users\Austen\AppData\Local\arduino15\packages\Intel\hardware\arc32\2.0.2\variants\arduino_101\libarc32drv_arduino101.a(gap.o)
                0x40036334                on_nble_gap_tx_power_rsp
 .text.on_nble_get_version_rsp
                0x40036340       0x18 C:\Users\Austen\AppData\Local\arduino15\packages\Intel\hardware\arc32\2.0.2\variants\arduino_101\libarc32drv_arduino101.a(gap.o)
                0x40036340                on_nble_get_version_rsp
 .text.flush_all
                0x40036358       0x3c C:\Users\Austen\AppData\Local\arduino15\packages\Intel\hardware\arc32\2.0.2\variants\arduino_101\libarc32drv_arduino101.a(gatt.o)
 .text.att_write_ccc_rsp
                0x40036394       0x44 C:\Users\Austen\AppData\Local\arduino15\packages\Intel\hardware\arc32\2.0.2\variants\arduino_101\libarc32drv_arduino101.a(gatt.o)
 .text.gatt_ccc_changed
                0x400363d8       0x80 C:\Users\Austen\AppData\Local\arduino15\packages\Intel\hardware\arc32\2.0.2\variants\arduino_101\libarc32drv_arduino101.a(gatt.o)
 .text.disconnected_cb
                0x40036458       0x94 C:\Users\Austen\AppData\Local\arduino15\packages\Intel\hardware\arc32\2.0.2\variants\arduino_101\libarc32drv_arduino101.a(gatt.o)
 .text.connected_cb
                0x400364ec       0x60 C:\Users\Austen\AppData\Local\arduino15\packages\Intel\hardware\arc32\2.0.2\variants\arduino_101\libarc32drv_arduino101.a(gatt.o)
 .text.bt_gatt_attr_write_ccc
                0x4003654c       0xd8 C:\Users\Austen\AppData\Local\arduino15\packages\Intel\hardware\arc32\2.0.2\variants\arduino_101\libarc32drv_arduino101.a(gatt.o)
                0x4003654c                bt_gatt_attr_write_ccc
 .text.gatt_write_ccc
                0x40036624       0x64 C:\Users\Austen\AppData\Local\arduino15\packages\Intel\hardware\arc32\2.0.2\variants\arduino_101\libarc32drv_arduino101.a(gatt.o)
 .text.on_nble_gatt_register_rsp
                0x40036688       0x90 C:\Users\Austen\AppData\Local\arduino15\packages\Intel\hardware\arc32\2.0.2\variants\arduino_101\libarc32drv_arduino101.a(gatt.o)
                0x40036688                on_nble_gatt_register_rsp
 .text.bt_gatt_attr_read
                0x40036718       0x5c C:\Users\Austen\AppData\Local\arduino15\packages\Intel\hardware\arc32\2.0.2\variants\arduino_101\libarc32drv_arduino101.a(gatt.o)
                0x40036718                bt_gatt_attr_read
 .text.bt_gatt_attr_read_service
                0x40036774       0x68 C:\Users\Austen\AppData\Local\arduino15\packages\Intel\hardware\arc32\2.0.2\variants\arduino_101\libarc32drv_arduino101.a(gatt.o)
                0x40036774                bt_gatt_attr_read_service
 .text.bt_gatt_attr_read_included
                0x400367dc       0x74 C:\Users\Austen\AppData\Local\arduino15\packages\Intel\hardware\arc32\2.0.2\variants\arduino_101\libarc32drv_arduino101.a(gatt.o)
                0x400367dc                bt_gatt_attr_read_included
 .text.bt_gatt_attr_read_chrc
                0x40036850       0x74 C:\Users\Austen\AppData\Local\arduino15\packages\Intel\hardware\arc32\2.0.2\variants\arduino_101\libarc32drv_arduino101.a(gatt.o)
                0x40036850                bt_gatt_attr_read_chrc
 .text.bt_gatt_attr_next
                0x400368c4       0x68 C:\Users\Austen\AppData\Local\arduino15\packages\Intel\hardware\arc32\2.0.2\variants\arduino_101\libarc32drv_arduino101.a(gatt.o)
                0x400368c4                bt_gatt_attr_next
 .text.bt_gatt_foreach_attr
                0x4003692c       0x4c C:\Users\Austen\AppData\Local\arduino15\packages\Intel\hardware\arc32\2.0.2\variants\arduino_101\libarc32drv_arduino101.a(gatt.o)
                0x4003692c                bt_gatt_foreach_attr
 .text.on_nble_gatts_send_notif_rsp
                0x40036978       0x48 C:\Users\Austen\AppData\Local\arduino15\packages\Intel\hardware\arc32\2.0.2\variants\arduino_101\libarc32drv_arduino101.a(gatt.o)
                0x40036978                on_nble_gatts_send_notif_rsp
 .text.on_nble_gatts_send_ind_rsp
                0x400369c0       0x48 C:\Users\Austen\AppData\Local\arduino15\packages\Intel\hardware\arc32\2.0.2\variants\arduino_101\libarc32drv_arduino101.a(gatt.o)
                0x400369c0                on_nble_gatts_send_ind_rsp
 .text.on_nble_gatts_write_evt
                0x40036a08       0x98 C:\Users\Austen\AppData\Local\arduino15\packages\Intel\hardware\arc32\2.0.2\variants\arduino_101\libarc32drv_arduino101.a(gatt.o)
                0x40036a08                on_nble_gatts_write_evt
 .text.on_nble_gatts_write_exec_evt
                0x40036aa0       0x78 C:\Users\Austen\AppData\Local\arduino15\packages\Intel\hardware\arc32\2.0.2\variants\arduino_101\libarc32drv_arduino101.a(gatt.o)
                0x40036aa0                on_nble_gatts_write_exec_evt
 .text.on_nble_gatts_read_evt
                0x40036b18       0x98 C:\Users\Austen\AppData\Local\arduino15\packages\Intel\hardware\arc32\2.0.2\variants\arduino_101\libarc32drv_arduino101.a(gatt.o)
                0x40036b18                on_nble_gatts_read_evt
 .text.bt_gatt_discover
                0x40036bb0       0xc8 C:\Users\Austen\AppData\Local\arduino15\packages\Intel\hardware\arc32\2.0.2\variants\arduino_101\libarc32drv_arduino101.a(gatt.o)
                0x40036bb0                bt_gatt_discover
 .text.on_nble_gattc_discover_rsp
                0x40036c78      0x258 C:\Users\Austen\AppData\Local\arduino15\packages\Intel\hardware\arc32\2.0.2\variants\arduino_101\libarc32drv_arduino101.a(gatt.o)
                0x40036c78                on_nble_gattc_discover_rsp
 .text.on_nble_gattc_read_multiple_rsp
                0x40036ed0       0x68 C:\Users\Austen\AppData\Local\arduino15\packages\Intel\hardware\arc32\2.0.2\variants\arduino_101\libarc32drv_arduino101.a(gatt.o)
                0x40036ed0                on_nble_gattc_read_multiple_rsp
 .text.bt_gatt_read
                0x40036f38       0x70 C:\Users\Austen\AppData\Local\arduino15\packages\Intel\hardware\arc32\2.0.2\variants\arduino_101\libarc32drv_arduino101.a(gatt.o)
                0x40036f38                bt_gatt_read
 .text.on_nble_gattc_read_rsp
                0x40036fa8       0x80 C:\Users\Austen\AppData\Local\arduino15\packages\Intel\hardware\arc32\2.0.2\variants\arduino_101\libarc32drv_arduino101.a(gatt.o)
                0x40036fa8                on_nble_gattc_read_rsp
 .text.on_nble_gattc_write_rsp
                0x40037028       0x44 C:\Users\Austen\AppData\Local\arduino15\packages\Intel\hardware\arc32\2.0.2\variants\arduino_101\libarc32drv_arduino101.a(gatt.o)
                0x40037028                on_nble_gattc_write_rsp
 .text.bt_gatt_unsubscribe
                0x4003706c       0xbc C:\Users\Austen\AppData\Local\arduino15\packages\Intel\hardware\arc32\2.0.2\variants\arduino_101\libarc32drv_arduino101.a(gatt.o)
                0x4003706c                bt_gatt_unsubscribe
 .text.on_nble_gattc_value_evt
                0x40037128       0x78 C:\Users\Austen\AppData\Local\arduino15\packages\Intel\hardware\arc32\2.0.2\variants\arduino_101\libarc32drv_arduino101.a(gatt.o)
                0x40037128                on_nble_gattc_value_evt
 .text.bt_gatt_connected
                0x400371a0       0x70 C:\Users\Austen\AppData\Local\arduino15\packages\Intel\hardware\arc32\2.0.2\variants\arduino_101\libarc32drv_arduino101.a(gatt.o)
                0x400371a0                bt_gatt_connected
 .text.bt_gatt_disconnected
                0x40037210       0x78 C:\Users\Austen\AppData\Local\arduino15\packages\Intel\hardware\arc32\2.0.2\variants\arduino_101\libarc32drv_arduino101.a(gatt.o)
                0x40037210                bt_gatt_disconnected
 .text.bt_l2cap_connected
                0x40037288       0x18 C:\Users\Austen\AppData\Local\arduino15\packages\Intel\hardware\arc32\2.0.2\variants\arduino_101\libarc32drv_arduino101.a(l2cap.o)
                0x40037288                bt_l2cap_connected
 .text.bt_l2cap_disconnected
                0x400372a0       0x10 C:\Users\Austen\AppData\Local\arduino15\packages\Intel\hardware\arc32\2.0.2\variants\arduino_101\libarc32drv_arduino101.a(l2cap.o)
                0x400372a0                bt_l2cap_disconnected
 .text.on_nble_gap_sm_bond_info_rsp
                0x400372b0        0xc C:\Users\Austen\AppData\Local\arduino15\packages\Intel\hardware\arc32\2.0.2\variants\arduino_101\libarc32drv_arduino101.a(smp_null.o)
                0x400372b0                on_nble_gap_sm_bond_info_rsp
 .text.on_nble_gap_sm_passkey_req_evt
                0x400372bc        0xc C:\Users\Austen\AppData\Local\arduino15\packages\Intel\hardware\arc32\2.0.2\variants\arduino_101\libarc32drv_arduino101.a(smp_null.o)
                0x400372bc                on_nble_gap_sm_passkey_req_evt
 .text.on_nble_gap_sm_passkey_display_evt
                0x400372c8        0xc C:\Users\Austen\AppData\Local\arduino15\packages\Intel\hardware\arc32\2.0.2\variants\arduino_101\libarc32drv_arduino101.a(smp_null.o)
                0x400372c8                on_nble_gap_sm_passkey_display_evt
 .text.on_nble_gap_sm_status_evt
                0x400372d4       0x1c C:\Users\Austen\AppData\Local\arduino15\packages\Intel\hardware\arc32\2.0.2\variants\arduino_101\libarc32drv_arduino101.a(smp_null.o)
                0x400372d4                on_nble_gap_sm_status_evt
 .text.bt_smp_init
                0x400372f0       0x30 C:\Users\Austen\AppData\Local\arduino15\packages\Intel\hardware\arc32\2.0.2\variants\arduino_101\libarc32drv_arduino101.a(smp_null.o)
                0x400372f0                bt_smp_init
 .text.on_nble_gap_sm_config_rsp
                0x40037320       0x20 C:\Users\Austen\AppData\Local\arduino15\packages\Intel\hardware\arc32\2.0.2\variants\arduino_101\libarc32drv_arduino101.a(smp_null.o)
                0x40037320                on_nble_gap_sm_config_rsp
 .text.on_nble_gap_sm_common_rsp
                0x40037340       0x20 C:\Users\Austen\AppData\Local\arduino15\packages\Intel\hardware\arc32\2.0.2\variants\arduino_101\libarc32drv_arduino101.a(smp_null.o)
                0x40037340                on_nble_gap_sm_common_rsp
 .text.uuid_to_uuid128
                0x40037360       0x54 C:\Users\Austen\AppData\Local\arduino15\packages\Intel\hardware\arc32\2.0.2\variants\arduino_101\libarc32drv_arduino101.a(uuid.o)
 .text.bt_uuid_cmp
                0x400373b4       0x64 C:\Users\Austen\AppData\Local\arduino15\packages\Intel\hardware\arc32\2.0.2\variants\arduino_101\libarc32drv_arduino101.a(uuid.o)
                0x400373b4                bt_uuid_cmp
 .text.ble_client_disconnected
                0x40037418        0xc C:\Users\Austen\AppData\Local\arduino15\packages\Intel\hardware\arc32\2.0.2\variants\arduino_101\libarc32drv_arduino101.a(ble_service.o)
 .text.ble_bt_rdy
                0x40037424       0x54 C:\Users\Austen\AppData\Local\arduino15\packages\Intel\hardware\arc32\2.0.2\variants\arduino_101\libarc32drv_arduino101.a(ble_service.o)
                0x40037424                ble_bt_rdy
 .text.ble_set_bda_cb
                0x40037478       0x58 C:\Users\Austen\AppData\Local\arduino15\packages\Intel\hardware\arc32\2.0.2\variants\arduino_101\libarc32drv_arduino101.a(ble_service.o)
 .text.handle_msg_id_ble_rpc_callin
                0x400374d0       0x30 C:\Users\Austen\AppData\Local\arduino15\packages\Intel\hardware\arc32\2.0.2\variants\arduino_101\libarc32drv_arduino101.a(ble_service.o)
 .text.ble_client_connected
                0x40037500       0x28 C:\Users\Austen\AppData\Local\arduino15\packages\Intel\hardware\arc32\2.0.2\variants\arduino_101\libarc32drv_arduino101.a(ble_service.o)
 .text.ble_service_message_handler
                0x40037528      0x10c C:\Users\Austen\AppData\Local\arduino15\packages\Intel\hardware\arc32\2.0.2\variants\arduino_101\libarc32drv_arduino101.a(ble_service.o)
 .text.on_nble_gap_dbg_rsp
                0x40037634        0xc C:\Users\Austen\AppData\Local\arduino15\packages\Intel\hardware\arc32\2.0.2\variants\arduino_101\libarc32drv_arduino101.a(ble_service.o)
                0x40037634                on_nble_gap_dbg_rsp
 .text.on_nble_gap_read_bda_rsp
                0x40037640       0x3c C:\Users\Austen\AppData\Local\arduino15\packages\Intel\hardware\arc32\2.0.2\variants\arduino_101\libarc32drv_arduino101.a(ble_service.o)
                0x40037640                on_nble_gap_read_bda_rsp
 .text.on_nble_set_bda_rsp
                0x4003767c       0x1c C:\Users\Austen\AppData\Local\arduino15\packages\Intel\hardware\arc32\2.0.2\variants\arduino_101\libarc32drv_arduino101.a(ble_service.o)
                0x4003767c                on_nble_set_bda_rsp
 .text.ble_cfw_service_init
                0x40037698       0x58 C:\Users\Austen\AppData\Local\arduino15\packages\Intel\hardware\arc32\2.0.2\variants\arduino_101\libarc32drv_arduino101.a(ble_service.o)
                0x40037698                ble_cfw_service_init
 .text.nble_log
                0x400376f0       0x24 C:\Users\Austen\AppData\Local\arduino15\packages\Intel\hardware\arc32\2.0.2\variants\arduino_101\libarc32drv_arduino101.a(ble_service.o)
                0x400376f0                nble_log
 .text.on_nble_common_rsp
                0x40037714       0x20 C:\Users\Austen\AppData\Local\arduino15\packages\Intel\hardware\arc32\2.0.2\variants\arduino_101\libarc32drv_arduino101.a(ble_service.o)
                0x40037714                on_nble_common_rsp
 .text.uart_ipc_rpc_cback
                0x40037734       0xc8 C:\Users\Austen\AppData\Local\arduino15\packages\Intel\hardware\arc32\2.0.2\variants\arduino_101\libarc32drv_arduino101.a(nble_driver.o)
 .text.nble_wake_assert.isra.1
                0x400377fc       0x3c C:\Users\Austen\AppData\Local\arduino15\packages\Intel\hardware\arc32\2.0.2\variants\arduino_101\libarc32drv_arduino101.a(nble_driver.o)
 .text.nble_ipc_tx_wake_cb
                0x40037838       0x10 C:\Users\Austen\AppData\Local\arduino15\packages\Intel\hardware\arc32\2.0.2\variants\arduino_101\libarc32drv_arduino101.a(nble_driver.o)
 .text.on_nble_curie_log
                0x40037848       0x40 C:\Users\Austen\AppData\Local\arduino15\packages\Intel\hardware\arc32\2.0.2\variants\arduino_101\libarc32drv_arduino101.a(nble_driver.o)
                0x40037848                on_nble_curie_log
 .text.rpc_alloc_cb
                0x40037888       0x44 C:\Users\Austen\AppData\Local\arduino15\packages\Intel\hardware\arc32\2.0.2\variants\arduino_101\libarc32drv_arduino101.a(nble_driver.o)
                0x40037888                rpc_alloc_cb
 .text.rpc_transmit_cb
                0x400378cc       0x5c C:\Users\Austen\AppData\Local\arduino15\packages\Intel\hardware\arc32\2.0.2\variants\arduino_101\libarc32drv_arduino101.a(nble_driver.o)
                0x400378cc                rpc_transmit_cb
 .text.nble_driver_init
                0x40037928      0x110 C:\Users\Austen\AppData\Local\arduino15\packages\Intel\hardware\arc32\2.0.2\variants\arduino_101\libarc32drv_arduino101.a(nble_driver.o)
                0x40037928                nble_driver_init
 .text.nble_driver_configure
                0x40037a38       0x64 C:\Users\Austen\AppData\Local\arduino15\packages\Intel\hardware\arc32\2.0.2\variants\arduino_101\libarc32drv_arduino101.a(nble_driver.o)
                0x40037a38                nble_driver_configure
 .text.on_nble_curie_init
                0x40037a9c       0x10 C:\Users\Austen\AppData\Local\arduino15\packages\Intel\hardware\arc32\2.0.2\variants\arduino_101\libarc32drv_arduino101.a(nble_driver.o)
                0x40037a9c                on_nble_curie_init
 .text.cfw_alloc_message
                0x40037aac       0x10 C:\Users\Austen\AppData\Local\arduino15\packages\Intel\hardware\arc32\2.0.2\variants\arduino_101\libarc32drv_arduino101.a(client_api.o)
                0x40037aac                cfw_alloc_message
 .text.cfw_register_service
                0x40037abc       0x48 C:\Users\Austen\AppData\Local\arduino15\packages\Intel\hardware\arc32\2.0.2\variants\arduino_101\libarc32drv_arduino101.a(service_api.o)
                0x40037abc                cfw_register_service
 .text.cfw_alloc_rsp_msg
                0x40037b04       0x50 C:\Users\Austen\AppData\Local\arduino15\packages\Intel\hardware\arc32\2.0.2\variants\arduino_101\libarc32drv_arduino101.a(service_api.o)
                0x40037b04                cfw_alloc_rsp_msg
 .text._cfw_send_message
                0x40037b54       0x10 C:\Users\Austen\AppData\Local\arduino15\packages\Intel\hardware\arc32\2.0.2\variants\arduino_101\libarc32drv_arduino101.a(service_api.o)
                0x40037b54                _cfw_send_message
 .text.cfw_msg_free
                0x40037b64       0x10 C:\Users\Austen\AppData\Local\arduino15\packages\Intel\hardware\arc32\2.0.2\variants\arduino_101\libarc32drv_arduino101.a(service_api.o)
                0x40037b64                cfw_msg_free
 .text.send_service_avail_evt
                0x40037b74       0x7c C:\Users\Austen\AppData\Local\arduino15\packages\Intel\hardware\arc32\2.0.2\variants\arduino_101\libarc32drv_arduino101.a(service_manager.o)
 .text.notify_service_avail_cb
                0x40037bf0       0x38 C:\Users\Austen\AppData\Local\arduino15\packages\Intel\hardware\arc32\2.0.2\variants\arduino_101\libarc32drv_arduino101.a(service_manager.o)
                0x40037bf0                notify_service_avail_cb
 .text.add_service_avail_listener
                0x40037c28       0x64 C:\Users\Austen\AppData\Local\arduino15\packages\Intel\hardware\arc32\2.0.2\variants\arduino_101\libarc32drv_arduino101.a(service_manager.o)
                0x40037c28                add_service_avail_listener
 .text.notify_service_avail
                0x40037c8c       0x2c C:\Users\Austen\AppData\Local\arduino15\packages\Intel\hardware\arc32\2.0.2\variants\arduino_101\libarc32drv_arduino101.a(service_manager.o)
                0x40037c8c                notify_service_avail
 .text.get_event_registered_list
                0x40037cb8       0x28 C:\Users\Austen\AppData\Local\arduino15\packages\Intel\hardware\arc32\2.0.2\variants\arduino_101\libarc32drv_arduino101.a(service_manager.o)
                0x40037cb8                get_event_registered_list
 .text._cfw_register_event
                0x40037ce0       0x5c C:\Users\Austen\AppData\Local\arduino15\packages\Intel\hardware\arc32\2.0.2\variants\arduino_101\libarc32drv_arduino101.a(service_manager.o)
                0x40037ce0                _cfw_register_event
 .text._find_service
                0x40037d3c       0x30 C:\Users\Austen\AppData\Local\arduino15\packages\Intel\hardware\arc32\2.0.2\variants\arduino_101\libarc32drv_arduino101.a(service_manager.o)
                0x40037d3c                _find_service
 .text.cfw_get_service
                0x40037d6c       0x28 C:\Users\Austen\AppData\Local\arduino15\packages\Intel\hardware\arc32\2.0.2\variants\arduino_101\libarc32drv_arduino101.a(service_manager.o)
                0x40037d6c                cfw_get_service
 .text.internal_handle_message
                0x40037d94      0x230 C:\Users\Austen\AppData\Local\arduino15\packages\Intel\hardware\arc32\2.0.2\variants\arduino_101\libarc32drv_arduino101.a(service_manager.o)
                0x40037d94                internal_handle_message
 .text.cfw_get_service_mgr_port_id
                0x40037fc4       0x14 C:\Users\Austen\AppData\Local\arduino15\packages\Intel\hardware\arc32\2.0.2\variants\arduino_101\libarc32drv_arduino101.a(service_manager.o)
                0x40037fc4                cfw_get_service_mgr_port_id
 .text._cfw_init
                0x40037fd8       0x34 C:\Users\Austen\AppData\Local\arduino15\packages\Intel\hardware\arc32\2.0.2\variants\arduino_101\libarc32drv_arduino101.a(service_manager.o)
                0x40037fd8                _cfw_init
 .text._add_service
                0x4003800c       0x4c C:\Users\Austen\AppData\Local\arduino15\packages\Intel\hardware\arc32\2.0.2\variants\arduino_101\libarc32drv_arduino101.a(service_manager.o)
                0x4003800c                _add_service
 .text._cfw_register_service
                0x40038058       0x80 C:\Users\Austen\AppData\Local\arduino15\packages\Intel\hardware\arc32\2.0.2\variants\arduino_101\libarc32drv_arduino101.a(service_manager.o)
                0x40038058                _cfw_register_service
 .text.handle_ipc_sync_request
                0x400380d8       0x7c C:\Users\Austen\AppData\Local\arduino15\packages\Intel\hardware\arc32\2.0.2\variants\arduino_101\libarc32drv_arduino101.a(service_manager.o)
                0x400380d8                handle_ipc_sync_request
 .text.ipc_init
                0x40038154       0x48 C:\Users\Austen\AppData\Local\arduino15\packages\Intel\hardware\arc32\2.0.2\variants\arduino_101\libarc32drv_arduino101.a(ipc.o)
                0x40038154                ipc_init
 .text.ipc_handle_message
                0x4003819c       0xc0 C:\Users\Austen\AppData\Local\arduino15\packages\Intel\hardware\arc32\2.0.2\variants\arduino_101\libarc32drv_arduino101.a(ipc.o)
                0x4003819c                ipc_handle_message
 .text.ipc_request_sync_int
                0x4003825c      0x180 C:\Users\Austen\AppData\Local\arduino15\packages\Intel\hardware\arc32\2.0.2\variants\arduino_101\libarc32drv_arduino101.a(ipc.o)
                0x4003825c                ipc_request_sync_int
 .text.ipc_sync_callback
                0x400383dc       0x54 C:\Users\Austen\AppData\Local\arduino15\packages\Intel\hardware\arc32\2.0.2\variants\arduino_101\libarc32drv_arduino101.a(ipc_callback.o)
                0x400383dc                ipc_sync_callback
 .text.log_vprintk
                0x40038430       0x48 C:\Users\Austen\AppData\Local\arduino15\packages\Intel\hardware\arc32\2.0.2\variants\arduino_101\libarc32drv_arduino101.a(log.o)
                0x40038430                log_vprintk
 .text.log_printk
                0x40038478       0x38 C:\Users\Austen\AppData\Local\arduino15\packages\Intel\hardware\arc32\2.0.2\variants\arduino_101\libarc32drv_arduino101.a(log.o)
                0x40038478                log_printk
 .text.log_write_msg
                0x400384b0       0x1c C:\Users\Austen\AppData\Local\arduino15\packages\Intel\hardware\arc32\2.0.2\variants\arduino_101\libarc32drv_arduino101.a(log_impl_printk.o)
                0x400384b0                log_write_msg
 .text.get_port
                0x400384cc       0x3c C:\Users\Austen\AppData\Local\arduino15\packages\Intel\hardware\arc32\2.0.2\variants\arduino_101\libarc32drv_arduino101.a(port.o)
 .text.get_cpu_id
                0x40038508       0x14 C:\Users\Austen\AppData\Local\arduino15\packages\Intel\hardware\arc32\2.0.2\variants\arduino_101\libarc32drv_arduino101.a(port.o)
                0x40038508                get_cpu_id
 .text.port_get_port_table
                0x4003851c       0x14 C:\Users\Austen\AppData\Local\arduino15\packages\Intel\hardware\arc32\2.0.2\variants\arduino_101\libarc32drv_arduino101.a(port.o)
                0x4003851c                port_get_port_table
 .text.port_alloc
                0x40038530       0x64 C:\Users\Austen\AppData\Local\arduino15\packages\Intel\hardware\arc32\2.0.2\variants\arduino_101\libarc32drv_arduino101.a(port.o)
                0x40038530                port_alloc
 .text.port_set_handler
                0x40038594       0x28 C:\Users\Austen\AppData\Local\arduino15\packages\Intel\hardware\arc32\2.0.2\variants\arduino_101\libarc32drv_arduino101.a(port.o)
                0x40038594                port_set_handler
 .text.message_alloc
                0x400385bc       0x38 C:\Users\Austen\AppData\Local\arduino15\packages\Intel\hardware\arc32\2.0.2\variants\arduino_101\libarc32drv_arduino101.a(port.o)
                0x400385bc                message_alloc
 .text.port_process_message
                0x400385f4       0x40 C:\Users\Austen\AppData\Local\arduino15\packages\Intel\hardware\arc32\2.0.2\variants\arduino_101\libarc32drv_arduino101.a(port.o)
                0x400385f4                port_process_message
 .text.port_set_cpu_id
                0x40038634       0x28 C:\Users\Austen\AppData\Local\arduino15\packages\Intel\hardware\arc32\2.0.2\variants\arduino_101\libarc32drv_arduino101.a(port.o)
                0x40038634                port_set_cpu_id
 .text.port_get_cpu_id
                0x4003865c       0x20 C:\Users\Austen\AppData\Local\arduino15\packages\Intel\hardware\arc32\2.0.2\variants\arduino_101\libarc32drv_arduino101.a(port.o)
                0x4003865c                port_get_cpu_id
 .text.set_cpu_id
                0x4003867c       0x14 C:\Users\Austen\AppData\Local\arduino15\packages\Intel\hardware\arc32\2.0.2\variants\arduino_101\libarc32drv_arduino101.a(port.o)
                0x4003867c                set_cpu_id
 .text.set_cpu_message_sender
                0x40038690       0x18 C:\Users\Austen\AppData\Local\arduino15\packages\Intel\hardware\arc32\2.0.2\variants\arduino_101\libarc32drv_arduino101.a(port.o)
                0x40038690                set_cpu_message_sender
 .text.set_cpu_free_handler
                0x400386a8       0x18 C:\Users\Austen\AppData\Local\arduino15\packages\Intel\hardware\arc32\2.0.2\variants\arduino_101\libarc32drv_arduino101.a(port.o)
                0x400386a8                set_cpu_free_handler
 .text.port_send_message
                0x400386c0       0x94 C:\Users\Austen\AppData\Local\arduino15\packages\Intel\hardware\arc32\2.0.2\variants\arduino_101\libarc32drv_arduino101.a(port.o)
                0x400386c0                port_send_message
 .text.message_free
                0x40038754       0x88 C:\Users\Austen\AppData\Local\arduino15\packages\Intel\hardware\arc32\2.0.2\variants\arduino_101\libarc32drv_arduino101.a(port.o)
                0x40038754                message_free
 .text.queue_process_message
                0x400387dc       0x40 C:\Users\Austen\AppData\Local\arduino15\packages\Intel\hardware\arc32\2.0.2\variants\arduino_101\libarc32drv_arduino101.a(port.o)
                0x400387dc                queue_process_message
 .text.get_uptime_32k
                0x4003881c       0x14 C:\Users\Austen\AppData\Local\arduino15\packages\Intel\hardware\arc32\2.0.2\variants\arduino_101\libarc32drv_arduino101.a(uptime.o)
                0x4003881c                get_uptime_32k
 .text.get_uptime_ms
                0x40038830       0x28 C:\Users\Austen\AppData\Local\arduino15\packages\Intel\hardware\arc32\2.0.2\variants\arduino_101\libarc32drv_arduino101.a(uptime.o)
                0x40038830                get_uptime_ms
 .text.list_init
                0x40038858       0x14 C:\Users\Austen\AppData\Local\arduino15\packages\Intel\hardware\arc32\2.0.2\variants\arduino_101\libarc32drv_arduino101.a(list.o)
                0x40038858                list_init
 .text.list_add
                0x4003886c       0x28 C:\Users\Austen\AppData\Local\arduino15\packages\Intel\hardware\arc32\2.0.2\variants\arduino_101\libarc32drv_arduino101.a(list.o)
                0x4003886c                list_add
 .text.list_foreach_del
                0x40038894       0x60 C:\Users\Austen\AppData\Local\arduino15\packages\Intel\hardware\arc32\2.0.2\variants\arduino_101\libarc32drv_arduino101.a(list.o)
                0x40038894                list_foreach_del
 .text.list_get
                0x400388f4       0x24 C:\Users\Austen\AppData\Local\arduino15\packages\Intel\hardware\arc32\2.0.2\variants\arduino_101\libarc32drv_arduino101.a(list.o)
                0x400388f4                list_get
 .text.os_abstraction_init_malloc
                0x40038918       0x44 C:\Users\Austen\AppData\Local\arduino15\packages\Intel\hardware\arc32\2.0.2\variants\arduino_101\libarc32drv_arduino101.a(balloc.o)
                0x40038918                os_abstraction_init_malloc
 .text.balloc   0x4003895c       0xfc C:\Users\Austen\AppData\Local\arduino15\packages\Intel\hardware\arc32\2.0.2\variants\arduino_101\libarc32drv_arduino101.a(balloc.o)
                0x4003895c                balloc
 .text.bfree    0x40038a58       0xa8 C:\Users\Austen\AppData\Local\arduino15\packages\Intel\hardware\arc32\2.0.2\variants\arduino_101\libarc32drv_arduino101.a(balloc.o)
                0x40038a58                bfree
 .text.queue_get_message
                0x40038b00       0x28 C:\Users\Austen\AppData\Local\arduino15\packages\Intel\hardware\arc32\2.0.2\variants\arduino_101\libarc32drv_arduino101.a(os.o)
                0x40038b00                queue_get_message
 .text.queue_send_message
                0x40038b28       0x24 C:\Users\Austen\AppData\Local\arduino15\packages\Intel\hardware\arc32\2.0.2\variants\arduino_101\libarc32drv_arduino101.a(os.o)
                0x40038b28                queue_send_message
 .text.queue_create
                0x40038b4c       0x54 C:\Users\Austen\AppData\Local\arduino15\packages\Intel\hardware\arc32\2.0.2\variants\arduino_101\libarc32drv_arduino101.a(os.o)
                0x40038b4c                queue_create
 .text.mutex_create
                0x40038ba0       0x10 C:\Users\Austen\AppData\Local\arduino15\packages\Intel\hardware\arc32\2.0.2\variants\arduino_101\libarc32drv_arduino101.a(os.o)
                0x40038ba0                mutex_create
 .text.mutex_unlock
                0x40038bb0        0xc C:\Users\Austen\AppData\Local\arduino15\packages\Intel\hardware\arc32\2.0.2\variants\arduino_101\libarc32drv_arduino101.a(os.o)
                0x40038bb0                mutex_unlock
 .text.mutex_lock
                0x40038bbc       0x10 C:\Users\Austen\AppData\Local\arduino15\packages\Intel\hardware\arc32\2.0.2\variants\arduino_101\libarc32drv_arduino101.a(os.o)
                0x40038bbc                mutex_lock
 .text.panic    0x40038bcc       0x10 C:\Users\Austen\AppData\Local\arduino15\packages\Intel\hardware\arc32\2.0.2\variants\arduino_101\libarc32drv_arduino101.a(panic.o)
                0x40038bcc                panic
 .text.__assert_fail
                0x40038bdc       0x10 C:\Users\Austen\AppData\Local\arduino15\packages\Intel\hardware\arc32\2.0.2\variants\arduino_101\libarc32drv_arduino101.a(panic.o)
                0x40038bdc                __assert_fail
 .text._Fault   0x40038bec       0x50 C:\Users\Austen\AppData\Local\arduino15\packages\Intel\hardware\arc32\2.0.2\variants\arduino_101\libarc32drv_arduino101.a(panic.o)
                0x40038bec                _Fault
 .text.__assert_func
                0x40038c3c       0x74 c:/users/austen/appdata/local/arduino15/packages/intel/tools/arc-elf32/1.6.9+1.0.1/bin/../lib/gcc/arc-elf32/4.8.5/../../../../arc-elf32/lib\libc.a(lib_a-assert.o)
                0x40038c3c                __assert_func
 .text.fiprintf
                0x40038cb0       0x68 c:/users/austen/appdata/local/arduino15/packages/intel/tools/arc-elf32/1.6.9+1.0.1/bin/../lib/gcc/arc-elf32/4.8.5/../../../../arc-elf32/lib\libc.a(lib_a-fiprintf.o)
                0x40038cb0                fiprintf
 .text.__sprint_r
                0x40038d18       0xf4 c:/users/austen/appdata/local/arduino15/packages/intel/tools/arc-elf32/1.6.9+1.0.1/bin/../lib/gcc/arc-elf32/4.8.5/../../../../arc-elf32/lib\libc.a(lib_a-vfiprintf.o)
                0x40038d18                __sprint_r
 .text.__sbprintf
                0x40038e0c       0xfc c:/users/austen/appdata/local/arduino15/packages/intel/tools/arc-elf32/1.6.9+1.0.1/bin/../lib/gcc/arc-elf32/4.8.5/../../../../arc-elf32/lib\libc.a(lib_a-vfiprintf.o)
 .text._vfiprintf_r
                0x40038f08      0xdf0 c:/users/austen/appdata/local/arduino15/packages/intel/tools/arc-elf32/1.6.9+1.0.1/bin/../lib/gcc/arc-elf32/4.8.5/../../../../arc-elf32/lib\libc.a(lib_a-vfiprintf.o)
                0x40038f08                _vfiprintf_r
 .text.__swsetup_r
                0x40039cf8      0x134 c:/users/austen/appdata/local/arduino15/packages/intel/tools/arc-elf32/1.6.9+1.0.1/bin/../lib/gcc/arc-elf32/4.8.5/../../../../arc-elf32/lib\libc.a(lib_a-wsetup.o)
                0x40039cf8                __swsetup_r
 .text.abort    0x40039e2c       0x14 c:/users/austen/appdata/local/arduino15/packages/intel/tools/arc-elf32/1.6.9+1.0.1/bin/../lib/gcc/arc-elf32/4.8.5/../../../../arc-elf32/lib\libc.a(lib_a-abort.o)
                0x40039e2c                abort
 .text.__sflush_r
                0x40039e40      0x23c c:/users/austen/appdata/local/arduino15/packages/intel/tools/arc-elf32/1.6.9+1.0.1/bin/../lib/gcc/arc-elf32/4.8.5/../../../../arc-elf32/lib\libc.a(lib_a-fflush.o)
                0x40039e40                __sflush_r
 .text._fflush_r
                0x4003a07c       0x70 c:/users/austen/appdata/local/arduino15/packages/intel/tools/arc-elf32/1.6.9+1.0.1/bin/../lib/gcc/arc-elf32/4.8.5/../../../../arc-elf32/lib\libc.a(lib_a-fflush.o)
                0x4003a07c                _fflush_r
 .text.std      0x4003a0ec       0xc0 c:/users/austen/appdata/local/arduino15/packages/intel/tools/arc-elf32/1.6.9+1.0.1/bin/../lib/gcc/arc-elf32/4.8.5/../../../../arc-elf32/lib\libc.a(lib_a-findfp.o)
 .text._cleanup_r
                0x4003a1ac       0x30 c:/users/austen/appdata/local/arduino15/packages/intel/tools/arc-elf32/1.6.9+1.0.1/bin/../lib/gcc/arc-elf32/4.8.5/../../../../arc-elf32/lib\libc.a(lib_a-findfp.o)
                0x4003a1ac                _cleanup_r
 .text.__sinit  0x4003a1dc       0xa8 c:/users/austen/appdata/local/arduino15/packages/intel/tools/arc-elf32/1.6.9+1.0.1/bin/../lib/gcc/arc-elf32/4.8.5/../../../../arc-elf32/lib\libc.a(lib_a-findfp.o)
                0x4003a1dc                __sinit
 .text.__sfp_lock_acquire
                0x4003a284        0xc c:/users/austen/appdata/local/arduino15/packages/intel/tools/arc-elf32/1.6.9+1.0.1/bin/../lib/gcc/arc-elf32/4.8.5/../../../../arc-elf32/lib\libc.a(lib_a-findfp.o)
                0x4003a284                __sfp_lock_acquire
 .text.__sfp_lock_release
                0x4003a290        0xc c:/users/austen/appdata/local/arduino15/packages/intel/tools/arc-elf32/1.6.9+1.0.1/bin/../lib/gcc/arc-elf32/4.8.5/../../../../arc-elf32/lib\libc.a(lib_a-findfp.o)
                0x4003a290                __sfp_lock_release
 .text.__sinit_lock_acquire
                0x4003a29c        0xc c:/users/austen/appdata/local/arduino15/packages/intel/tools/arc-elf32/1.6.9+1.0.1/bin/../lib/gcc/arc-elf32/4.8.5/../../../../arc-elf32/lib\libc.a(lib_a-findfp.o)
                0x4003a29c                __sinit_lock_acquire
 .text.__sinit_lock_release
                0x4003a2a8        0xc c:/users/austen/appdata/local/arduino15/packages/intel/tools/arc-elf32/1.6.9+1.0.1/bin/../lib/gcc/arc-elf32/4.8.5/../../../../arc-elf32/lib\libc.a(lib_a-findfp.o)
                0x4003a2a8                __sinit_lock_release
 .text.__fputwc
                0x4003a2b4      0x190 c:/users/austen/appdata/local/arduino15/packages/intel/tools/arc-elf32/1.6.9+1.0.1/bin/../lib/gcc/arc-elf32/4.8.5/../../../../arc-elf32/lib\libc.a(lib_a-fputwc.o)
                0x4003a2b4                __fputwc
 .text._fputwc_r
                0x4003a444       0x84 c:/users/austen/appdata/local/arduino15/packages/intel/tools/arc-elf32/1.6.9+1.0.1/bin/../lib/gcc/arc-elf32/4.8.5/../../../../arc-elf32/lib\libc.a(lib_a-fputwc.o)
                0x4003a444                _fputwc_r
 .text._free_r  0x4003a4c8      0x43c c:/users/austen/appdata/local/arduino15/packages/intel/tools/arc-elf32/1.6.9+1.0.1/bin/../lib/gcc/arc-elf32/4.8.5/../../../../arc-elf32/lib\libc.a(lib_a-freer.o)
                0x4003a4c8                _free_r
 .text._malloc_trim_r
                0x4003a904      0x164 c:/users/austen/appdata/local/arduino15/packages/intel/tools/arc-elf32/1.6.9+1.0.1/bin/../lib/gcc/arc-elf32/4.8.5/../../../../arc-elf32/lib\libc.a(lib_a-freer.o)
                0x4003a904                _malloc_trim_r
 .text.__sfvwrite_r
                0x4003aa68      0x450 c:/users/austen/appdata/local/arduino15/packages/intel/tools/arc-elf32/1.6.9+1.0.1/bin/../lib/gcc/arc-elf32/4.8.5/../../../../arc-elf32/lib\libc.a(lib_a-fvwrite.o)
                0x4003aa68                __sfvwrite_r
 .text._fwalk_reent
                0x4003aeb8       0x88 c:/users/austen/appdata/local/arduino15/packages/intel/tools/arc-elf32/1.6.9+1.0.1/bin/../lib/gcc/arc-elf32/4.8.5/../../../../arc-elf32/lib\libc.a(lib_a-fwalk.o)
                0x4003aeb8                _fwalk_reent
 .text.__locale_charset
                0x4003af40       0x14 c:/users/austen/appdata/local/arduino15/packages/intel/tools/arc-elf32/1.6.9+1.0.1/bin/../lib/gcc/arc-elf32/4.8.5/../../../../arc-elf32/lib\libc.a(lib_a-locale.o)
                0x4003af40                __locale_charset
 .text.__locale_mb_cur_max
                0x4003af54       0x18 c:/users/austen/appdata/local/arduino15/packages/intel/tools/arc-elf32/1.6.9+1.0.1/bin/../lib/gcc/arc-elf32/4.8.5/../../../../arc-elf32/lib\libc.a(lib_a-locale.o)
                0x4003af54                __locale_mb_cur_max
 .text._localeconv_r
                0x4003af6c       0x1c c:/users/austen/appdata/local/arduino15/packages/intel/tools/arc-elf32/1.6.9+1.0.1/bin/../lib/gcc/arc-elf32/4.8.5/../../../../arc-elf32/lib\libc.a(lib_a-locale.o)
                0x4003af6c                _localeconv_r
 .text.__smakebuf_r
                0x4003af88      0x154 c:/users/austen/appdata/local/arduino15/packages/intel/tools/arc-elf32/1.6.9+1.0.1/bin/../lib/gcc/arc-elf32/4.8.5/../../../../arc-elf32/lib\libc.a(lib_a-makebuf.o)
                0x4003af88                __smakebuf_r
 .text.malloc_extend_top
                0x4003b0dc      0x2f8 c:/users/austen/appdata/local/arduino15/packages/intel/tools/arc-elf32/1.6.9+1.0.1/bin/../lib/gcc/arc-elf32/4.8.5/../../../../arc-elf32/lib\libc.a(lib_a-mallocr.o)
 .text._malloc_r
                0x4003b3d4      0x8d4 c:/users/austen/appdata/local/arduino15/packages/intel/tools/arc-elf32/1.6.9+1.0.1/bin/../lib/gcc/arc-elf32/4.8.5/../../../../arc-elf32/lib\libc.a(lib_a-mallocr.o)
                0x4003b3d4                _malloc_r
 .text.memchr   0x4003bca8      0x170 c:/users/austen/appdata/local/arduino15/packages/intel/tools/arc-elf32/1.6.9+1.0.1/bin/../lib/gcc/arc-elf32/4.8.5/../../../../arc-elf32/lib\libc.a(lib_a-memchr.o)
                0x4003bca8                memchr
 .text.memmove  0x4003be18      0x1c0 c:/users/austen/appdata/local/arduino15/packages/intel/tools/arc-elf32/1.6.9+1.0.1/bin/../lib/gcc/arc-elf32/4.8.5/../../../../arc-elf32/lib\libc.a(lib_a-memmove.o)
                0x4003be18                memmove
 .text.__malloc_lock
                0x4003bfd8       0x14 c:/users/austen/appdata/local/arduino15/packages/intel/tools/arc-elf32/1.6.9+1.0.1/bin/../lib/gcc/arc-elf32/4.8.5/../../../../arc-elf32/lib\libc.a(lib_a-mlock.o)
                0x4003bfd8                __malloc_lock
 .text.__malloc_unlock
                0x4003bfec       0x14 c:/users/austen/appdata/local/arduino15/packages/intel/tools/arc-elf32/1.6.9+1.0.1/bin/../lib/gcc/arc-elf32/4.8.5/../../../../arc-elf32/lib\libc.a(lib_a-mlock.o)
                0x4003bfec                __malloc_unlock
 .text._realloc_r
                0x4003c000      0x9e8 c:/users/austen/appdata/local/arduino15/packages/intel/tools/arc-elf32/1.6.9+1.0.1/bin/../lib/gcc/arc-elf32/4.8.5/../../../../arc-elf32/lib\libc.a(lib_a-reallocr.o)
                0x4003c000                _realloc_r
 .text._sbrk_r  0x4003c9e8       0x5c c:/users/austen/appdata/local/arduino15/packages/intel/tools/arc-elf32/1.6.9+1.0.1/bin/../lib/gcc/arc-elf32/4.8.5/../../../../arc-elf32/lib\libc.a(lib_a-sbrkr.o)
                0x4003c9e8                _sbrk_r
 .text._raise_r
                0x4003ca44       0xcc c:/users/austen/appdata/local/arduino15/packages/intel/tools/arc-elf32/1.6.9+1.0.1/bin/../lib/gcc/arc-elf32/4.8.5/../../../../arc-elf32/lib\libc.a(lib_a-signal.o)
                0x4003ca44                _raise_r
 .text.raise    0x4003cb10       0x30 c:/users/austen/appdata/local/arduino15/packages/intel/tools/arc-elf32/1.6.9+1.0.1/bin/../lib/gcc/arc-elf32/4.8.5/../../../../arc-elf32/lib\libc.a(lib_a-signal.o)
                0x4003cb10                raise
 .text._kill_r  0x4003cb40       0x64 c:/users/austen/appdata/local/arduino15/packages/intel/tools/arc-elf32/1.6.9+1.0.1/bin/../lib/gcc/arc-elf32/4.8.5/../../../../arc-elf32/lib\libc.a(lib_a-signalr.o)
                0x4003cb40                _kill_r
 .text._getpid_r
                0x4003cba4       0x28 c:/users/austen/appdata/local/arduino15/packages/intel/tools/arc-elf32/1.6.9+1.0.1/bin/../lib/gcc/arc-elf32/4.8.5/../../../../arc-elf32/lib\libc.a(lib_a-signalr.o)
                0x4003cba4                _getpid_r
 .text.__sread  0x4003cbcc       0x68 c:/users/austen/appdata/local/arduino15/packages/intel/tools/arc-elf32/1.6.9+1.0.1/bin/../lib/gcc/arc-elf32/4.8.5/../../../../arc-elf32/lib\libc.a(lib_a-stdio.o)
                0x4003cbcc                __sread
 .text.__swrite
                0x4003cc34       0x74 c:/users/austen/appdata/local/arduino15/packages/intel/tools/arc-elf32/1.6.9+1.0.1/bin/../lib/gcc/arc-elf32/4.8.5/../../../../arc-elf32/lib\libc.a(lib_a-stdio.o)
                0x4003cc34                __swrite
 .text.__sseek  0x4003cca8       0x68 c:/users/austen/appdata/local/arduino15/packages/intel/tools/arc-elf32/1.6.9+1.0.1/bin/../lib/gcc/arc-elf32/4.8.5/../../../../arc-elf32/lib\libc.a(lib_a-stdio.o)
                0x4003cca8                __sseek
 .text.__sclose
                0x4003cd10       0x38 c:/users/austen/appdata/local/arduino15/packages/intel/tools/arc-elf32/1.6.9+1.0.1/bin/../lib/gcc/arc-elf32/4.8.5/../../../../arc-elf32/lib\libc.a(lib_a-stdio.o)
                0x4003cd10                __sclose
 .text.__swbuf_r
                0x4003cd48      0x100 c:/users/austen/appdata/local/arduino15/packages/intel/tools/arc-elf32/1.6.9+1.0.1/bin/../lib/gcc/arc-elf32/4.8.5/../../../../arc-elf32/lib\libc.a(lib_a-wbuf.o)
                0x4003cd48                __swbuf_r
 .text._wcrtomb_r
                0x4003ce48       0xac c:/users/austen/appdata/local/arduino15/packages/intel/tools/arc-elf32/1.6.9+1.0.1/bin/../lib/gcc/arc-elf32/4.8.5/../../../../arc-elf32/lib\libc.a(lib_a-wcrtomb.o)
                0x4003ce48                _wcrtomb_r
 .text.__ascii_wctomb
                0x4003cef4       0x60 c:/users/austen/appdata/local/arduino15/packages/intel/tools/arc-elf32/1.6.9+1.0.1/bin/../lib/gcc/arc-elf32/4.8.5/../../../../arc-elf32/lib\libc.a(lib_a-wctomb_r.o)
                0x4003cef4                __ascii_wctomb
 .text._write_r
                0x4003cf54       0x6c c:/users/austen/appdata/local/arduino15/packages/intel/tools/arc-elf32/1.6.9+1.0.1/bin/../lib/gcc/arc-elf32/4.8.5/../../../../arc-elf32/lib\libc.a(lib_a-writer.o)
                0x4003cf54                _write_r
 .text._close_r
                0x4003cfc0       0x5c c:/users/austen/appdata/local/arduino15/packages/intel/tools/arc-elf32/1.6.9+1.0.1/bin/../lib/gcc/arc-elf32/4.8.5/../../../../arc-elf32/lib\libc.a(lib_a-closer.o)
                0x4003cfc0                _close_r
 .text._fclose_r
                0x4003d01c       0xf8 c:/users/austen/appdata/local/arduino15/packages/intel/tools/arc-elf32/1.6.9+1.0.1/bin/../lib/gcc/arc-elf32/4.8.5/../../../../arc-elf32/lib\libc.a(lib_a-fclose.o)
                0x4003d01c                _fclose_r
 .text._fstat_r
                0x4003d114       0x64 c:/users/austen/appdata/local/arduino15/packages/intel/tools/arc-elf32/1.6.9+1.0.1/bin/../lib/gcc/arc-elf32/4.8.5/../../../../arc-elf32/lib\libc.a(lib_a-fstatr.o)
                0x4003d114                _fstat_r
 .text._isatty_r
                0x4003d178       0x5c c:/users/austen/appdata/local/arduino15/packages/intel/tools/arc-elf32/1.6.9+1.0.1/bin/../lib/gcc/arc-elf32/4.8.5/../../../../arc-elf32/lib\libc.a(lib_a-isattyr.o)
                0x4003d178                _isatty_r
 .text._lseek_r
                0x4003d1d4       0x6c c:/users/austen/appdata/local/arduino15/packages/intel/tools/arc-elf32/1.6.9+1.0.1/bin/../lib/gcc/arc-elf32/4.8.5/../../../../arc-elf32/lib\libc.a(lib_a-lseekr.o)
                0x4003d1d4                _lseek_r
 .text._read_r  0x4003d240       0x6c c:/users/austen/appdata/local/arduino15/packages/intel/tools/arc-elf32/1.6.9+1.0.1/bin/../lib/gcc/arc-elf32/4.8.5/../../../../arc-elf32/lib\libc.a(lib_a-readr.o)
                0x4003d240                _read_r
 .text.__udivdi3
                0x4003d2ac      0x378 c:/users/austen/appdata/local/arduino15/packages/intel/tools/arc-elf32/1.6.9+1.0.1/bin/../lib/gcc/arc-elf32/4.8.5\libgcc.a(_udivdi3.o)
                0x4003d2ac                __udivdi3
 .text.__umoddi3
                0x4003d624      0x33c c:/users/austen/appdata/local/arduino15/packages/intel/tools/arc-elf32/1.6.9+1.0.1/bin/../lib/gcc/arc-elf32/4.8.5\libgcc.a(_umoddi3.o)
                0x4003d624                __umoddi3
 .text._Z16gasConcentrationmmm
                0x4003d960       0x8c C:\Users\Austen\AppData\Local\Temp\VMBuilds\Ozone\Intel_intel_arc32_arduino_101\Debug\Ozone.cpp.o
                0x4003d960                gasConcentration(unsigned long, unsigned long, unsigned long)
 .text.loop     0x4003d9ec       0x20 C:\Users\Austen\AppData\Local\Temp\VMBuilds\Ozone\Intel_intel_arc32_arduino_101\Debug\Ozone.cpp.o
                0x4003d9ec                loop
 .text.setup    0x4003da0c       0x48 C:\Users\Austen\AppData\Local\Temp\VMBuilds\Ozone\Intel_intel_arc32_arduino_101\Debug\Ozone.cpp.o
                0x4003da0c                setup
 .text._Z11serialEventv
                0x4003da54        0xc C:\Users\Austen\AppData\Local\Temp\VMBuilds\Ozone\Intel_intel_arc32_arduino_101\Debug\variant\variant.cpp.o
                0x4003da54                serialEvent()
 .text._Z12UART_Handlerv
                0x4003da60       0x14 C:\Users\Austen\AppData\Local\Temp\VMBuilds\Ozone\Intel_intel_arc32_arduino_101\Debug\variant\variant.cpp.o
                0x4003da60                UART_Handler()
 .text._Z12serialEvent1v
                0x4003da74        0xc C:\Users\Austen\AppData\Local\Temp\VMBuilds\Ozone\Intel_intel_arc32_arduino_101\Debug\variant\variant.cpp.o
                0x4003da74                serialEvent1()
 .text.variantGpioInit
                0x4003da80      0x104 C:\Users\Austen\AppData\Local\Temp\VMBuilds\Ozone\Intel_intel_arc32_arduino_101\Debug\variant\variant.cpp.o
                0x4003da80                variantGpioInit
 .text.variantPwmInit
                0x4003db84       0x3c C:\Users\Austen\AppData\Local\Temp\VMBuilds\Ozone\Intel_intel_arc32_arduino_101\Debug\variant\variant.cpp.o
                0x4003db84                variantPwmInit
 .text.variantAdcInit
                0x4003dbc0       0xa8 C:\Users\Austen\AppData\Local\Temp\VMBuilds\Ozone\Intel_intel_arc32_arduino_101\Debug\variant\variant.cpp.o
                0x4003dbc0                variantAdcInit
 .text.initVariant
                0x4003dc68       0x4c C:\Users\Austen\AppData\Local\Temp\VMBuilds\Ozone\Intel_intel_arc32_arduino_101\Debug\variant\variant.cpp.o
                0x4003dc68                initVariant
 .text._GLOBAL__sub_I_g_APinDescription
                0x4003dcb4       0x5c C:\Users\Austen\AppData\Local\Temp\VMBuilds\Ozone\Intel_intel_arc32_arduino_101\Debug\variant\variant.cpp.o
 .text._Z14serialEventRunv
                0x4003dd10       0x38 C:\Users\Austen\AppData\Local\Temp\VMBuilds\Ozone\Intel_intel_arc32_arduino_101\Debug\variant\variant.cpp.o
                0x4003dd10                serialEventRun()
 .text.delay    0x4003dd48       0xc4 C:\Users\Austen\AppData\Local\Temp\VMBuilds\Ozone\Intel_intel_arc32_arduino_101\Debug/core.a(wiring.c.o)
                0x4003dd48                delay
 .text.analogRead
                0x4003de0c      0x104 C:\Users\Austen\AppData\Local\Temp\VMBuilds\Ozone\Intel_intel_arc32_arduino_101\Debug/core.a(wiring_analog.c.o)
                0x4003de0c                analogRead
 .text.pinMode  0x4003df10       0xfc C:\Users\Austen\AppData\Local\Temp\VMBuilds\Ozone\Intel_intel_arc32_arduino_101\Debug/core.a(wiring_digital.c.o)
                0x4003df10                pinMode
 .text.dccm_malloc
                0x4003e00c       0x30 C:\Users\Austen\AppData\Local\Temp\VMBuilds\Ozone\Intel_intel_arc32_arduino_101\Debug/core.a(dccm_alloc.c.o)
                0x4003e00c                dccm_malloc
 .text.dccm_memalign
                0x4003e03c       0x38 C:\Users\Austen\AppData\Local\Temp\VMBuilds\Ozone\Intel_intel_arc32_arduino_101\Debug/core.a(dccm_alloc.c.o)
                0x4003e03c                dccm_memalign
 .text._ZN14CDCSerialClass3endEv
                0x4003e074       0x14 C:\Users\Austen\AppData\Local\Temp\VMBuilds\Ozone\Intel_intel_arc32_arduino_101\Debug/core.a(CDCSerialClass.cpp.o)
                0x4003e074                CDCSerialClass::end()
 .text._ZN14CDCSerialClass4peekEv
                0x4003e088       0x28 C:\Users\Austen\AppData\Local\Temp\VMBuilds\Ozone\Intel_intel_arc32_arduino_101\Debug/core.a(CDCSerialClass.cpp.o)
                0x4003e088                CDCSerialClass::peek()
 .text._ZN14CDCSerialClass4readEv
                0x4003e0b0       0x48 C:\Users\Austen\AppData\Local\Temp\VMBuilds\Ozone\Intel_intel_arc32_arduino_101\Debug/core.a(CDCSerialClass.cpp.o)
                0x4003e0b0                CDCSerialClass::read()
 .text._ZN14CDCSerialClasscvbEv
                0x4003e0f8       0x30 C:\Users\Austen\AppData\Local\Temp\VMBuilds\Ozone\Intel_intel_arc32_arduino_101\Debug/core.a(CDCSerialClass.cpp.o)
                0x4003e0f8                CDCSerialClass::operator bool()
 .text._ZN14CDCSerialClass5flushEv
                0x4003e128       0x2c C:\Users\Austen\AppData\Local\Temp\VMBuilds\Ozone\Intel_intel_arc32_arduino_101\Debug/core.a(CDCSerialClass.cpp.o)
                0x4003e128                CDCSerialClass::flush()
 .text._ZN14CDCSerialClass9availableEv
                0x4003e154       0x40 C:\Users\Austen\AppData\Local\Temp\VMBuilds\Ozone\Intel_intel_arc32_arduino_101\Debug/core.a(CDCSerialClass.cpp.o)
                0x4003e154                CDCSerialClass::available()
 .text._ZN14CDCSerialClass5writeEh
                0x4003e194       0x4c C:\Users\Austen\AppData\Local\Temp\VMBuilds\Ozone\Intel_intel_arc32_arduino_101\Debug/core.a(CDCSerialClass.cpp.o)
                0x4003e194                CDCSerialClass::write(unsigned char)
 .text._ZN14CDCSerialClassC2EP14uart_init_info
                0x4003e1e0       0x20 C:\Users\Austen\AppData\Local\Temp\VMBuilds\Ozone\Intel_intel_arc32_arduino_101\Debug/core.a(CDCSerialClass.cpp.o)
                0x4003e1e0                CDCSerialClass::CDCSerialClass(uart_init_info*)
                0x4003e1e0                CDCSerialClass::CDCSerialClass(uart_init_info*)
 .text._ZN14CDCSerialClass13setSharedDataEP19cdc_acm_shared_data
                0x4003e200       0x18 C:\Users\Austen\AppData\Local\Temp\VMBuilds\Ozone\Intel_intel_arc32_arduino_101\Debug/core.a(CDCSerialClass.cpp.o)
                0x4003e200                CDCSerialClass::setSharedData(cdc_acm_shared_data*)
 .text._ZN14CDCSerialClass4initEmh
                0x4003e218       0x28 C:\Users\Austen\AppData\Local\Temp\VMBuilds\Ozone\Intel_intel_arc32_arduino_101\Debug/core.a(CDCSerialClass.cpp.o)
                0x4003e218                CDCSerialClass::init(unsigned long, unsigned char)
 .text._ZN14CDCSerialClass5beginEm
                0x4003e240       0x10 C:\Users\Austen\AppData\Local\Temp\VMBuilds\Ozone\Intel_intel_arc32_arduino_101\Debug/core.a(CDCSerialClass.cpp.o)
                0x4003e240                CDCSerialClass::begin(unsigned long)
 .text.main     0x4003e250       0x28 C:\Users\Austen\AppData\Local\Temp\VMBuilds\Ozone\Intel_intel_arc32_arduino_101\Debug/core.a(main.cpp.o)
                0x4003e250                main
 .text._ZN5Print5writeEPKhj
                0x4003e278       0x38 C:\Users\Austen\AppData\Local\Temp\VMBuilds\Ozone\Intel_intel_arc32_arduino_101\Debug/core.a(Print.cpp.o)
                0x4003e278                Print::write(unsigned char const*, unsigned int)
 .text._ZN5Print5writeEPKc
                0x4003e2b0       0x44 C:\Users\Austen\AppData\Local\Temp\VMBuilds\Ozone\Intel_intel_arc32_arduino_101\Debug/core.a(Print.cpp.o)
                0x4003e2b0                Print::write(char const*)
 .text._ZN5Print5printEPKc
                0x4003e2f4       0x10 C:\Users\Austen\AppData\Local\Temp\VMBuilds\Ozone\Intel_intel_arc32_arduino_101\Debug/core.a(Print.cpp.o)
                0x4003e2f4                Print::print(char const*)
 .text._ZN5Print5printEc
                0x4003e304       0x14 C:\Users\Austen\AppData\Local\Temp\VMBuilds\Ozone\Intel_intel_arc32_arduino_101\Debug/core.a(Print.cpp.o)
                0x4003e304                Print::print(char)
 .text._ZN5Print7printlnEv
                0x4003e318       0x2c C:\Users\Austen\AppData\Local\Temp\VMBuilds\Ozone\Intel_intel_arc32_arduino_101\Debug/core.a(Print.cpp.o)
                0x4003e318                Print::println()
 .text._ZN5Print7printlnEPKc
                0x4003e344       0x28 C:\Users\Austen\AppData\Local\Temp\VMBuilds\Ozone\Intel_intel_arc32_arduino_101\Debug/core.a(Print.cpp.o)
                0x4003e344                Print::println(char const*)
 .text.printk   0x4003e36c        0xc C:\Users\Austen\AppData\Local\Temp\VMBuilds\Ozone\Intel_intel_arc32_arduino_101\Debug/core.a(printk.cpp.o)
                0x4003e36c                printk
 .text._ZN10RingBufferC2Ev
                0x4003e378       0x34 C:\Users\Austen\AppData\Local\Temp\VMBuilds\Ozone\Intel_intel_arc32_arduino_101\Debug/core.a(RingBuffer.cpp.o)
                0x4003e378                RingBuffer::RingBuffer()
                0x4003e378                RingBuffer::RingBuffer()
 .text._ZN10RingBuffer10store_charEh
                0x4003e3ac       0x2c C:\Users\Austen\AppData\Local\Temp\VMBuilds\Ozone\Intel_intel_arc32_arduino_101\Debug/core.a(RingBuffer.cpp.o)
                0x4003e3ac                RingBuffer::store_char(unsigned char)
 .text._ZN9UARTClasscvbEv
                0x4003e3d8       0x10 C:\Users\Austen\AppData\Local\Temp\VMBuilds\Ozone\Intel_intel_arc32_arduino_101\Debug/core.a(UARTClass.cpp.o)
                0x4003e3d8                UARTClass::operator bool()
 .text._ZN9UARTClass9availableEv
                0x4003e3e8       0x18 C:\Users\Austen\AppData\Local\Temp\VMBuilds\Ozone\Intel_intel_arc32_arduino_101\Debug/core.a(UARTClass.cpp.o)
                0x4003e3e8                UARTClass::available()
 .text._ZN9UARTClass4peekEv
                0x4003e400       0x24 C:\Users\Austen\AppData\Local\Temp\VMBuilds\Ozone\Intel_intel_arc32_arduino_101\Debug/core.a(UARTClass.cpp.o)
                0x4003e400                UARTClass::peek()
 .text._ZN9UARTClass4readEv
                0x4003e424       0x2c C:\Users\Austen\AppData\Local\Temp\VMBuilds\Ozone\Intel_intel_arc32_arduino_101\Debug/core.a(UARTClass.cpp.o)
                0x4003e424                UARTClass::read()
 .text._ZN9UARTClass3endEv
                0x4003e450       0x7c C:\Users\Austen\AppData\Local\Temp\VMBuilds\Ozone\Intel_intel_arc32_arduino_101\Debug/core.a(UARTClass.cpp.o)
                0x4003e450                UARTClass::end()
 .text._ZN9UARTClass5flushEv
                0x4003e4cc       0x24 C:\Users\Austen\AppData\Local\Temp\VMBuilds\Ozone\Intel_intel_arc32_arduino_101\Debug/core.a(UARTClass.cpp.o)
                0x4003e4cc                UARTClass::flush()
 .text._ZN9UARTClass5writeEh
                0x4003e4f0       0x68 C:\Users\Austen\AppData\Local\Temp\VMBuilds\Ozone\Intel_intel_arc32_arduino_101\Debug/core.a(UARTClass.cpp.o)
                0x4003e4f0                UARTClass::write(unsigned char)
 .text._ZN9UARTClassC2EP14uart_init_infoP10RingBufferS3_
                0x4003e558       0x24 C:\Users\Austen\AppData\Local\Temp\VMBuilds\Ozone\Intel_intel_arc32_arduino_101\Debug/core.a(UARTClass.cpp.o)
                0x4003e558                UARTClass::UARTClass(uart_init_info*, RingBuffer*, RingBuffer*)
                0x4003e558                UARTClass::UARTClass(uart_init_info*, RingBuffer*, RingBuffer*)
 .text._ZN9UARTClass4initEmh
                0x4003e57c       0xb8 C:\Users\Austen\AppData\Local\Temp\VMBuilds\Ozone\Intel_intel_arc32_arduino_101\Debug/core.a(UARTClass.cpp.o)
                0x4003e57c                UARTClass::init(unsigned long, unsigned char)
 .text._ZN9UARTClass5beginEmh
                0x4003e634       0x28 C:\Users\Austen\AppData\Local\Temp\VMBuilds\Ozone\Intel_intel_arc32_arduino_101\Debug/core.a(UARTClass.cpp.o)
                0x4003e634                UARTClass::begin(unsigned long, unsigned char)
 .text._ZN9UARTClass5beginEm
                0x4003e65c       0x10 C:\Users\Austen\AppData\Local\Temp\VMBuilds\Ozone\Intel_intel_arc32_arduino_101\Debug/core.a(UARTClass.cpp.o)
                0x4003e65c                UARTClass::begin(unsigned long)
 .text._ZN9UARTClass10IrqHandlerEv
                0x4003e66c       0xb8 C:\Users\Austen\AppData\Local\Temp\VMBuilds\Ozone\Intel_intel_arc32_arduino_101\Debug/core.a(UARTClass.cpp.o)
                0x4003e66c                UARTClass::IrqHandler()
 .text.__empty  0x4003e724        0xc C:\Users\Austen\AppData\Local\Temp\VMBuilds\Ozone\Intel_intel_arc32_arduino_101\Debug/core.a(hooks.c.o)
                0x4003e724                yield
 .text._read    0x4003e730       0x50 c:/users/austen/appdata/local/arduino15/packages/intel/tools/arc-elf32/1.6.9+1.0.1/bin/../lib/gcc/arc-elf32/4.8.5/../../../../arc-elf32/lib\libnsim.a(nsim-syscalls.o)
                0x4003e730                _read
 .text._write   0x4003e780       0x50 c:/users/austen/appdata/local/arduino15/packages/intel/tools/arc-elf32/1.6.9+1.0.1/bin/../lib/gcc/arc-elf32/4.8.5/../../../../arc-elf32/lib\libnsim.a(nsim-syscalls.o)
                0x4003e780                _write
 .text._lseek   0x4003e7d0       0x50 c:/users/austen/appdata/local/arduino15/packages/intel/tools/arc-elf32/1.6.9+1.0.1/bin/../lib/gcc/arc-elf32/4.8.5/../../../../arc-elf32/lib\libnsim.a(nsim-syscalls.o)
                0x4003e7d0                _lseek
 .text._close   0x4003e820       0x44 c:/users/austen/appdata/local/arduino15/packages/intel/tools/arc-elf32/1.6.9+1.0.1/bin/../lib/gcc/arc-elf32/4.8.5/../../../../arc-elf32/lib\libnsim.a(nsim-syscalls.o)
                0x4003e820                _close
 .text._exit    0x4003e864        0x8 c:/users/austen/appdata/local/arduino15/packages/intel/tools/arc-elf32/1.6.9+1.0.1/bin/../lib/gcc/arc-elf32/4.8.5/../../../../arc-elf32/lib\libnsim.a(nsim-syscalls.o)
                0x4003e864                _exit
 .text._isatty  0x4003e86c       0x4c c:/users/austen/appdata/local/arduino15/packages/intel/tools/arc-elf32/1.6.9+1.0.1/bin/../lib/gcc/arc-elf32/4.8.5/../../../../arc-elf32/lib\libnsim.a(nsim-syscalls.o)
                0x4003e86c                _isatty
 .text._getpid  0x4003e8b8        0x4 c:/users/austen/appdata/local/arduino15/packages/intel/tools/arc-elf32/1.6.9+1.0.1/bin/../lib/gcc/arc-elf32/4.8.5/../../../../arc-elf32/lib\libnsim.a(nsim-syscalls.o)
                0x4003e8b8                _getpid
 .text._kill    0x4003e8bc       0x18 c:/users/austen/appdata/local/arduino15/packages/intel/tools/arc-elf32/1.6.9+1.0.1/bin/../lib/gcc/arc-elf32/4.8.5/../../../../arc-elf32/lib\libnsim.a(nsim-syscalls.o)
                0x4003e8bc                _kill
 .text._fstat   0x4003e8d4       0x94 c:/users/austen/appdata/local/arduino15/packages/intel/tools/arc-elf32/1.6.9+1.0.1/bin/../lib/gcc/arc-elf32/4.8.5/../../../../arc-elf32/lib\libnsim.a(nsim-syscalls.o)
                0x4003e8d4                _fstat
 .text._sbrk    0x4003e968       0x48 c:/users/austen/appdata/local/arduino15/packages/intel/tools/arc-elf32/1.6.9+1.0.1/bin/../lib/gcc/arc-elf32/4.8.5/../../../../arc-elf32/lib\libnsim.a(sbrk.o)
                0x4003e968                _sbrk
 .text.__errno  0x4003e9b0       0x18 c:/users/austen/appdata/local/arduino15/packages/intel/tools/arc-elf32/1.6.9+1.0.1/bin/../lib/gcc/arc-elf32/4.8.5/../../../../arc-elf32/lib\libc.a(lib_a-errno.o)
                0x4003e9b0                __errno
 .text.malloc   0x4003e9c8       0x30 c:/users/austen/appdata/local/arduino15/packages/intel/tools/arc-elf32/1.6.9+1.0.1/bin/../lib/gcc/arc-elf32/4.8.5/../../../../arc-elf32/lib\libc.a(lib_a-malloc.o)
                0x4003e9c8                malloc
 .text.free     0x4003e9f8       0x2c c:/users/austen/appdata/local/arduino15/packages/intel/tools/arc-elf32/1.6.9+1.0.1/bin/../lib/gcc/arc-elf32/4.8.5/../../../../arc-elf32/lib\libc.a(lib_a-malloc.o)
                0x4003e9f8                free
 .text.__fpclassifyd
                0x4003ea24       0xe8 c:/users/austen/appdata/local/arduino15/packages/intel/tools/arc-elf32/1.6.9+1.0.1/bin/../lib/gcc/arc-elf32/4.8.5/../../../../arc-elf32/lib\libc.a(lib_a-s_fpclassify.o)
                0x4003ea24                __fpclassifyd
 .text.sprintf  0x4003eb0c       0xa0 c:/users/austen/appdata/local/arduino15/packages/intel/tools/arc-elf32/1.6.9+1.0.1/bin/../lib/gcc/arc-elf32/4.8.5/../../../../arc-elf32/lib\libc.a(lib_a-sprintf.o)
                0x4003eb0c                sprintf
 .text._svfprintf_r
                0x4003ebac     0x18d8 c:/users/austen/appdata/local/arduino15/packages/intel/tools/arc-elf32/1.6.9+1.0.1/bin/../lib/gcc/arc-elf32/4.8.5/../../../../arc-elf32/lib\libc.a(lib_a-svfprintf.o)
                0x4003ebac                _svfprintf_r
 .text.cvt      0x40040484      0x1ac c:/users/austen/appdata/local/arduino15/packages/intel/tools/arc-elf32/1.6.9+1.0.1/bin/../lib/gcc/arc-elf32/4.8.5/../../../../arc-elf32/lib\libc.a(lib_a-svfprintf.o)
 .text.exponent
                0x40040630      0x150 c:/users/austen/appdata/local/arduino15/packages/intel/tools/arc-elf32/1.6.9+1.0.1/bin/../lib/gcc/arc-elf32/4.8.5/../../../../arc-elf32/lib\libc.a(lib_a-svfprintf.o)
 .text.fstat    0x40040780       0x38 c:/users/austen/appdata/local/arduino15/packages/intel/tools/arc-elf32/1.6.9+1.0.1/bin/../lib/gcc/arc-elf32/4.8.5/../../../../arc-elf32/lib\libc.a(lib_a-sysfstat.o)
                0x40040780                fstat
 .text.quorem   0x400407b8      0x2f8 c:/users/austen/appdata/local/arduino15/packages/intel/tools/arc-elf32/1.6.9+1.0.1/bin/../lib/gcc/arc-elf32/4.8.5/../../../../arc-elf32/lib\libc.a(lib_a-dtoa.o)
 .text._dtoa_r  0x40040ab0     0x1738 c:/users/austen/appdata/local/arduino15/packages/intel/tools/arc-elf32/1.6.9+1.0.1/bin/../lib/gcc/arc-elf32/4.8.5/../../../../arc-elf32/lib\libc.a(lib_a-dtoa.o)
                0x40040ab0                _dtoa_r