Archive member included to satisfy reference by file (symbol)

C:\Users\Austen\AppData\Local\arduino15\packages\Intel\hardware\arc32\2.0.2\variants\arduino_101\libarc32drv_arduino101.a(c_init.o)
                              (--whole-archive)
C:\Users\Austen\AppData\Local\arduino15\packages\Intel\hardware\arc32\2.0.2\variants\arduino_101\libarc32drv_arduino101.a(interrupt.o)
                              (--whole-archive)
C:\Users\Austen\AppData\Local\arduino15\packages\Intel\hardware\arc32\2.0.2\variants\arduino_101\libarc32drv_arduino101.a(version.o)
                              (--whole-archive)
C:\Users\Austen\AppData\Local\arduino15\packages\Intel\hardware\arc32\2.0.2\variants\arduino_101\libarc32drv_arduino101.a(arcv2_timer0.o)
                              (--whole-archive)
C:\Users\Austen\AppData\Local\arduino15\packages\Intel\hardware\arc32\2.0.2\variants\arduino_101\libarc32drv_arduino101.a(atomic_native.o)
                              (--whole-archive)
C:\Users\Austen\AppData\Local\arduino15\packages\Intel\hardware\arc32\2.0.2\variants\arduino_101\libarc32drv_arduino101.a(clk_system.o)
                              (--whole-archive)
C:\Users\Austen\AppData\Local\arduino15\packages\Intel\hardware\arc32\2.0.2\variants\arduino_101\libarc32drv_arduino101.a(intel_qrk_i2c.o)
                              (--whole-archive)
C:\Users\Austen\AppData\Local\arduino15\packages\Intel\hardware\arc32\2.0.2\variants\arduino_101\libarc32drv_arduino101.a(ipc_uart_ns16550.o)
                              (--whole-archive)
C:\Users\Austen\AppData\Local\arduino15\packages\Intel\hardware\arc32\2.0.2\variants\arduino_101\libarc32drv_arduino101.a(ns16550.o)
                              (--whole-archive)
C:\Users\Austen\AppData\Local\arduino15\packages\Intel\hardware\arc32\2.0.2\variants\arduino_101\libarc32drv_arduino101.a(soc_dma.o)
                              (--whole-archive)
C:\Users\Austen\AppData\Local\arduino15\packages\Intel\hardware\arc32\2.0.2\variants\arduino_101\libarc32drv_arduino101.a(soc_gpio.o)
                              (--whole-archive)
C:\Users\Austen\AppData\Local\arduino15\packages\Intel\hardware\arc32\2.0.2\variants\arduino_101\libarc32drv_arduino101.a(soc_i2s.o)
                              (--whole-archive)
C:\Users\Austen\AppData\Local\arduino15\packages\Intel\hardware\arc32\2.0.2\variants\arduino_101\libarc32drv_arduino101.a(ss_dw_i2c.o)
                              (--whole-archive)
C:\Users\Austen\AppData\Local\arduino15\packages\Intel\hardware\arc32\2.0.2\variants\arduino_101\libarc32drv_arduino101.a(ss_gpio_iface.o)
                              (--whole-archive)
C:\Users\Austen\AppData\Local\arduino15\packages\Intel\hardware\arc32\2.0.2\variants\arduino_101\libarc32drv_arduino101.a(ss_i2c_iface.o)
                              (--whole-archive)
C:\Users\Austen\AppData\Local\arduino15\packages\Intel\hardware\arc32\2.0.2\variants\arduino_101\libarc32drv_arduino101.a(ss_spi.o)
                              (--whole-archive)
C:\Users\Austen\AppData\Local\arduino15\packages\Intel\hardware\arc32\2.0.2\variants\arduino_101\libarc32drv_arduino101.a(rpc_deserialize.o)
                              (--whole-archive)
C:\Users\Austen\AppData\Local\arduino15\packages\Intel\hardware\arc32\2.0.2\variants\arduino_101\libarc32drv_arduino101.a(rpc_serialize.o)
                              (--whole-archive)
C:\Users\Austen\AppData\Local\arduino15\packages\Intel\hardware\arc32\2.0.2\variants\arduino_101\libarc32drv_arduino101.a(cfw_platform.o)
                              (--whole-archive)
C:\Users\Austen\AppData\Local\arduino15\packages\Intel\hardware\arc32\2.0.2\variants\arduino_101\libarc32drv_arduino101.a(conn.o)
                              (--whole-archive)
C:\Users\Austen\AppData\Local\arduino15\packages\Intel\hardware\arc32\2.0.2\variants\arduino_101\libarc32drv_arduino101.a(dtm_tcmd.o)
                              (--whole-archive)
C:\Users\Austen\AppData\Local\arduino15\packages\Intel\hardware\arc32\2.0.2\variants\arduino_101\libarc32drv_arduino101.a(gap.o)
                              (--whole-archive)
C:\Users\Austen\AppData\Local\arduino15\packages\Intel\hardware\arc32\2.0.2\variants\arduino_101\libarc32drv_arduino101.a(gatt.o)
                              (--whole-archive)
C:\Users\Austen\AppData\Local\arduino15\packages\Intel\hardware\arc32\2.0.2\variants\arduino_101\libarc32drv_arduino101.a(l2cap.o)
                              (--whole-archive)
C:\Users\Austen\AppData\Local\arduino15\packages\Intel\hardware\arc32\2.0.2\variants\arduino_101\libarc32drv_arduino101.a(smp_null.o)
                              (--whole-archive)
C:\Users\Austen\AppData\Local\arduino15\packages\Intel\hardware\arc32\2.0.2\variants\arduino_101\libarc32drv_arduino101.a(uuid.o)
                              (--whole-archive)
C:\Users\Austen\AppData\Local\arduino15\packages\Intel\hardware\arc32\2.0.2\variants\arduino_101\libarc32drv_arduino101.a(ble_service_api.o)
[...]
Memory Configuration

Name             Origin             Length             Attributes
FLASH            0x40034000         0x00026000         xr
SRAM             0xa800e000         0x00006000         xw
DCCM             0x80000000         0x00002000         xw
*default*        0x00000000         0xffffffff

Linker script and memory map

LOAD C:\Users\Austen\AppData\Local\arduino15\packages\Intel\hardware\arc32\2.0.2\variants\arduino_101\libarc32drv_arduino101.a
START GROUP
LOAD C:\Users\Austen\AppData\Local\arduino15\packages\Intel\hardware\arc32\2.0.2\variants\arduino_101\libarc32drv_arduino101.a
LOAD c:/users/austen/appdata/local/arduino15/packages/intel/tools/arc-elf32/1.6.9+1.0.1/bin/../lib/gcc/arc-elf32/4.8.5/../../../../arc-elf32/lib\libnsim.a
LOAD c:/users/austen/appdata/local/arduino15/packages/intel/tools/arc-elf32/1.6.9+1.0.1/bin/../lib/gcc/arc-elf32/4.8.5/../../../../arc-elf32/lib\libc.a
LOAD c:/users/austen/appdata/local/arduino15/packages/intel/tools/arc-elf32/1.6.9+1.0.1/bin/../lib/gcc/arc-elf32/4.8.5/../../../../arc-elf32/lib\libm.a
LOAD c:/users/austen/appdata/local/arduino15/packages/intel/tools/arc-elf32/1.6.9+1.0.1/bin/../lib/gcc/arc-elf32/4.8.5\libgcc.a
LOAD C:\Users\Austen\AppData\Local\Temp\VMBuilds\Wildfire\Intel_intel_arc32_arduino_101\Debug\Wildfire.cpp.o
LOAD C:\Users\Austen\AppData\Local\Temp\VMBuilds\Wildfire\Intel_intel_arc32_arduino_101\Debug\CurieSoftwareSerial\SoftwareSerial.cpp.o
LOAD C:\Users\Austen\AppData\Local\Temp\VMBuilds\Wildfire\Intel_intel_arc32_arduino_101\Debug\DHT_sensor_library\DHT.cpp.o
LOAD C:\Users\Austen\AppData\Local\Temp\VMBuilds\Wildfire\Intel_intel_arc32_arduino_101\Debug\DHT_sensor_library\DHT_U.cpp.o
LOAD C:\Users\Austen\AppData\Local\Temp\VMBuilds\Wildfire\Intel_intel_arc32_arduino_101\Debug\variant\variant.cpp.o
LOAD C:\Users\Austen\AppData\Local\Temp\VMBuilds\Wildfire\Intel_intel_arc32_arduino_101\Debug/core.a
                0x00000800                __stack_size = 0x800
                0x00000400                __firq_stack_size = 0x400
                0x00002000                __HEAP_SIZE_MIN = 0x2000
                0x00001000                __PAGE_SIZE = 0x1000

text            0x40034000    0x10814
                0x40034000                __text_start = .
 *(.int_vector_table)
 .int_vector_table
                0x40034000      0x110 C:\Users\Austen\AppData\Local\arduino15\packages\Intel\hardware\arc32\2.0.2\variants\arduino_101\libarc32drv_arduino101.a(init.o)
 *(.int_vector_table.*)
 *(.version_header)
 .version_header
                0x40034110       0x30 C:\Users\Austen\AppData\Local\arduino15\packages\Intel\hardware\arc32\2.0.2\variants\arduino_101\libarc32drv_arduino101.a(version.o)
                0x40034110                version_header
 *(.version_header*)
 *(.text)
 .text          0x40034140       0x98 C:\Users\Austen\AppData\Local\arduino15\packages\Intel\hardware\arc32\2.0.2\variants\arduino_101\libarc32drv_arduino101.a(init.o)
                0x40034168                _exit_halt
                0x40034168                _do_fault
                0x40034188                _do_isr
 .text          0x400341d8       0xf8 c:/users/austen/appdata/local/arduino15/packages/intel/tools/arc-elf32/1.6.9+1.0.1/bin/../lib/gcc/arc-elf32/4.8.5/../../../../arc-elf32/lib\libc.a(lib_a-memcmp-bs-norm.o)
                0x400341d8                memcmp
 .text          0x400342d0       0x80 c:/users/austen/appdata/local/arduino15/packages/intel/tools/arc-elf32/1.6.9+1.0.1/bin/../lib/gcc/arc-elf32/4.8.5/../../../../arc-elf32/lib\libc.a(lib_a-memcpy-bs.o)
                0x400342d0                memcpy
 .text          0x40034350       0x6c c:/users/austen/appdata/local/arduino15/packages/intel/tools/arc-elf32/1.6.9+1.0.1/bin/../lib/gcc/arc-elf32/4.8.5/../../../../arc-elf32/lib\libc.a(lib_a-memset-bs.o)
                0x40034350                memset
                0x400343a4                __strncpy_bzero
 .text          0x400343bc       0x88 c:/users/austen/appdata/local/arduino15/packages/intel/tools/arc-elf32/1.6.9+1.0.1/bin/../lib/gcc/arc-elf32/4.8.5/../../../../arc-elf32/lib\libc.a(lib_a-strlen-bs-norm.o)
                0x400343bc                strlen
 .text          0x40034444       0x90 c:/users/austen/appdata/local/arduino15/packages/intel/tools/arc-elf32/1.6.9+1.0.1/bin/../lib/gcc/arc-elf32/4.8.5/../../../../arc-elf32/lib\libc.a(lib_a-strcmp.o)
                0x40034444                strcmp
 .text          0x400344d4        0x4 c:/users/austen/appdata/local/arduino15/packages/intel/tools/arc-elf32/1.6.9+1.0.1/bin/../lib/gcc/arc-elf32/4.8.5\libgcc.a(_udivsi3.o)
                0x400344d4                __udivsi3
 .text          0x400344d8       0x10 c:/users/austen/appdata/local/arduino15/packages/intel/tools/arc-elf32/1.6.9+1.0.1/bin/../lib/gcc/arc-elf32/4.8.5\libgcc.a(_umodsi3.o)
                0x400344d8                __umodsi3
 .text          0x400344e8       0x74 c:/users/austen/appdata/local/arduino15/packages/intel/tools/arc-elf32/1.6.9+1.0.1/bin/../lib/gcc/arc-elf32/4.8.5\libgcc.a(_divmod_tools.o)
                0x400344e8                __udivmodsi4
 .text          0x4003455c       0x30 c:/users/austen/appdata/local/arduino15/packages/intel/tools/arc-elf32/1.6.9+1.0.1/bin/../lib/gcc/arc-elf32/4.8.5\libgcc.a(_millicodethunk_st.o)
                0x4003455c                __st_r13_to_r25
                0x40034560                __st_r13_to_r24
                0x40034564                __st_r13_to_r23
                0x40034568                __st_r13_to_r22
                0x4003456c                __st_r13_to_r21
                0x40034570                __st_r13_to_r20
                0x40034574                __st_r13_to_r19
                0x40034578                __st_r13_to_r18
                0x4003457c                __st_r13_to_r17
                0x40034580                __st_r13_to_r16
                0x40034584                __st_r13_to_r15
 .text          0x4003458c       0x30 c:/users/austen/appdata/local/arduino15/packages/intel/tools/arc-elf32/1.6.9+1.0.1/bin/../lib/gcc/arc-elf32/4.8.5\libgcc.a(_millicodethunk_ld.o)
                0x4003458c                __ld_r13_to_r25
                0x40034590                __ld_r13_to_r24
                0x40034594                __ld_r13_to_r23
                0x40034598                __ld_r13_to_r22
                0x4003459c                __ld_r13_to_r21
                0x400345a0                __ld_r13_to_r20
                0x400345a4                __ld_r13_to_r19
                0x400345a8                __ld_r13_to_r18
                0x400345ac                __ld_r13_to_r17
                0x400345b0                __ld_r13_to_r16
                0x400345b4                __ld_r13_to_r15
 .text          0x400345bc       0x3c c:/users/austen/appdata/local/arduino15/packages/intel/tools/arc-elf32/1.6.9+1.0.1/bin/../lib/gcc/arc-elf32/4.8.5\libgcc.a(_millicodethunk_ret.o)
                0x400345bc                __ld_r13_to_r25_ret
                0x400345c0                __ld_r13_to_r24_ret
                0x400345c4                __ld_r13_to_r23_ret
                0x400345c8                __ld_r13_to_r22_ret
                0x400345cc                __ld_r13_to_r21_ret
                0x400345d0                __ld_r13_to_r20_ret
                0x400345d4                __ld_r13_to_r19_ret
                0x400345d8                __ld_r13_to_r18_ret
                0x400345dc                __ld_r13_to_r17_ret
                0x400345e0                __ld_r13_to_r16_ret
                0x400345e4                __ld_r13_to_r15_ret
                0x400345e8                __ld_r13_to_r14_ret
 .text          0x400345f8       0x7c c:/users/austen/appdata/local/arduino15/packages/intel/tools/arc-elf32/1.6.9+1.0.1/bin/../lib/gcc/arc-elf32/4.8.5/../../../../arc-elf32/lib\libc.a(lib_a-strcpy-bs.o)
                0x400345f8                strcpy
 .text          0x40034674      0x3f4 c:/users/austen/appdata/local/arduino15/packages/intel/tools/arc-elf32/1.6.9+1.0.1/bin/../lib/gcc/arc-elf32/4.8.5\libgcc.a(_divdf3.o)
                0x40034778                __divdf3
 .text          0x40034a68       0xbc c:/users/austen/appdata/local/arduino15/packages/intel/tools/arc-elf32/1.6.9+1.0.1/bin/../lib/gcc/arc-elf32/4.8.5\libgcc.a(_truncdfsf2.o)
                0x40034a68                __truncdfsf2
 .text          0x40034b24       0x4c c:/users/austen/appdata/local/arduino15/packages/intel/tools/arc-elf32/1.6.9+1.0.1/bin/../lib/gcc/arc-elf32/4.8.5\libgcc.a(_extendsfdf2.o)
                0x40034b24                __extendsfdf2
 .text          0x40034b70       0x2c c:/users/austen/appdata/local/arduino15/packages/intel/tools/arc-elf32/1.6.9+1.0.1/bin/../lib/gcc/arc-elf32/4.8.5\libgcc.a(_eqdf2.o)
                0x40034b70                __eqdf2
 .text          0x40034b9c       0x50 c:/users/austen/appdata/local/arduino15/packages/intel/tools/arc-elf32/1.6.9+1.0.1/bin/../lib/gcc/arc-elf32/4.8.5\libgcc.a(_gedf2.o)
                0x40034b9c                __gedf2
 .text          0x40034bec       0x4c c:/users/austen/appdata/local/arduino15/packages/intel/tools/arc-elf32/1.6.9+1.0.1/bin/../lib/gcc/arc-elf32/4.8.5\libgcc.a(_gtdf2.o)
                0x40034bec                __gtdf2
 .text          0x40034c38       0x3c c:/users/austen/appdata/local/arduino15/packages/intel/tools/arc-elf32/1.6.9+1.0.1/bin/../lib/gcc/arc-elf32/4.8.5\libgcc.a(_fixdfsi.o)
                0x40034c38                __fixdfsi
 .text          0x40034c74       0x34 c:/users/austen/appdata/local/arduino15/packages/intel/tools/arc-elf32/1.6.9+1.0.1/bin/../lib/gcc/arc-elf32/4.8.5\libgcc.a(_floatsidf.o)
                0x40034c74                __floatsidf
 .text          0x40034ca8       0x38 c:/users/austen/appdata/local/arduino15/packages/intel/tools/arc-elf32/1.6.9+1.0.1/bin/../lib/gcc/arc-elf32/4.8.5\libgcc.a(_fixunsdfsi.o)
                0x40034ca8                __fixunsdfsi
 .text          0x40034ce0       0x28 c:/users/austen/appdata/local/arduino15/packages/intel/tools/arc-elf32/1.6.9+1.0.1/bin/../lib/gcc/arc-elf32/4.8.5\libgcc.a(_floatunsidf.o)
                0x40034ce0                __floatunsidf
 *(.text.*)
 .text._main    0x40034d08       0x74 C:\Users\Austen\AppData\Local\arduino15\packages\Intel\hardware\arc32\2.0.2\variants\arduino_101\libarc32drv_arduino101.a(c_init.o)
                0x40034d08                _main
 .text.interrupt_connect
                0x40034d7c       0x20 C:\Users\Austen\AppData\Local\arduino15\packages\Intel\hardware\arc32\2.0.2\variants\arduino_101\libarc32drv_arduino101.a(interrupt.o)
                0x40034d7c                interrupt_connect
 .text.interrupt_enable
                0x40034d9c       0x28 C:\Users\Austen\AppData\Local\arduino15\packages\Intel\hardware\arc32\2.0.2\variants\arduino_101\libarc32drv_arduino101.a(interrupt.o)
                0x40034d9c                interrupt_enable
 .text.interrupt_priority_set
                0x40034dc4       0x20 C:\Users\Austen\AppData\Local\arduino15\packages\Intel\hardware\arc32\2.0.2\variants\arduino_101\libarc32drv_arduino101.a(interrupt.o)
                0x40034dc4                interrupt_priority_set
 .text.interrupt_unit_device_init
                0x40034de4       0x50 C:\Users\Austen\AppData\Local\arduino15\packages\Intel\hardware\arc32\2.0.2\variants\arduino_101\libarc32drv_arduino101.a(interrupt.o)
                0x40034de4                interrupt_unit_device_init
 .text._arcv2_timer0_int_handler
                0x40034e34       0x20 C:\Users\Austen\AppData\Local\arduino15\packages\Intel\hardware\arc32\2.0.2\variants\arduino_101\libarc32drv_arduino101.a(arcv2_timer0.o)
                0x40034e34                _arcv2_timer0_int_handler
 .text.timer0_driver_init
                0x40034e54       0x40 C:\Users\Austen\AppData\Local\arduino15\packages\Intel\hardware\arc32\2.0.2\variants\arduino_101\libarc32drv_arduino101.a(arcv2_timer0.o)
                0x40034e54                timer0_driver_init
 .text.atomic_inc
                0x40034e94       0x14 C:\Users\Austen\AppData\Local\arduino15\packages\Intel\hardware\arc32\2.0.2\variants\arduino_101\libarc32drv_arduino101.a(atomic_native.o)
                0x40034e94                atomic_inc
 .text.atomic_dec
                0x40034ea8       0x14 C:\Users\Austen\AppData\Local\arduino15\packages\Intel\hardware\arc32\2.0.2\variants\arduino_101\libarc32drv_arduino101.a(atomic_native.o)
                0x40034ea8                atomic_dec
 .text.atomic_get
                0x40034ebc        0x4 C:\Users\Austen\AppData\Local\arduino15\packages\Intel\hardware\arc32\2.0.2\variants\arduino_101\libarc32drv_arduino101.a(atomic_native.o)
                0x40034ebc                atomic_get
 .text.atomic_set
                0x40034ec0       0x10 C:\Users\Austen\AppData\Local\arduino15\packages\Intel\hardware\arc32\2.0.2\variants\arduino_101\libarc32drv_arduino101.a(atomic_native.o)
                0x40034ec0                atomic_set
 .text.atomic_or
                0x40034ed0       0x14 C:\Users\Austen\AppData\Local\arduino15\packages\Intel\hardware\arc32\2.0.2\variants\arduino_101\libarc32drv_arduino101.a(atomic_native.o)
                0x40034ed0                atomic_or
 .text.atomic_and
                0x40034ee4       0x14 C:\Users\Austen\AppData\Local\arduino15\packages\Intel\hardware\arc32\2.0.2\variants\arduino_101\libarc32drv_arduino101.a(atomic_native.o)
                0x40034ee4                atomic_and
 .text.ipc_uart_isr
                0x40034ef8      0x220 C:\Users\Austen\AppData\Local\arduino15\packages\Intel\hardware\arc32\2.0.2\variants\arduino_101\libarc32drv_arduino101.a(ipc_uart_ns16550.o)
                0x40034ef8                ipc_uart_isr
 .text.ipc_uart_close_channel
                0x40035118       0x34 C:\Users\Austen\AppData\Local\arduino15\packages\Intel\hardware\arc32\2.0.2\variants\arduino_101\libarc32drv_arduino101.a(ipc_uart_ns16550.o)
                0x40035118                ipc_uart_close_channel
 .text.ipc_uart_init
                0x4003514c       0x78 C:\Users\Austen\AppData\Local\arduino15\packages\Intel\hardware\arc32\2.0.2\variants\arduino_101\libarc32drv_arduino101.a(ipc_uart_ns16550.o)
                0x4003514c                ipc_uart_init
 .text.ipc_uart_channel_open
                0x400351c4       0x8c C:\Users\Austen\AppData\Local\arduino15\packages\Intel\hardware\arc32\2.0.2\variants\arduino_101\libarc32drv_arduino101.a(ipc_uart_ns16550.o)
                0x400351c4                ipc_uart_channel_open
 .text.ipc_uart_ns16550_send_pdu
                0x40035250       0x48 C:\Users\Austen\AppData\Local\arduino15\packages\Intel\hardware\arc32\2.0.2\variants\arduino_101\libarc32drv_arduino101.a(ipc_uart_ns16550.o)
                0x40035250                ipc_uart_ns16550_send_pdu
 .text.ipc_uart_ns16550_set_tx_cb
                0x40035298       0x18 C:\Users\Austen\AppData\Local\arduino15\packages\Intel\hardware\arc32\2.0.2\variants\arduino_101\libarc32drv_arduino101.a(ipc_uart_ns16550.o)
                0x40035298                ipc_uart_ns16550_set_tx_cb
 .text.uart_init
                0x400352b0       0x9c C:\Users\Austen\AppData\Local\arduino15\packages\Intel\hardware\arc32\2.0.2\variants\arduino_101\libarc32drv_arduino101.a(ns16550.o)
                0x400352b0                uart_init
 .text.uart_poll_in
                0x4003534c       0x28 C:\Users\Austen\AppData\Local\arduino15\packages\Intel\hardware\arc32\2.0.2\variants\arduino_101\libarc32drv_arduino101.a(ns16550.o)
                0x4003534c                uart_poll_in
 .text.uart_poll_out
                0x40035374       0x28 C:\Users\Austen\AppData\Local\arduino15\packages\Intel\hardware\arc32\2.0.2\variants\arduino_101\libarc32drv_arduino101.a(ns16550.o)
                0x40035374                uart_poll_out
 .text.uart_fifo_fill
                0x4003539c       0x4c C:\Users\Austen\AppData\Local\arduino15\packages\Intel\hardware\arc32\2.0.2\variants\arduino_101\libarc32drv_arduino101.a(ns16550.o)
                0x4003539c                uart_fifo_fill
 .text.uart_fifo_read
                0x400353e8       0x4c C:\Users\Austen\AppData\Local\arduino15\packages\Intel\hardware\arc32\2.0.2\variants\arduino_101\libarc32drv_arduino101.a(ns16550.o)
                0x400353e8                uart_fifo_read
 .text.uart_irq_tx_enable
                0x40035434       0x20 C:\Users\Austen\AppData\Local\arduino15\packages\Intel\hardware\arc32\2.0.2\variants\arduino_101\libarc32drv_arduino101.a(ns16550.o)
                0x40035434                uart_irq_tx_enable
 .text.uart_irq_tx_disable
                0x40035454       0x20 C:\Users\Austen\AppData\Local\arduino15\packages\Intel\hardware\arc32\2.0.2\variants\arduino_101\libarc32drv_arduino101.a(ns16550.o)
                0x40035454                uart_irq_tx_disable
 .text.uart_irq_tx_ready
                0x40035474       0x20 C:\Users\Austen\AppData\Local\arduino15\packages\Intel\hardware\arc32\2.0.2\variants\arduino_101\libarc32drv_arduino101.a(ns16550.o)
                0x40035474                uart_irq_tx_ready
 .text.uart_irq_rx_enable
                0x40035494       0x20 C:\Users\Austen\AppData\Local\arduino15\packages\Intel\hardware\arc32\2.0.2\variants\arduino_101\libarc32drv_arduino101.a(ns16550.o)
                0x40035494                uart_irq_rx_enable
 .text.uart_irq_rx_disable
                0x400354b4       0x20 C:\Users\Austen\AppData\Local\arduino15\packages\Intel\hardware\arc32\2.0.2\variants\arduino_101\libarc32drv_arduino101.a(ns16550.o)
                0x400354b4                uart_irq_rx_disable
 .text.uart_irq_rx_ready
                0x400354d4       0x20 C:\Users\Austen\AppData\Local\arduino15\packages\Intel\hardware\arc32\2.0.2\variants\arduino_101\libarc32drv_arduino101.a(ns16550.o)
                0x400354d4                uart_irq_rx_ready
 .text.uart_irq_err_detected
                0x400354f4       0x20 C:\Users\Austen\AppData\Local\arduino15\packages\Intel\hardware\arc32\2.0.2\variants\arduino_101\libarc32drv_arduino101.a(ns16550.o)
                0x400354f4                uart_irq_err_detected
 .text.uart_line_status
                0x40035514       0x1c C:\Users\Austen\AppData\Local\arduino15\packages\Intel\hardware\arc32\2.0.2\variants\arduino_101\libarc32drv_arduino101.a(ns16550.o)
                0x40035514                uart_line_status
 .text.uart_break_check
                0x40035530       0x1c C:\Users\Austen\AppData\Local\arduino15\packages\Intel\hardware\arc32\2.0.2\variants\arduino_101\libarc32drv_arduino101.a(ns16550.o)
                0x40035530                uart_break_check
 .text.uart_irq_is_pending
                0x4003554c       0x20 C:\Users\Austen\AppData\Local\arduino15\packages\Intel\hardware\arc32\2.0.2\variants\arduino_101\libarc32drv_arduino101.a(ns16550.o)
                0x4003554c                uart_irq_is_pending
 .text.uart_irq_update
                0x4003556c       0x20 C:\Users\Austen\AppData\Local\arduino15\packages\Intel\hardware\arc32\2.0.2\variants\arduino_101\libarc32drv_arduino101.a(ns16550.o)
                0x4003556c                uart_irq_update
 .text.uart_int_connect
                0x4003558c       0x54 C:\Users\Austen\AppData\Local\arduino15\packages\Intel\hardware\arc32\2.0.2\variants\arduino_101\libarc32drv_arduino101.a(ns16550.o)
                0x4003558c                uart_int_connect
 .text.uart_tx_complete
                0x400355e0       0x1c C:\Users\Austen\AppData\Local\arduino15\packages\Intel\hardware\arc32\2.0.2\variants\arduino_101\libarc32drv_arduino101.a(ns16550.o)
                0x400355e0                uart_tx_complete
 .text.uart_loop_enable
                0x400355fc       0x20 C:\Users\Austen\AppData\Local\arduino15\packages\Intel\hardware\arc32\2.0.2\variants\arduino_101\libarc32drv_arduino101.a(ns16550.o)
                0x400355fc                uart_loop_enable
 .text.soc_gpio_ISR_proc
                0x4003561c       0x60 C:\Users\Austen\AppData\Local\arduino15\packages\Intel\hardware\arc32\2.0.2\variants\arduino_101\libarc32drv_arduino101.a(soc_gpio.o)
 .text.gpio_isr
                0x4003567c       0x10 C:\Users\Austen\AppData\Local\arduino15\packages\Intel\hardware\arc32\2.0.2\variants\arduino_101\libarc32drv_arduino101.a(soc_gpio.o)
                0x4003567c                gpio_isr
 .text.gpio_aon_isr
                0x4003568c       0x10 C:\Users\Austen\AppData\Local\arduino15\packages\Intel\hardware\arc32\2.0.2\variants\arduino_101\libarc32drv_arduino101.a(soc_gpio.o)
                0x4003568c                gpio_aon_isr
 .text.soc_gpio_deconfig
                0x4003569c       0x6c C:\Users\Austen\AppData\Local\arduino15\packages\Intel\hardware\arc32\2.0.2\variants\arduino_101\libarc32drv_arduino101.a(soc_gpio.o)
                0x4003569c                soc_gpio_deconfig
 .text.soc_gpio_enable
                0x40035708       0x88 C:\Users\Austen\AppData\Local\arduino15\packages\Intel\hardware\arc32\2.0.2\variants\arduino_101\libarc32drv_arduino101.a(soc_gpio.o)
                0x40035708                soc_gpio_enable
 .text.soc_gpio_set_config
                0x40035790      0x134 C:\Users\Austen\AppData\Local\arduino15\packages\Intel\hardware\arc32\2.0.2\variants\arduino_101\libarc32drv_arduino101.a(soc_gpio.o)
                0x40035790                soc_gpio_set_config
 .text.soc_gpio_write
                0x400358c4       0x58 C:\Users\Austen\AppData\Local\arduino15\packages\Intel\hardware\arc32\2.0.2\variants\arduino_101\libarc32drv_arduino101.a(soc_gpio.o)
                0x400358c4                soc_gpio_write
 .text.ss_gpio_ISR_proc
                0x4003591c       0x74 C:\Users\Austen\AppData\Local\arduino15\packages\Intel\hardware\arc32\2.0.2\variants\arduino_101\libarc32drv_arduino101.a(ss_gpio_iface.o)
 .text.ss_gpio_8b1_ISR
                0x40035990       0x10 C:\Users\Austen\AppData\Local\arduino15\packages\Intel\hardware\arc32\2.0.2\variants\arduino_101\libarc32drv_arduino101.a(ss_gpio_iface.o)
 .text.ss_gpio_8b0_ISR
                0x400359a0       0x10 C:\Users\Austen\AppData\Local\arduino15\packages\Intel\hardware\arc32\2.0.2\variants\arduino_101\libarc32drv_arduino101.a(ss_gpio_iface.o)
 .text.ss_gpio_deconfig
                0x400359b0       0x74 C:\Users\Austen\AppData\Local\arduino15\packages\Intel\hardware\arc32\2.0.2\variants\arduino_101\libarc32drv_arduino101.a(ss_gpio_iface.o)
                0x400359b0                ss_gpio_deconfig
 .text.ss_gpio_enable
                0x40035a24       0x9c C:\Users\Austen\AppData\Local\arduino15\packages\Intel\hardware\arc32\2.0.2\variants\arduino_101\libarc32drv_arduino101.a(ss_gpio_iface.o)
                0x40035a24                ss_gpio_enable
 .text.ss_gpio_set_config
                0x40035ac0      0x19c C:\Users\Austen\AppData\Local\arduino15\packages\Intel\hardware\arc32\2.0.2\variants\arduino_101\libarc32drv_arduino101.a(ss_gpio_iface.o)
                0x40035ac0                ss_gpio_set_config
 .text.rpc_deserialize
                0x40035c5c      0x1b8 C:\Users\Austen\AppData\Local\arduino15\packages\Intel\hardware\arc32\2.0.2\variants\arduino_101\libarc32drv_arduino101.a(rpc_deserialize.o)
                0x40035c5c                rpc_deserialize
 .text.encoded_buflen
                0x40035e14       0x24 C:\Users\Austen\AppData\Local\arduino15\packages\Intel\hardware\arc32\2.0.2\variants\arduino_101\libarc32drv_arduino101.a(rpc_serialize.o)
 .text.serialize_struct
                0x40035e38       0x28 C:\Users\Austen\AppData\Local\arduino15\packages\Intel\hardware\arc32\2.0.2\variants\arduino_101\libarc32drv_arduino101.a(rpc_serialize.o)
 .text.serialize_buf
                0x40035e60       0x54 C:\Users\Austen\AppData\Local\arduino15\packages\Intel\hardware\arc32\2.0.2\variants\arduino_101\libarc32drv_arduino101.a(rpc_serialize.o)
 .text.rpc_serialize_none
                0x40035eb4       0x2c C:\Users\Austen\AppData\Local\arduino15\packages\Intel\hardware\arc32\2.0.2\variants\arduino_101\libarc32drv_arduino101.a(rpc_serialize.o)
                0x40035eb4                rpc_serialize_none
 .text.nble_gap_start_adv_req
                0x40035ee0       0x10 C:\Users\Austen\AppData\Local\arduino15\packages\Intel\hardware\arc32\2.0.2\variants\arduino_101\libarc32drv_arduino101.a(rpc_serialize.o)
                0x40035ee0                nble_gap_start_adv_req
 .text.rpc_serialize_s
                0x40035ef0       0x54 C:\Users\Austen\AppData\Local\arduino15\packages\Intel\hardware\arc32\2.0.2\variants\arduino_101\libarc32drv_arduino101.a(rpc_serialize.o)
                0x40035ef0                rpc_serialize_s
 .text.nble_gap_sm_config_req
                0x40035f44       0x14 C:\Users\Austen\AppData\Local\arduino15\packages\Intel\hardware\arc32\2.0.2\variants\arduino_101\libarc32drv_arduino101.a(rpc_serialize.o)
                0x40035f44                nble_gap_sm_config_req
 .text.nble_set_bda_req
                0x40035f58       0x14 C:\Users\Austen\AppData\Local\arduino15\packages\Intel\hardware\arc32\2.0.2\variants\arduino_101\libarc32drv_arduino101.a(rpc_serialize.o)
                0x40035f58                nble_set_bda_req
 .text.nble_gattc_discover_req
                0x40035f6c       0x14 C:\Users\Austen\AppData\Local\arduino15\packages\Intel\hardware\arc32\2.0.2\variants\arduino_101\libarc32drv_arduino101.a(rpc_serialize.o)
                0x40035f6c                nble_gattc_discover_req
 .text.nble_gatts_wr_reply_req
                0x40035f80       0x14 C:\Users\Austen\AppData\Local\arduino15\packages\Intel\hardware\arc32\2.0.2\variants\arduino_101\libarc32drv_arduino101.a(rpc_serialize.o)
                0x40035f80                nble_gatts_wr_reply_req
 .text.nble_gattc_read_req
                0x40035f94       0x14 C:\Users\Austen\AppData\Local\arduino15\packages\Intel\hardware\arc32\2.0.2\variants\arduino_101\libarc32drv_arduino101.a(rpc_serialize.o)
                0x40035f94                nble_gattc_read_req
 .text.rpc_serialize_p
                0x40035fa8       0x44 C:\Users\Austen\AppData\Local\arduino15\packages\Intel\hardware\arc32\2.0.2\variants\arduino_101\libarc32drv_arduino101.a(rpc_serialize.o)
                0x40035fa8                rpc_serialize_p
 .text.nble_gap_read_bda_req
                0x40035fec       0x14 C:\Users\Austen\AppData\Local\arduino15\packages\Intel\hardware\arc32\2.0.2\variants\arduino_101\libarc32drv_arduino101.a(rpc_serialize.o)
                0x40035fec                nble_gap_read_bda_req
 .text.nble_gap_stop_adv_req
                0x40036000       0x14 C:\Users\Austen\AppData\Local\arduino15\packages\Intel\hardware\arc32\2.0.2\variants\arduino_101\libarc32drv_arduino101.a(rpc_serialize.o)
                0x40036000                nble_gap_stop_adv_req
 .text.rpc_serialize_s_b
                0x40036014       0x68 C:\Users\Austen\AppData\Local\arduino15\packages\Intel\hardware\arc32\2.0.2\variants\arduino_101\libarc32drv_arduino101.a(rpc_serialize.o)
                0x40036014                rpc_serialize_s_b
 .text.nble_gatts_rd_reply_req
                0x4003607c       0x1c C:\Users\Austen\AppData\Local\arduino15\packages\Intel\hardware\arc32\2.0.2\variants\arduino_101\libarc32drv_arduino101.a(rpc_serialize.o)
                0x4003607c                nble_gatts_rd_reply_req
 .text.nble_gattc_write_req
                0x40036098       0x1c C:\Users\Austen\AppData\Local\arduino15\packages\Intel\hardware\arc32\2.0.2\variants\arduino_101\libarc32drv_arduino101.a(rpc_serialize.o)
                0x40036098                nble_gattc_write_req
 .text.nble_gattc_read_multiple_req
                0x400360b4       0x1c C:\Users\Austen\AppData\Local\arduino15\packages\Intel\hardware\arc32\2.0.2\variants\arduino_101\libarc32drv_arduino101.a(rpc_serialize.o)
                0x400360b4                nble_gattc_read_multiple_req
 .text.free_message_ipc
                0x400360d0       0x18 C:\Users\Austen\AppData\Local\arduino15\packages\Intel\hardware\arc32\2.0.2\variants\arduino_101\libarc32drv_arduino101.a(cfw_platform.o)
 .text.send_message_ipc
                0x400360e8       0x18 C:\Users\Austen\AppData\Local\arduino15\packages\Intel\hardware\arc32\2.0.2\variants\arduino_101\libarc32drv_arduino101.a(cfw_platform.o)
 .text.ipc_mbx_isr
                0x40036100       0x30 C:\Users\Austen\AppData\Local\arduino15\packages\Intel\hardware\arc32\2.0.2\variants\arduino_101\libarc32drv_arduino101.a(cfw_platform.o)
 .text.cfw_platform_init
                0x40036130       0xa0 C:\Users\Austen\AppData\Local\arduino15\packages\Intel\hardware\arc32\2.0.2\variants\arduino_101\libarc32drv_arduino101.a(cfw_platform.o)
                0x40036130                cfw_platform_init
 .text.notify_connected
                0x400361d0       0x34 C:\Users\Austen\AppData\Local\arduino15\packages\Intel\hardware\arc32\2.0.2\variants\arduino_101\libarc32drv_arduino101.a(conn.o)
 .text.notify_le_param_updated
                0x40036204       0x3c C:\Users\Austen\AppData\Local\arduino15\packages\Intel\hardware\arc32\2.0.2\variants\arduino_101\libarc32drv_arduino101.a(conn.o)
                0x40036204                notify_le_param_updated
 .text.bt_conn_add_le
                0x40036240       0x74 C:\Users\Austen\AppData\Local\arduino15\packages\Intel\hardware\arc32\2.0.2\variants\arduino_101\libarc32drv_arduino101.a(conn.o)
                0x40036240                bt_conn_add_le
 .text.bt_conn_set_state
                0x400362b4       0xbc C:\Users\Austen\AppData\Local\arduino15\packages\Intel\hardware\arc32\2.0.2\variants\arduino_101\libarc32drv_arduino101.a(conn.o)
                0x400362b4                bt_conn_set_state
 .text.bt_conn_lookup_handle
                0x40036370       0x60 C:\Users\Austen\AppData\Local\arduino15\packages\Intel\hardware\arc32\2.0.2\variants\arduino_101\libarc32drv_arduino101.a(conn.o)
                0x40036370                bt_conn_lookup_handle
 .text.bt_conn_lookup_addr_le
                0x400363d0       0x5c C:\Users\Austen\AppData\Local\arduino15\packages\Intel\hardware\arc32\2.0.2\variants\arduino_101\libarc32drv_arduino101.a(conn.o)
                0x400363d0                bt_conn_lookup_addr_le
 .text.bt_conn_lookup_state_le
                0x4003642c       0x84 C:\Users\Austen\AppData\Local\arduino15\packages\Intel\hardware\arc32\2.0.2\variants\arduino_101\libarc32drv_arduino101.a(conn.o)
                0x4003642c                bt_conn_lookup_state_le
 .text.bt_conn_unref
                0x400364b0       0x10 C:\Users\Austen\AppData\Local\arduino15\packages\Intel\hardware\arc32\2.0.2\variants\arduino_101\libarc32drv_arduino101.a(conn.o)
                0x400364b0                bt_conn_unref
 .text.on_nble_gap_cancel_connect_rsp
                0x400364c0       0x18 C:\Users\Austen\AppData\Local\arduino15\packages\Intel\hardware\arc32\2.0.2\variants\arduino_101\libarc32drv_arduino101.a(conn.o)
                0x400364c0                on_nble_gap_cancel_connect_rsp
 .text.on_nble_gap_connect_rsp
                0x400364d8       0x24 C:\Users\Austen\AppData\Local\arduino15\packages\Intel\hardware\arc32\2.0.2\variants\arduino_101\libarc32drv_arduino101.a(conn.o)
                0x400364d8                on_nble_gap_connect_rsp
 .text.bt_conn_init
                0x400364fc       0x10 C:\Users\Austen\AppData\Local\arduino15\packages\Intel\hardware\arc32\2.0.2\variants\arduino_101\libarc32drv_arduino101.a(conn.o)
                0x400364fc                bt_conn_init
 .text.on_nble_gap_dtm_init_rsp
                0x4003650c        0xc C:\Users\Austen\AppData\Local\arduino15\packages\Intel\hardware\arc32\2.0.2\variants\arduino_101\libarc32drv_arduino101.a(dtm_tcmd.o)
                0x4003650c                on_nble_gap_dtm_init_rsp
 .text.bt_init  0x40036518       0x40 C:\Users\Austen\AppData\Local\arduino15\packages\Intel\hardware\arc32\2.0.2\variants\arduino_101\libarc32drv_arduino101.a(gap.o)
 .text.set_advertise_disable
                0x40036558       0x34 C:\Users\Austen\AppData\Local\arduino15\packages\Intel\hardware\arc32\2.0.2\variants\arduino_101\libarc32drv_arduino101.a(gap.o)
 .text.set_advertise_enable
                0x4003658c       0x24 C:\Users\Austen\AppData\Local\arduino15\packages\Intel\hardware\arc32\2.0.2\variants\arduino_101\libarc32drv_arduino101.a(gap.o)
 .text.on_nble_gap_start_advertise_rsp
                0x400365b0       0x28 C:\Users\Austen\AppData\Local\arduino15\packages\Intel\hardware\arc32\2.0.2\variants\arduino_101\libarc32drv_arduino101.a(gap.o)
                0x400365b0                on_nble_gap_start_advertise_rsp
 .text.on_nble_gap_disconnect_evt
                0x400365d8       0x78 C:\Users\Austen\AppData\Local\arduino15\packages\Intel\hardware\arc32\2.0.2\variants\arduino_101\libarc32drv_arduino101.a(gap.o)
                0x400365d8                on_nble_gap_disconnect_evt
 .text.on_nble_gap_connect_evt
                0x40036650       0xa4 C:\Users\Austen\AppData\Local\arduino15\packages\Intel\hardware\arc32\2.0.2\variants\arduino_101\libarc32drv_arduino101.a(gap.o)
                0x40036650                on_nble_gap_connect_evt
 .text.on_nble_gap_adv_report_evt
                0x400366f4       0x68 C:\Users\Austen\AppData\Local\arduino15\packages\Intel\hardware\arc32\2.0.2\variants\arduino_101\libarc32drv_arduino101.a(gap.o)
                0x400366f4                on_nble_gap_adv_report_evt
 .text.on_nble_gap_conn_update_evt
                0x4003675c       0x54 C:\Users\Austen\AppData\Local\arduino15\packages\Intel\hardware\arc32\2.0.2\variants\arduino_101\libarc32drv_arduino101.a(gap.o)
                0x4003675c                on_nble_gap_conn_update_evt
 .text.on_nble_gap_scan_start_stop_rsp
                0x400367b0       0x20 C:\Users\Austen\AppData\Local\arduino15\packages\Intel\hardware\arc32\2.0.2\variants\arduino_101\libarc32drv_arduino101.a(gap.o)
                0x400367b0                on_nble_gap_scan_start_stop_rsp
 .text.on_nble_up
                0x400367d0       0x48 C:\Users\Austen\AppData\Local\arduino15\packages\Intel\hardware\arc32\2.0.2\variants\arduino_101\libarc32drv_arduino101.a(gap.o)
                0x400367d0                on_nble_up
 .text.bt_enable
                0x40036818       0x3c C:\Users\Austen\AppData\Local\arduino15\packages\Intel\hardware\arc32\2.0.2\variants\arduino_101\libarc32drv_arduino101.a(gap.o)
                0x40036818                bt_enable
 .text.on_nble_gap_dir_adv_timeout_evt
                0x40036854       0x5c C:\Users\Austen\AppData\Local\arduino15\packages\Intel\hardware\arc32\2.0.2\variants\arduino_101\libarc32drv_arduino101.a(gap.o)
                0x40036854                on_nble_gap_dir_adv_timeout_evt
 .text.bt_le_adv_stop
                0x400368b0       0x38 C:\Users\Austen\AppData\Local\arduino15\packages\Intel\hardware\arc32\2.0.2\variants\arduino_101\libarc32drv_arduino101.a(gap.o)
                0x400368b0                bt_le_adv_stop
 .text.on_nble_uas_bucket_change
                0x400368e8        0xc C:\Users\Austen\AppData\Local\arduino15\packages\Intel\hardware\arc32\2.0.2\variants\arduino_101\libarc32drv_arduino101.a(gap.o)
                0x400368e8                on_nble_uas_bucket_change
 .text.on_nble_gap_set_rssi_report_rsp
                0x400368f4       0x18 C:\Users\Austen\AppData\Local\arduino15\packages\Intel\hardware\arc32\2.0.2\variants\arduino_101\libarc32drv_arduino101.a(gap.o)
                0x400368f4                on_nble_gap_set_rssi_report_rsp
 .text.on_nble_gap_rssi_evt
                0x4003690c       0x20 C:\Users\Austen\AppData\Local\arduino15\packages\Intel\hardware\arc32\2.0.2\variants\arduino_101\libarc32drv_arduino101.a(gap.o)
                0x4003690c                on_nble_gap_rssi_evt
 .text.on_nble_gap_tx_power_rsp
                0x4003692c        0xc C:\Users\Austen\AppData\Local\arduino15\packages\Intel\hardware\arc32\2.0.2\variants\arduino_101\libarc32drv_arduino101.a(gap.o)
                0x4003692c                on_nble_gap_tx_power_rsp
 .text.on_nble_get_version_rsp
                0x40036938       0x18 C:\Users\Austen\AppData\Local\arduino15\packages\Intel\hardware\arc32\2.0.2\variants\arduino_101\libarc32drv_arduino101.a(gap.o)
                0x40036938                on_nble_get_version_rsp
 .text.flush_all
                0x40036950       0x3c C:\Users\Austen\AppData\Local\arduino15\packages\Intel\hardware\arc32\2.0.2\variants\arduino_101\libarc32drv_arduino101.a(gatt.o)
 .text.att_write_ccc_rsp
                0x4003698c       0x44 C:\Users\Austen\AppData\Local\arduino15\packages\Intel\hardware\arc32\2.0.2\variants\arduino_101\libarc32drv_arduino101.a(gatt.o)
 .text.gatt_ccc_changed
                0x400369d0       0x80 C:\Users\Austen\AppData\Local\arduino15\packages\Intel\hardware\arc32\2.0.2\variants\arduino_101\libarc32drv_arduino101.a(gatt.o)
 .text.disconnected_cb
                0x40036a50       0x94 C:\Users\Austen\AppData\Local\arduino15\packages\Intel\hardware\arc32\2.0.2\variants\arduino_101\libarc32drv_arduino101.a(gatt.o)
 .text.connected_cb
                0x40036ae4       0x60 C:\Users\Austen\AppData\Local\arduino15\packages\Intel\hardware\arc32\2.0.2\variants\arduino_101\libarc32drv_arduino101.a(gatt.o)
 .text.bt_gatt_attr_write_ccc
                0x40036b44       0xd8 C:\Users\Austen\AppData\Local\arduino15\packages\Intel\hardware\arc32\2.0.2\variants\arduino_101\libarc32drv_arduino101.a(gatt.o)
                0x40036b44                bt_gatt_attr_write_ccc
 .text.gatt_write_ccc
                0x40036c1c       0x64 C:\Users\Austen\AppData\Local\arduino15\packages\Intel\hardware\arc32\2.0.2\variants\arduino_101\libarc32drv_arduino101.a(gatt.o)
 .text.on_nble_gatt_register_rsp
                0x40036c80       0x90 C:\Users\Austen\AppData\Local\arduino15\packages\Intel\hardware\arc32\2.0.2\variants\arduino_101\libarc32drv_arduino101.a(gatt.o)
                0x40036c80                on_nble_gatt_register_rsp
 .text.bt_gatt_attr_read
                0x40036d10       0x5c C:\Users\Austen\AppData\Local\arduino15\packages\Intel\hardware\arc32\2.0.2\variants\arduino_101\libarc32drv_arduino101.a(gatt.o)
                0x40036d10                bt_gatt_attr_read
 .text.bt_gatt_attr_read_service
                0x40036d6c       0x68 C:\Users\Austen\AppData\Local\arduino15\packages\Intel\hardware\arc32\2.0.2\variants\arduino_101\libarc32drv_arduino101.a(gatt.o)
                0x40036d6c                bt_gatt_attr_read_service
 .text.bt_gatt_attr_read_included
                0x40036dd4       0x74 C:\Users\Austen\AppData\Local\arduino15\packages\Intel\hardware\arc32\2.0.2\variants\arduino_101\libarc32drv_arduino101.a(gatt.o)
                0x40036dd4                bt_gatt_attr_read_included
 .text.bt_gatt_attr_read_chrc
                0x40036e48       0x74 C:\Users\Austen\AppData\Local\arduino15\packages\Intel\hardware\arc32\2.0.2\variants\arduino_101\libarc32drv_arduino101.a(gatt.o)
                0x40036e48                bt_gatt_attr_read_chrc
 .text.bt_gatt_attr_next
                0x40036ebc       0x68 C:\Users\Austen\AppData\Local\arduino15\packages\Intel\hardware\arc32\2.0.2\variants\arduino_101\libarc32drv_arduino101.a(gatt.o)
                0x40036ebc                bt_gatt_attr_next
 .text.bt_gatt_foreach_attr
                0x40036f24       0x4c C:\Users\Austen\AppData\Local\arduino15\packages\Intel\hardware\arc32\2.0.2\variants\arduino_101\libarc32drv_arduino101.a(gatt.o)
                0x40036f24                bt_gatt_foreach_attr
 .text.on_nble_gatts_send_notif_rsp
                0x40036f70       0x48 C:\Users\Austen\AppData\Local\arduino15\packages\Intel\hardware\arc32\2.0.2\variants\arduino_101\libarc32drv_arduino101.a(gatt.o)
                0x40036f70                on_nble_gatts_send_notif_rsp
 .text.on_nble_gatts_send_ind_rsp
                0x40036fb8       0x48 C:\Users\Austen\AppData\Local\arduino15\packages\Intel\hardware\arc32\2.0.2\variants\arduino_101\libarc32drv_arduino101.a(gatt.o)
                0x40036fb8                on_nble_gatts_send_ind_rsp
 .text.on_nble_gatts_write_evt
                0x40037000       0x98 C:\Users\Austen\AppData\Local\arduino15\packages\Intel\hardware\arc32\2.0.2\variants\arduino_101\libarc32drv_arduino101.a(gatt.o)
                0x40037000                on_nble_gatts_write_evt
 .text.on_nble_gatts_write_exec_evt
                0x40037098       0x78 C:\Users\Austen\AppData\Local\arduino15\packages\Intel\hardware\arc32\2.0.2\variants\arduino_101\libarc32drv_arduino101.a(gatt.o)
                0x40037098                on_nble_gatts_write_exec_evt
 .text.on_nble_gatts_read_evt
                0x40037110       0x98 C:\Users\Austen\AppData\Local\arduino15\packages\Intel\hardware\arc32\2.0.2\variants\arduino_101\libarc32drv_arduino101.a(gatt.o)
                0x40037110                on_nble_gatts_read_evt
 .text.bt_gatt_discover
                0x400371a8       0xc8 C:\Users\Austen\AppData\Local\arduino15\packages\Intel\hardware\arc32\2.0.2\variants\arduino_101\libarc32drv_arduino101.a(gatt.o)
                0x400371a8                bt_gatt_discover
 .text.on_nble_gattc_discover_rsp
                0x40037270      0x258 C:\Users\Austen\AppData\Local\arduino15\packages\Intel\hardware\arc32\2.0.2\variants\arduino_101\libarc32drv_arduino101.a(gatt.o)
                0x40037270                on_nble_gattc_discover_rsp
 .text.on_nble_gattc_read_multiple_rsp
                0x400374c8       0x68 C:\Users\Austen\AppData\Local\arduino15\packages\Intel\hardware\arc32\2.0.2\variants\arduino_101\libarc32drv_arduino101.a(gatt.o)
                0x400374c8                on_nble_gattc_read_multiple_rsp
 .text.bt_gatt_read
                0x40037530       0x70 C:\Users\Austen\AppData\Local\arduino15\packages\Intel\hardware\arc32\2.0.2\variants\arduino_101\libarc32drv_arduino101.a(gatt.o)
                0x40037530                bt_gatt_read
 .text.on_nble_gattc_read_rsp
                0x400375a0       0x80 C:\Users\Austen\AppData\Local\arduino15\packages\Intel\hardware\arc32\2.0.2\variants\arduino_101\libarc32drv_arduino101.a(gatt.o)
                0x400375a0                on_nble_gattc_read_rsp
 .text.on_nble_gattc_write_rsp
                0x40037620       0x44 C:\Users\Austen\AppData\Local\arduino15\packages\Intel\hardware\arc32\2.0.2\variants\arduino_101\libarc32drv_arduino101.a(gatt.o)
                0x40037620                on_nble_gattc_write_rsp
 .text.bt_gatt_unsubscribe
                0x40037664       0xbc C:\Users\Austen\AppData\Local\arduino15\packages\Intel\hardware\arc32\2.0.2\variants\arduino_101\libarc32drv_arduino101.a(gatt.o)
                0x40037664                bt_gatt_unsubscribe
 .text.on_nble_gattc_value_evt
                0x40037720       0x78 C:\Users\Austen\AppData\Local\arduino15\packages\Intel\hardware\arc32\2.0.2\variants\arduino_101\libarc32drv_arduino101.a(gatt.o)
                0x40037720                on_nble_gattc_value_evt
 .text.bt_gatt_connected
                0x40037798       0x70 C:\Users\Austen\AppData\Local\arduino15\packages\Intel\hardware\arc32\2.0.2\variants\arduino_101\libarc32drv_arduino101.a(gatt.o)
                0x40037798                bt_gatt_connected
 .text.bt_gatt_disconnected
                0x40037808       0x78 C:\Users\Austen\AppData\Local\arduino15\packages\Intel\hardware\arc32\2.0.2\variants\arduino_101\libarc32drv_arduino101.a(gatt.o)
                0x40037808                bt_gatt_disconnected
 .text.bt_l2cap_connected
                0x40037880       0x18 C:\Users\Austen\AppData\Local\arduino15\packages\Intel\hardware\arc32\2.0.2\variants\arduino_101\libarc32drv_arduino101.a(l2cap.o)
                0x40037880                bt_l2cap_connected
 .text.bt_l2cap_disconnected
                0x40037898       0x10 C:\Users\Austen\AppData\Local\arduino15\packages\Intel\hardware\arc32\2.0.2\variants\arduino_101\libarc32drv_arduino101.a(l2cap.o)
                0x40037898                bt_l2cap_disconnected
 .text.on_nble_gap_sm_bond_info_rsp
                0x400378a8        0xc C:\Users\Austen\AppData\Local\arduino15\packages\Intel\hardware\arc32\2.0.2\variants\arduino_101\libarc32drv_arduino101.a(smp_null.o)
                0x400378a8                on_nble_gap_sm_bond_info_rsp
 .text.on_nble_gap_sm_passkey_req_evt
                0x400378b4        0xc C:\Users\Austen\AppData\Local\arduino15\packages\Intel\hardware\arc32\2.0.2\variants\arduino_101\libarc32drv_arduino101.a(smp_null.o)
                0x400378b4                on_nble_gap_sm_passkey_req_evt
 .text.on_nble_gap_sm_passkey_display_evt
                0x400378c0        0xc C:\Users\Austen\AppData\Local\arduino15\packages\Intel\hardware\arc32\2.0.2\variants\arduino_101\libarc32drv_arduino101.a(smp_null.o)
                0x400378c0                on_nble_gap_sm_passkey_display_evt
 .text.on_nble_gap_sm_status_evt
                0x400378cc       0x1c C:\Users\Austen\AppData\Local\arduino15\packages\Intel\hardware\arc32\2.0.2\variants\arduino_101\libarc32drv_arduino101.a(smp_null.o)
                0x400378cc                on_nble_gap_sm_status_evt
 .text.bt_smp_init
                0x400378e8       0x30 C:\Users\Austen\AppData\Local\arduino15\packages\Intel\hardware\arc32\2.0.2\variants\arduino_101\libarc32drv_arduino101.a(smp_null.o)
                0x400378e8                bt_smp_init
 .text.on_nble_gap_sm_config_rsp
                0x40037918       0x20 C:\Users\Austen\AppData\Local\arduino15\packages\Intel\hardware\arc32\2.0.2\variants\arduino_101\libarc32drv_arduino101.a(smp_null.o)
                0x40037918                on_nble_gap_sm_config_rsp
 .text.on_nble_gap_sm_common_rsp
                0x40037938       0x20 C:\Users\Austen\AppData\Local\arduino15\packages\Intel\hardware\arc32\2.0.2\variants\arduino_101\libarc32drv_arduino101.a(smp_null.o)
                0x40037938                on_nble_gap_sm_common_rsp
 .text.uuid_to_uuid128
                0x40037958       0x54 C:\Users\Austen\AppData\Local\arduino15\packages\Intel\hardware\arc32\2.0.2\variants\arduino_101\libarc32drv_arduino101.a(uuid.o)
 .text.bt_uuid_cmp
                0x400379ac       0x64 C:\Users\Austen\AppData\Local\arduino15\packages\Intel\hardware\arc32\2.0.2\variants\arduino_101\libarc32drv_arduino101.a(uuid.o)
                0x400379ac                bt_uuid_cmp
 .text.ble_client_disconnected
                0x40037a10        0xc C:\Users\Austen\AppData\Local\arduino15\packages\Intel\hardware\arc32\2.0.2\variants\arduino_101\libarc32drv_arduino101.a(ble_service.o)
 .text.ble_bt_rdy
                0x40037a1c       0x54 C:\Users\Austen\AppData\Local\arduino15\packages\Intel\hardware\arc32\2.0.2\variants\arduino_101\libarc32drv_arduino101.a(ble_service.o)
                0x40037a1c                ble_bt_rdy
 .text.ble_set_bda_cb
                0x40037a70       0x58 C:\Users\Austen\AppData\Local\arduino15\packages\Intel\hardware\arc32\2.0.2\variants\arduino_101\libarc32drv_arduino101.a(ble_service.o)
 .text.handle_msg_id_ble_rpc_callin
                0x40037ac8       0x30 C:\Users\Austen\AppData\Local\arduino15\packages\Intel\hardware\arc32\2.0.2\variants\arduino_101\libarc32drv_arduino101.a(ble_service.o)
 .text.ble_client_connected
                0x40037af8       0x28 C:\Users\Austen\AppData\Local\arduino15\packages\Intel\hardware\arc32\2.0.2\variants\arduino_101\libarc32drv_arduino101.a(ble_service.o)
 .text.ble_service_message_handler
                0x40037b20      0x10c C:\Users\Austen\AppData\Local\arduino15\packages\Intel\hardware\arc32\2.0.2\variants\arduino_101\libarc32drv_arduino101.a(ble_service.o)
 .text.on_nble_gap_dbg_rsp
                0x40037c2c        0xc C:\Users\Austen\AppData\Local\arduino15\packages\Intel\hardware\arc32\2.0.2\variants\arduino_101\libarc32drv_arduino101.a(ble_service.o)
                0x40037c2c                on_nble_gap_dbg_rsp
 .text.on_nble_gap_read_bda_rsp
                0x40037c38       0x3c C:\Users\Austen\AppData\Local\arduino15\packages\Intel\hardware\arc32\2.0.2\variants\arduino_101\libarc32drv_arduino101.a(ble_service.o)
                0x40037c38                on_nble_gap_read_bda_rsp
 .text.on_nble_set_bda_rsp
                0x40037c74       0x1c C:\Users\Austen\AppData\Local\arduino15\packages\Intel\hardware\arc32\2.0.2\variants\arduino_101\libarc32drv_arduino101.a(ble_service.o)
                0x40037c74                on_nble_set_bda_rsp
 .text.ble_cfw_service_init
                0x40037c90       0x58 C:\Users\Austen\AppData\Local\arduino15\packages\Intel\hardware\arc32\2.0.2\variants\arduino_101\libarc32drv_arduino101.a(ble_service.o)
                0x40037c90                ble_cfw_service_init
 .text.nble_log
                0x40037ce8       0x24 C:\Users\Austen\AppData\Local\arduino15\packages\Intel\hardware\arc32\2.0.2\variants\arduino_101\libarc32drv_arduino101.a(ble_service.o)
                0x40037ce8                nble_log
 .text.on_nble_common_rsp
                0x40037d0c       0x20 C:\Users\Austen\AppData\Local\arduino15\packages\Intel\hardware\arc32\2.0.2\variants\arduino_101\libarc32drv_arduino101.a(ble_service.o)
                0x40037d0c                on_nble_common_rsp
 .text.uart_ipc_rpc_cback
                0x40037d2c       0xc8 C:\Users\Austen\AppData\Local\arduino15\packages\Intel\hardware\arc32\2.0.2\variants\arduino_101\libarc32drv_arduino101.a(nble_driver.o)
 .text.nble_wake_assert.isra.1
                0x40037df4       0x3c C:\Users\Austen\AppData\Local\arduino15\packages\Intel\hardware\arc32\2.0.2\variants\arduino_101\libarc32drv_arduino101.a(nble_driver.o)
 .text.nble_ipc_tx_wake_cb
                0x40037e30       0x10 C:\Users\Austen\AppData\Local\arduino15\packages\Intel\hardware\arc32\2.0.2\variants\arduino_101\libarc32drv_arduino101.a(nble_driver.o)
 .text.on_nble_curie_log
                0x40037e40       0x40 C:\Users\Austen\AppData\Local\arduino15\packages\Intel\hardware\arc32\2.0.2\variants\arduino_101\libarc32drv_arduino101.a(nble_driver.o)
                0x40037e40                on_nble_curie_log
 .text.rpc_alloc_cb
                0x40037e80       0x44 C:\Users\Austen\AppData\Local\arduino15\packages\Intel\hardware\arc32\2.0.2\variants\arduino_101\libarc32drv_arduino101.a(nble_driver.o)
                0x40037e80                rpc_alloc_cb
 .text.rpc_transmit_cb
                0x40037ec4       0x5c C:\Users\Austen\AppData\Local\arduino15\packages\Intel\hardware\arc32\2.0.2\variants\arduino_101\libarc32drv_arduino101.a(nble_driver.o)
                0x40037ec4                rpc_transmit_cb
 .text.nble_driver_init
                0x40037f20      0x110 C:\Users\Austen\AppData\Local\arduino15\packages\Intel\hardware\arc32\2.0.2\variants\arduino_101\libarc32drv_arduino101.a(nble_driver.o)
                0x40037f20                nble_driver_init
 .text.nble_driver_configure
                0x40038030       0x64 C:\Users\Austen\AppData\Local\arduino15\packages\Intel\hardware\arc32\2.0.2\variants\arduino_101\libarc32drv_arduino101.a(nble_driver.o)
                0x40038030                nble_driver_configure
 .text.on_nble_curie_init
                0x40038094       0x10 C:\Users\Austen\AppData\Local\arduino15\packages\Intel\hardware\arc32\2.0.2\variants\arduino_101\libarc32drv_arduino101.a(nble_driver.o)
                0x40038094                on_nble_curie_init
 .text.cfw_alloc_message
                0x400380a4       0x10 C:\Users\Austen\AppData\Local\arduino15\packages\Intel\hardware\arc32\2.0.2\variants\arduino_101\libarc32drv_arduino101.a(client_api.o)
                0x400380a4                cfw_alloc_message
 .text.cfw_register_service
                0x400380b4       0x48 C:\Users\Austen\AppData\Local\arduino15\packages\Intel\hardware\arc32\2.0.2\variants\arduino_101\libarc32drv_arduino101.a(service_api.o)
                0x400380b4                cfw_register_service
 .text.cfw_alloc_rsp_msg
                0x400380fc       0x50 C:\Users\Austen\AppData\Local\arduino15\packages\Intel\hardware\arc32\2.0.2\variants\arduino_101\libarc32drv_arduino101.a(service_api.o)
                0x400380fc                cfw_alloc_rsp_msg
 .text._cfw_send_message
                0x4003814c       0x10 C:\Users\Austen\AppData\Local\arduino15\packages\Intel\hardware\arc32\2.0.2\variants\arduino_101\libarc32drv_arduino101.a(service_api.o)
                0x4003814c                _cfw_send_message
 .text.cfw_msg_free
                0x4003815c       0x10 C:\Users\Austen\AppData\Local\arduino15\packages\Intel\hardware\arc32\2.0.2\variants\arduino_101\libarc32drv_arduino101.a(service_api.o)
                0x4003815c                cfw_msg_free
 .text.send_service_avail_evt
                0x4003816c       0x7c C:\Users\Austen\AppData\Local\arduino15\packages\Intel\hardware\arc32\2.0.2\variants\arduino_101\libarc32drv_arduino101.a(service_manager.o)
 .text.notify_service_avail_cb
                0x400381e8       0x38 C:\Users\Austen\AppData\Local\arduino15\packages\Intel\hardware\arc32\2.0.2\variants\arduino_101\libarc32drv_arduino101.a(service_manager.o)
                0x400381e8                notify_service_avail_cb
 .text.add_service_avail_listener
                0x40038220       0x64 C:\Users\Austen\AppData\Local\arduino15\packages\Intel\hardware\arc32\2.0.2\variants\arduino_101\libarc32drv_arduino101.a(service_manager.o)
                0x40038220                add_service_avail_listener
 .text.notify_service_avail
                0x40038284       0x2c C:\Users\Austen\AppData\Local\arduino15\packages\Intel\hardware\arc32\2.0.2\variants\arduino_101\libarc32drv_arduino101.a(service_manager.o)
                0x40038284                notify_service_avail
 .text.get_event_registered_list
                0x400382b0       0x28 C:\Users\Austen\AppData\Local\arduino15\packages\Intel\hardware\arc32\2.0.2\variants\arduino_101\libarc32drv_arduino101.a(service_manager.o)
                0x400382b0                get_event_registered_list
 .text._cfw_register_event
                0x400382d8       0x5c C:\Users\Austen\AppData\Local\arduino15\packages\Intel\hardware\arc32\2.0.2\variants\arduino_101\libarc32drv_arduino101.a(service_manager.o)
                0x400382d8                _cfw_register_event
 .text._find_service
                0x40038334       0x30 C:\Users\Austen\AppData\Local\arduino15\packages\Intel\hardware\arc32\2.0.2\variants\arduino_101\libarc32drv_arduino101.a(service_manager.o)
                0x40038334                _find_service
 .text.cfw_get_service
                0x40038364       0x28 C:\Users\Austen\AppData\Local\arduino15\packages\Intel\hardware\arc32\2.0.2\variants\arduino_101\libarc32drv_arduino101.a(service_manager.o)
                0x40038364                cfw_get_service
 .text.internal_handle_message
                0x4003838c      0x230 C:\Users\Austen\AppData\Local\arduino15\packages\Intel\hardware\arc32\2.0.2\variants\arduino_101\libarc32drv_arduino101.a(service_manager.o)
                0x4003838c                internal_handle_message
 .text.cfw_get_service_mgr_port_id
                0x400385bc       0x14 C:\Users\Austen\AppData\Local\arduino15\packages\Intel\hardware\arc32\2.0.2\variants\arduino_101\libarc32drv_arduino101.a(service_manager.o)
                0x400385bc                cfw_get_service_mgr_port_id
 .text._cfw_init
                0x400385d0       0x34 C:\Users\Austen\AppData\Local\arduino15\packages\Intel\hardware\arc32\2.0.2\variants\arduino_101\libarc32drv_arduino101.a(service_manager.o)
                0x400385d0                _cfw_init
 .text._add_service
                0x40038604       0x4c C:\Users\Austen\AppData\Local\arduino15\packages\Intel\hardware\arc32\2.0.2\variants\arduino_101\libarc32drv_arduino101.a(service_manager.o)
                0x40038604                _add_service
 .text._cfw_register_service
                0x40038650       0x80 C:\Users\Austen\AppData\Local\arduino15\packages\Intel\hardware\arc32\2.0.2\variants\arduino_101\libarc32drv_arduino101.a(service_manager.o)
                0x40038650                _cfw_register_service
 .text.handle_ipc_sync_request
                0x400386d0       0x7c C:\Users\Austen\AppData\Local\arduino15\packages\Intel\hardware\arc32\2.0.2\variants\arduino_101\libarc32drv_arduino101.a(service_manager.o)
                0x400386d0                handle_ipc_sync_request
 .text.ipc_init
                0x4003874c       0x48 C:\Users\Austen\AppData\Local\arduino15\packages\Intel\hardware\arc32\2.0.2\variants\arduino_101\libarc32drv_arduino101.a(ipc.o)
                0x4003874c                ipc_init
 .text.ipc_handle_message
                0x40038794       0xc0 C:\Users\Austen\AppData\Local\arduino15\packages\Intel\hardware\arc32\2.0.2\variants\arduino_101\libarc32drv_arduino101.a(ipc.o)
                0x40038794                ipc_handle_message
 .text.ipc_request_sync_int
                0x40038854      0x180 C:\Users\Austen\AppData\Local\arduino15\packages\Intel\hardware\arc32\2.0.2\variants\arduino_101\libarc32drv_arduino101.a(ipc.o)
                0x40038854                ipc_request_sync_int
 .text.ipc_sync_callback
                0x400389d4       0x54 C:\Users\Austen\AppData\Local\arduino15\packages\Intel\hardware\arc32\2.0.2\variants\arduino_101\libarc32drv_arduino101.a(ipc_callback.o)
                0x400389d4                ipc_sync_callback
 .text.log_vprintk
                0x40038a28       0x48 C:\Users\Austen\AppData\Local\arduino15\packages\Intel\hardware\arc32\2.0.2\variants\arduino_101\libarc32drv_arduino101.a(log.o)
                0x40038a28                log_vprintk
 .text.log_printk
                0x40038a70       0x38 C:\Users\Austen\AppData\Local\arduino15\packages\Intel\hardware\arc32\2.0.2\variants\arduino_101\libarc32drv_arduino101.a(log.o)
                0x40038a70                log_printk
 .text.log_write_msg
                0x40038aa8       0x1c C:\Users\Austen\AppData\Local\arduino15\packages\Intel\hardware\arc32\2.0.2\variants\arduino_101\libarc32drv_arduino101.a(log_impl_printk.o)
                0x40038aa8                log_write_msg
 .text.get_port
                0x40038ac4       0x3c C:\Users\Austen\AppData\Local\arduino15\packages\Intel\hardware\arc32\2.0.2\variants\arduino_101\libarc32drv_arduino101.a(port.o)
 .text.get_cpu_id
                0x40038b00       0x14 C:\Users\Austen\AppData\Local\arduino15\packages\Intel\hardware\arc32\2.0.2\variants\arduino_101\libarc32drv_arduino101.a(port.o)
                0x40038b00                get_cpu_id
 .text.port_get_port_table
                0x40038b14       0x14 C:\Users\Austen\AppData\Local\arduino15\packages\Intel\hardware\arc32\2.0.2\variants\arduino_101\libarc32drv_arduino101.a(port.o)
                0x40038b14                port_get_port_table
 .text.port_alloc
                0x40038b28       0x64 C:\Users\Austen\AppData\Local\arduino15\packages\Intel\hardware\arc32\2.0.2\variants\arduino_101\libarc32drv_arduino101.a(port.o)
                0x40038b28                port_alloc
 .text.port_set_handler
                0x40038b8c       0x28 C:\Users\Austen\AppData\Local\arduino15\packages\Intel\hardware\arc32\2.0.2\variants\arduino_101\libarc32drv_arduino101.a(port.o)
                0x40038b8c                port_set_handler
 .text.message_alloc
                0x40038bb4       0x38 C:\Users\Austen\AppData\Local\arduino15\packages\Intel\hardware\arc32\2.0.2\variants\arduino_101\libarc32drv_arduino101.a(port.o)
                0x40038bb4                message_alloc
 .text.port_process_message
                0x40038bec       0x40 C:\Users\Austen\AppData\Local\arduino15\packages\Intel\hardware\arc32\2.0.2\variants\arduino_101\libarc32drv_arduino101.a(port.o)
                0x40038bec                port_process_message
 .text.port_set_cpu_id
                0x40038c2c       0x28 C:\Users\Austen\AppData\Local\arduino15\packages\Intel\hardware\arc32\2.0.2\variants\arduino_101\libarc32drv_arduino101.a(port.o)
                0x40038c2c                port_set_cpu_id
 .text.port_get_cpu_id
                0x40038c54       0x20 C:\Users\Austen\AppData\Local\arduino15\packages\Intel\hardware\arc32\2.0.2\variants\arduino_101\libarc32drv_arduino101.a(port.o)
                0x40038c54                port_get_cpu_id
 .text.set_cpu_id
                0x40038c74       0x14 C:\Users\Austen\AppData\Local\arduino15\packages\Intel\hardware\arc32\2.0.2\variants\arduino_101\libarc32drv_arduino101.a(port.o)
                0x40038c74                set_cpu_id
 .text.set_cpu_message_sender
                0x40038c88       0x18 C:\Users\Austen\AppData\Local\arduino15\packages\Intel\hardware\arc32\2.0.2\variants\arduino_101\libarc32drv_arduino101.a(port.o)
                0x40038c88                set_cpu_message_sender
 .text.set_cpu_free_handler
                0x40038ca0       0x18 C:\Users\Austen\AppData\Local\arduino15\packages\Intel\hardware\arc32\2.0.2\variants\arduino_101\libarc32drv_arduino101.a(port.o)
                0x40038ca0                set_cpu_free_handler
 .text.port_send_message
                0x40038cb8       0x94 C:\Users\Austen\AppData\Local\arduino15\packages\Intel\hardware\arc32\2.0.2\variants\arduino_101\libarc32drv_arduino101.a(port.o)
                0x40038cb8                port_send_message
 .text.message_free
                0x40038d4c       0x88 C:\Users\Austen\AppData\Local\arduino15\packages\Intel\hardware\arc32\2.0.2\variants\arduino_101\libarc32drv_arduino101.a(port.o)
                0x40038d4c                message_free
 .text.queue_process_message
                0x40038dd4       0x40 C:\Users\Austen\AppData\Local\arduino15\packages\Intel\hardware\arc32\2.0.2\variants\arduino_101\libarc32drv_arduino101.a(port.o)
                0x40038dd4                queue_process_message
 .text.get_uptime_32k
                0x40038e14       0x14 C:\Users\Austen\AppData\Local\arduino15\packages\Intel\hardware\arc32\2.0.2\variants\arduino_101\libarc32drv_arduino101.a(uptime.o)
                0x40038e14                get_uptime_32k
 .text.get_uptime_ms
                0x40038e28       0x28 C:\Users\Austen\AppData\Local\arduino15\packages\Intel\hardware\arc32\2.0.2\variants\arduino_101\libarc32drv_arduino101.a(uptime.o)
                0x40038e28                get_uptime_ms
 .text.list_init
                0x40038e50       0x14 C:\Users\Austen\AppData\Local\arduino15\packages\Intel\hardware\arc32\2.0.2\variants\arduino_101\libarc32drv_arduino101.a(list.o)
                0x40038e50                list_init
 .text.list_add
                0x40038e64       0x28 C:\Users\Austen\AppData\Local\arduino15\packages\Intel\hardware\arc32\2.0.2\variants\arduino_101\libarc32drv_arduino101.a(list.o)
                0x40038e64                list_add
 .text.list_foreach_del
                0x40038e8c       0x60 C:\Users\Austen\AppData\Local\arduino15\packages\Intel\hardware\arc32\2.0.2\variants\arduino_101\libarc32drv_arduino101.a(list.o)
                0x40038e8c                list_foreach_del
 .text.list_get
                0x40038eec       0x24 C:\Users\Austen\AppData\Local\arduino15\packages\Intel\hardware\arc32\2.0.2\variants\arduino_101\libarc32drv_arduino101.a(list.o)
                0x40038eec                list_get
 .text.os_abstraction_init_malloc
                0x40038f10       0x44 C:\Users\Austen\AppData\Local\arduino15\packages\Intel\hardware\arc32\2.0.2\variants\arduino_101\libarc32drv_arduino101.a(balloc.o)
                0x40038f10                os_abstraction_init_malloc
 .text.balloc   0x40038f54       0xfc C:\Users\Austen\AppData\Local\arduino15\packages\Intel\hardware\arc32\2.0.2\variants\arduino_101\libarc32drv_arduino101.a(balloc.o)
                0x40038f54                balloc
 .text.bfree    0x40039050       0xa8 C:\Users\Austen\AppData\Local\arduino15\packages\Intel\hardware\arc32\2.0.2\variants\arduino_101\libarc32drv_arduino101.a(balloc.o)
                0x40039050                bfree
 .text.queue_get_message
                0x400390f8       0x28 C:\Users\Austen\AppData\Local\arduino15\packages\Intel\hardware\arc32\2.0.2\variants\arduino_101\libarc32drv_arduino101.a(os.o)
                0x400390f8                queue_get_message
 .text.queue_send_message
                0x40039120       0x24 C:\Users\Austen\AppData\Local\arduino15\packages\Intel\hardware\arc32\2.0.2\variants\arduino_101\libarc32drv_arduino101.a(os.o)
                0x40039120                queue_send_message
 .text.queue_create
                0x40039144       0x54 C:\Users\Austen\AppData\Local\arduino15\packages\Intel\hardware\arc32\2.0.2\variants\arduino_101\libarc32drv_arduino101.a(os.o)
                0x40039144                queue_create
 .text.mutex_create
                0x40039198       0x10 C:\Users\Austen\AppData\Local\arduino15\packages\Intel\hardware\arc32\2.0.2\variants\arduino_101\libarc32drv_arduino101.a(os.o)
                0x40039198                mutex_create
 .text.mutex_unlock
                0x400391a8        0xc C:\Users\Austen\AppData\Local\arduino15\packages\Intel\hardware\arc32\2.0.2\variants\arduino_101\libarc32drv_arduino101.a(os.o)
                0x400391a8                mutex_unlock
 .text.mutex_lock
                0x400391b4       0x10 C:\Users\Austen\AppData\Local\arduino15\packages\Intel\hardware\arc32\2.0.2\variants\arduino_101\libarc32drv_arduino101.a(os.o)
                0x400391b4                mutex_lock
 .text.panic    0x400391c4       0x10 C:\Users\Austen\AppData\Local\arduino15\packages\Intel\hardware\arc32\2.0.2\variants\arduino_101\libarc32drv_arduino101.a(panic.o)
                0x400391c4                panic
 .text.__assert_fail
                0x400391d4       0x10 C:\Users\Austen\AppData\Local\arduino15\packages\Intel\hardware\arc32\2.0.2\variants\arduino_101\libarc32drv_arduino101.a(panic.o)
                0x400391d4                __assert_fail
 .text._Fault   0x400391e4       0x50 C:\Users\Austen\AppData\Local\arduino15\packages\Intel\hardware\arc32\2.0.2\variants\arduino_101\libarc32drv_arduino101.a(panic.o)
                0x400391e4                _Fault
 .text.__assert_func
                0x40039234       0x74 c:/users/austen/appdata/local/arduino15/packages/intel/tools/arc-elf32/1.6.9+1.0.1/bin/../lib/gcc/arc-elf32/4.8.5/../../../../arc-elf32/lib\libc.a(lib_a-assert.o)
                0x40039234                __assert_func
 .text.fiprintf
                0x400392a8       0x68 c:/users/austen/appdata/local/arduino15/packages/intel/tools/arc-elf32/1.6.9+1.0.1/bin/../lib/gcc/arc-elf32/4.8.5/../../../../arc-elf32/lib\libc.a(lib_a-fiprintf.o)
                0x400392a8                fiprintf
 .text.__sprint_r
                0x40039310       0xf4 c:/users/austen/appdata/local/arduino15/packages/intel/tools/arc-elf32/1.6.9+1.0.1/bin/../lib/gcc/arc-elf32/4.8.5/../../../../arc-elf32/lib\libc.a(lib_a-vfiprintf.o)
                0x40039310                __sprint_r
 .text.__sbprintf
                0x40039404       0xfc c:/users/austen/appdata/local/arduino15/packages/intel/tools/arc-elf32/1.6.9+1.0.1/bin/../lib/gcc/arc-elf32/4.8.5/../../../../arc-elf32/lib\libc.a(lib_a-vfiprintf.o)
 .text._vfiprintf_r
                0x40039500      0xdf0 c:/users/austen/appdata/local/arduino15/packages/intel/tools/arc-elf32/1.6.9+1.0.1/bin/../lib/gcc/arc-elf32/4.8.5/../../../../arc-elf32/lib\libc.a(lib_a-vfiprintf.o)
                0x40039500                _vfiprintf_r
 .text.__swsetup_r
                0x4003a2f0      0x134 c:/users/austen/appdata/local/arduino15/packages/intel/tools/arc-elf32/1.6.9+1.0.1/bin/../lib/gcc/arc-elf32/4.8.5/../../../../arc-elf32/lib\libc.a(lib_a-wsetup.o)
                0x4003a2f0                __swsetup_r
 .text.abort    0x4003a424       0x14 c:/users/austen/appdata/local/arduino15/packages/intel/tools/arc-elf32/1.6.9+1.0.1/bin/../lib/gcc/arc-elf32/4.8.5/../../../../arc-elf32/lib\libc.a(lib_a-abort.o)
                0x4003a424                abort
 .text.__sflush_r
                0x4003a438      0x23c c:/users/austen/appdata/local/arduino15/packages/intel/tools/arc-elf32/1.6.9+1.0.1/bin/../lib/gcc/arc-elf32/4.8.5/../../../../arc-elf32/lib\libc.a(lib_a-fflush.o)
                0x4003a438                __sflush_r
 .text._fflush_r
                0x4003a674       0x70 c:/users/austen/appdata/local/arduino15/packages/intel/tools/arc-elf32/1.6.9+1.0.1/bin/../lib/gcc/arc-elf32/4.8.5/../../../../arc-elf32/lib\libc.a(lib_a-fflush.o)
                0x4003a674                _fflush_r
 .text.std      0x4003a6e4       0xc0 c:/users/austen/appdata/local/arduino15/packages/intel/tools/arc-elf32/1.6.9+1.0.1/bin/../lib/gcc/arc-elf32/4.8.5/../../../../arc-elf32/lib\libc.a(lib_a-findfp.o)
 .text._cleanup_r
                0x4003a7a4       0x30 c:/users/austen/appdata/local/arduino15/packages/intel/tools/arc-elf32/1.6.9+1.0.1/bin/../lib/gcc/arc-elf32/4.8.5/../../../../arc-elf32/lib\libc.a(lib_a-findfp.o)
                0x4003a7a4                _cleanup_r
 .text.__sinit  0x4003a7d4       0xa8 c:/users/austen/appdata/local/arduino15/packages/intel/tools/arc-elf32/1.6.9+1.0.1/bin/../lib/gcc/arc-elf32/4.8.5/../../../../arc-elf32/lib\libc.a(lib_a-findfp.o)
                0x4003a7d4                __sinit
 .text.__sfp_lock_acquire
                0x4003a87c        0xc c:/users/austen/appdata/local/arduino15/packages/intel/tools/arc-elf32/1.6.9+1.0.1/bin/../lib/gcc/arc-elf32/4.8.5/../../../../arc-elf32/lib\libc.a(lib_a-findfp.o)
                0x4003a87c                __sfp_lock_acquire
 .text.__sfp_lock_release
                0x4003a888        0xc c:/users/austen/appdata/local/arduino15/packages/intel/tools/arc-elf32/1.6.9+1.0.1/bin/../lib/gcc/arc-elf32/4.8.5/../../../../arc-elf32/lib\libc.a(lib_a-findfp.o)
                0x4003a888                __sfp_lock_release
 .text.__sinit_lock_acquire
                0x4003a894        0xc c:/users/austen/appdata/local/arduino15/packages/intel/tools/arc-elf32/1.6.9+1.0.1/bin/../lib/gcc/arc-elf32/4.8.5/../../../../arc-elf32/lib\libc.a(lib_a-findfp.o)
                0x4003a894                __sinit_lock_acquire
 .text.__sinit_lock_release
                0x4003a8a0        0xc c:/users/austen/appdata/local/arduino15/packages/intel/tools/arc-elf32/1.6.9+1.0.1/bin/../lib/gcc/arc-elf32/4.8.5/../../../../arc-elf32/lib\libc.a(lib_a-findfp.o)
                0x4003a8a0                __sinit_lock_release
 .text.__fputwc
                0x4003a8ac      0x190 c:/users/austen/appdata/local/arduino15/packages/intel/tools/arc-elf32/1.6.9+1.0.1/bin/../lib/gcc/arc-elf32/4.8.5/../../../../arc-elf32/lib\libc.a(lib_a-fputwc.o)
                0x4003a8ac                __fputwc
 .text._fputwc_r
                0x4003aa3c       0x84 c:/users/austen/appdata/local/arduino15/packages/intel/tools/arc-elf32/1.6.9+1.0.1/bin/../lib/gcc/arc-elf32/4.8.5/../../../../arc-elf32/lib\libc.a(lib_a-fputwc.o)
                0x4003aa3c                _fputwc_r
 .text._free_r  0x4003aac0      0x43c c:/users/austen/appdata/local/arduino15/packages/intel/tools/arc-elf32/1.6.9+1.0.1/bin/../lib/gcc/arc-elf32/4.8.5/../../../../arc-elf32/lib\libc.a(lib_a-freer.o)
                0x4003aac0                _free_r
 .text._malloc_trim_r
                0x4003aefc      0x164 c:/users/austen/appdata/local/arduino15/packages/intel/tools/arc-elf32/1.6.9+1.0.1/bin/../lib/gcc/arc-elf32/4.8.5/../../../../arc-elf32/lib\libc.a(lib_a-freer.o)
                0x4003aefc                _malloc_trim_r
 .text.__sfvwrite_r
                0x4003b060      0x450 c:/users/austen/appdata/local/arduino15/packages/intel/tools/arc-elf32/1.6.9+1.0.1/bin/../lib/gcc/arc-elf32/4.8.5/../../../../arc-elf32/lib\libc.a(lib_a-fvwrite.o)
                0x4003b060                __sfvwrite_r
 .text._fwalk_reent
                0x4003b4b0       0x88 c:/users/austen/appdata/local/arduino15/packages/intel/tools/arc-elf32/1.6.9+1.0.1/bin/../lib/gcc/arc-elf32/4.8.5/../../../../arc-elf32/lib\libc.a(lib_a-fwalk.o)
                0x4003b4b0                _fwalk_reent
 .text.__locale_charset
                0x4003b538       0x14 c:/users/austen/appdata/local/arduino15/packages/intel/tools/arc-elf32/1.6.9+1.0.1/bin/../lib/gcc/arc-elf32/4.8.5/../../../../arc-elf32/lib\libc.a(lib_a-locale.o)
                0x4003b538                __locale_charset
 .text.__locale_mb_cur_max
                0x4003b54c       0x18 c:/users/austen/appdata/local/arduino15/packages/intel/tools/arc-elf32/1.6.9+1.0.1/bin/../lib/gcc/arc-elf32/4.8.5/../../../../arc-elf32/lib\libc.a(lib_a-locale.o)
                0x4003b54c                __locale_mb_cur_max
 .text.__smakebuf_r
                0x4003b564      0x154 c:/users/austen/appdata/local/arduino15/packages/intel/tools/arc-elf32/1.6.9+1.0.1/bin/../lib/gcc/arc-elf32/4.8.5/../../../../arc-elf32/lib\libc.a(lib_a-makebuf.o)
                0x4003b564                __smakebuf_r
 .text.malloc_extend_top
                0x4003b6b8      0x2f8 c:/users/austen/appdata/local/arduino15/packages/intel/tools/arc-elf32/1.6.9+1.0.1/bin/../lib/gcc/arc-elf32/4.8.5/../../../../arc-elf32/lib\libc.a(lib_a-mallocr.o)
 .text._malloc_r
                0x4003b9b0      0x8d4 c:/users/austen/appdata/local/arduino15/packages/intel/tools/arc-elf32/1.6.9+1.0.1/bin/../lib/gcc/arc-elf32/4.8.5/../../../../arc-elf32/lib\libc.a(lib_a-mallocr.o)
                0x4003b9b0                _malloc_r
 .text.memchr   0x4003c284      0x170 c:/users/austen/appdata/local/arduino15/packages/intel/tools/arc-elf32/1.6.9+1.0.1/bin/../lib/gcc/arc-elf32/4.8.5/../../../../arc-elf32/lib\libc.a(lib_a-memchr.o)
                0x4003c284                memchr
 .text.memmove  0x4003c3f4      0x1c0 c:/users/austen/appdata/local/arduino15/packages/intel/tools/arc-elf32/1.6.9+1.0.1/bin/../lib/gcc/arc-elf32/4.8.5/../../../../arc-elf32/lib\libc.a(lib_a-memmove.o)
                0x4003c3f4                memmove
 .text.__malloc_lock
                0x4003c5b4       0x14 c:/users/austen/appdata/local/arduino15/packages/intel/tools/arc-elf32/1.6.9+1.0.1/bin/../lib/gcc/arc-elf32/4.8.5/../../../../arc-elf32/lib\libc.a(lib_a-mlock.o)
                0x4003c5b4                __malloc_lock
 .text.__malloc_unlock
                0x4003c5c8       0x14 c:/users/austen/appdata/local/arduino15/packages/intel/tools/arc-elf32/1.6.9+1.0.1/bin/../lib/gcc/arc-elf32/4.8.5/../../../../arc-elf32/lib\libc.a(lib_a-mlock.o)
                0x4003c5c8                __malloc_unlock
 .text._realloc_r
                0x4003c5dc      0x9e8 c:/users/austen/appdata/local/arduino15/packages/intel/tools/arc-elf32/1.6.9+1.0.1/bin/../lib/gcc/arc-elf32/4.8.5/../../../../arc-elf32/lib\libc.a(lib_a-reallocr.o)
                0x4003c5dc                _realloc_r
 .text._sbrk_r  0x4003cfc4       0x5c c:/users/austen/appdata/local/arduino15/packages/intel/tools/arc-elf32/1.6.9+1.0.1/bin/../lib/gcc/arc-elf32/4.8.5/../../../../arc-elf32/lib\libc.a(lib_a-sbrkr.o)
                0x4003cfc4                _sbrk_r
 .text._raise_r
                0x4003d020       0xcc c:/users/austen/appdata/local/arduino15/packages/intel/tools/arc-elf32/1.6.9+1.0.1/bin/../lib/gcc/arc-elf32/4.8.5/../../../../arc-elf32/lib\libc.a(lib_a-signal.o)
                0x4003d020                _raise_r
 .text.raise    0x4003d0ec       0x30 c:/users/austen/appdata/local/arduino15/packages/intel/tools/arc-elf32/1.6.9+1.0.1/bin/../lib/gcc/arc-elf32/4.8.5/../../../../arc-elf32/lib\libc.a(lib_a-signal.o)
                0x4003d0ec                raise
 .text._kill_r  0x4003d11c       0x64 c:/users/austen/appdata/local/arduino15/packages/intel/tools/arc-elf32/1.6.9+1.0.1/bin/../lib/gcc/arc-elf32/4.8.5/../../../../arc-elf32/lib\libc.a(lib_a-signalr.o)
                0x4003d11c                _kill_r
 .text._getpid_r
                0x4003d180       0x28 c:/users/austen/appdata/local/arduino15/packages/intel/tools/arc-elf32/1.6.9+1.0.1/bin/../lib/gcc/arc-elf32/4.8.5/../../../../arc-elf32/lib\libc.a(lib_a-signalr.o)
                0x4003d180                _getpid_r
 .text.__sread  0x4003d1a8       0x68 c:/users/austen/appdata/local/arduino15/packages/intel/tools/arc-elf32/1.6.9+1.0.1/bin/../lib/gcc/arc-elf32/4.8.5/../../../../arc-elf32/lib\libc.a(lib_a-stdio.o)
                0x4003d1a8                __sread
 .text.__swrite
                0x4003d210       0x74 c:/users/austen/appdata/local/arduino15/packages/intel/tools/arc-elf32/1.6.9+1.0.1/bin/../lib/gcc/arc-elf32/4.8.5/../../../../arc-elf32/lib\libc.a(lib_a-stdio.o)
                0x4003d210                __swrite
 .text.__sseek  0x4003d284       0x68 c:/users/austen/appdata/local/arduino15/packages/intel/tools/arc-elf32/1.6.9+1.0.1/bin/../lib/gcc/arc-elf32/4.8.5/../../../../arc-elf32/lib\libc.a(lib_a-stdio.o)
                0x4003d284                __sseek
 .text.__sclose
                0x4003d2ec       0x38 c:/users/austen/appdata/local/arduino15/packages/intel/tools/arc-elf32/1.6.9+1.0.1/bin/../lib/gcc/arc-elf32/4.8.5/../../../../arc-elf32/lib\libc.a(lib_a-stdio.o)
                0x4003d2ec                __sclose
 .text.__swbuf_r
                0x4003d324      0x100 c:/users/austen/appdata/local/arduino15/packages/intel/tools/arc-elf32/1.6.9+1.0.1/bin/../lib/gcc/arc-elf32/4.8.5/../../../../arc-elf32/lib\libc.a(lib_a-wbuf.o)
                0x4003d324                __swbuf_r
 .text._wcrtomb_r
                0x4003d424       0xac c:/users/austen/appdata/local/arduino15/packages/intel/tools/arc-elf32/1.6.9+1.0.1/bin/../lib/gcc/arc-elf32/4.8.5/../../../../arc-elf32/lib\libc.a(lib_a-wcrtomb.o)
                0x4003d424                _wcrtomb_r
 .text.__ascii_wctomb
                0x4003d4d0       0x60 c:/users/austen/appdata/local/arduino15/packages/intel/tools/arc-elf32/1.6.9+1.0.1/bin/../lib/gcc/arc-elf32/4.8.5/../../../../arc-elf32/lib\libc.a(lib_a-wctomb_r.o)
                0x4003d4d0                __ascii_wctomb
 .text._write_r
                0x4003d530       0x6c c:/users/austen/appdata/local/arduino15/packages/intel/tools/arc-elf32/1.6.9+1.0.1/bin/../lib/gcc/arc-elf32/4.8.5/../../../../arc-elf32/lib\libc.a(lib_a-writer.o)
                0x4003d530                _write_r
 .text._close_r
                0x4003d59c       0x5c c:/users/austen/appdata/local/arduino15/packages/intel/tools/arc-elf32/1.6.9+1.0.1/bin/../lib/gcc/arc-elf32/4.8.5/../../../../arc-elf32/lib\libc.a(lib_a-closer.o)
                0x4003d59c                _close_r
 .text._fclose_r
                0x4003d5f8       0xf8 c:/users/austen/appdata/local/arduino15/packages/intel/tools/arc-elf32/1.6.9+1.0.1/bin/../lib/gcc/arc-elf32/4.8.5/../../../../arc-elf32/lib\libc.a(lib_a-fclose.o)
                0x4003d5f8                _fclose_r
 .text._fstat_r
                0x4003d6f0       0x64 c:/users/austen/appdata/local/arduino15/packages/intel/tools/arc-elf32/1.6.9+1.0.1/bin/../lib/gcc/arc-elf32/4.8.5/../../../../arc-elf32/lib\libc.a(lib_a-fstatr.o)
                0x4003d6f0                _fstat_r
 .text._isatty_r
                0x4003d754       0x5c c:/users/austen/appdata/local/arduino15/packages/intel/tools/arc-elf32/1.6.9+1.0.1/bin/../lib/gcc/arc-elf32/4.8.5/../../../../arc-elf32/lib\libc.a(lib_a-isattyr.o)
                0x4003d754                _isatty_r
 .text._lseek_r
                0x4003d7b0       0x6c c:/users/austen/appdata/local/arduino15/packages/intel/tools/arc-elf32/1.6.9+1.0.1/bin/../lib/gcc/arc-elf32/4.8.5/../../../../arc-elf32/lib\libc.a(lib_a-lseekr.o)
                0x4003d7b0                _lseek_r
 .text._read_r  0x4003d81c       0x6c c:/users/austen/appdata/local/arduino15/packages/intel/tools/arc-elf32/1.6.9+1.0.1/bin/../lib/gcc/arc-elf32/4.8.5/../../../../arc-elf32/lib\libc.a(lib_a-readr.o)
                0x4003d81c                _read_r
 .text.__udivdi3
                0x4003d888      0x378 c:/users/austen/appdata/local/arduino15/packages/intel/tools/arc-elf32/1.6.9+1.0.1/bin/../lib/gcc/arc-elf32/4.8.5\libgcc.a(_udivdi3.o)
                0x4003d888                __udivdi3
 .text.__umoddi3
                0x4003dc00      0x33c c:/users/austen/appdata/local/arduino15/packages/intel/tools/arc-elf32/1.6.9+1.0.1/bin/../lib/gcc/arc-elf32/4.8.5\libgcc.a(_umoddi3.o)
                0x4003dc00                __umoddi3
 .text._Z6getPPMv
                0x4003df3c       0xf8 C:\Users\Austen\AppData\Local\Temp\VMBuilds\Wildfire\Intel_intel_arc32_arduino_101\Debug\Wildfire.cpp.o
                0x4003df3c                getPPM()
 .text._Z15getTemperatureFv
                0x4003e034       0x50 C:\Users\Austen\AppData\Local\Temp\VMBuilds\Wildfire\Intel_intel_arc32_arduino_101\Debug\Wildfire.cpp.o
                0x4003e034                getTemperatureF()
 .text._Z11getHumidityv
                0x4003e084       0x18 C:\Users\Austen\AppData\Local\Temp\VMBuilds\Wildfire\Intel_intel_arc32_arduino_101\Debug\Wildfire.cpp.o
                0x4003e084                getHumidity()
 .text._Z5getO3v
                0x4003e09c       0x30 C:\Users\Austen\AppData\Local\Temp\VMBuilds\Wildfire\Intel_intel_arc32_arduino_101\Debug\Wildfire.cpp.o
                0x4003e09c                getO3()
 .text._Z23MQResistanceCalculationi
                0x4003e0cc       0x28 C:\Users\Austen\AppData\Local\Temp\VMBuilds\Wildfire\Intel_intel_arc32_arduino_101\Debug\Wildfire.cpp.o
                0x4003e0cc                MQResistanceCalculation(int)
 .text._Z6MQReadi
                0x4003e0f4       0x48 C:\Users\Austen\AppData\Local\Temp\VMBuilds\Wildfire\Intel_intel_arc32_arduino_101\Debug\Wildfire.cpp.o
                0x4003e0f4                MQRead(int)
 .text._Z15MQGetPercentagefPf
                0x4003e13c       0x88 C:\Users\Austen\AppData\Local\Temp\VMBuilds\Wildfire\Intel_intel_arc32_arduino_101\Debug\Wildfire.cpp.o
                0x4003e13c                MQGetPercentage(float, float*)
 .text._Z6getGasf6String
                0x4003e1c4       0x74 C:\Users\Austen\AppData\Local\Temp\VMBuilds\Wildfire\Intel_intel_arc32_arduino_101\Debug\Wildfire.cpp.o
                0x4003e1c4                getGas(float, String)
 .text.loop     0x4003e238      0x1e8 C:\Users\Austen\AppData\Local\Temp\VMBuilds\Wildfire\Intel_intel_arc32_arduino_101\Debug\Wildfire.cpp.o
                0x4003e238                loop
 .text._GLOBAL__sub_I_LPGCurve
                0x4003e420       0x4c C:\Users\Austen\AppData\Local\Temp\VMBuilds\Wildfire\Intel_intel_arc32_arduino_101\Debug\Wildfire.cpp.o
 .text.setup    0x4003e46c       0x7c C:\Users\Austen\AppData\Local\Temp\VMBuilds\Wildfire\Intel_intel_arc32_arduino_101\Debug\Wildfire.cpp.o
                0x4003e46c                setup
 .text._ZN14SoftwareSerial4readEv
                0x4003e4e8       0x60 C:\Users\Austen\AppData\Local\Temp\VMBuilds\Wildfire\Intel_intel_arc32_arduino_101\Debug\CurieSoftwareSerial\SoftwareSerial.cpp.o
                0x4003e4e8                SoftwareSerial::read()
 .text._ZN14SoftwareSerial9availableEv
                0x4003e548       0x48 C:\Users\Austen\AppData\Local\Temp\VMBuilds\Wildfire\Intel_intel_arc32_arduino_101\Debug\CurieSoftwareSerial\SoftwareSerial.cpp.o
                0x4003e548                SoftwareSerial::available()
 .text._ZN14SoftwareSerial4peekEv
                0x4003e590       0x4c C:\Users\Austen\AppData\Local\Temp\VMBuilds\Wildfire\Intel_intel_arc32_arduino_101\Debug\CurieSoftwareSerial\SoftwareSerial.cpp.o
                0x4003e590                SoftwareSerial::peek()
 .text._ZN14SoftwareSerial4recvEv
                0x4003e5dc      0x1f4 C:\Users\Austen\AppData\Local\Temp\VMBuilds\Wildfire\Intel_intel_arc32_arduino_101\Debug\CurieSoftwareSerial\SoftwareSerial.cpp.o
                0x4003e5dc                SoftwareSerial::recv()
 .text._ZN14SoftwareSerial5writeEh
                0x4003e7d0      0x104 C:\Users\Austen\AppData\Local\Temp\VMBuilds\Wildfire\Intel_intel_arc32_arduino_101\Debug\CurieSoftwareSerial\SoftwareSerial.cpp.o
                0x4003e7d0                SoftwareSerial::write(unsigned char)
 .text._ZN14SoftwareSerial5flushEv
                0x4003e8d4       0x34 C:\Users\Austen\AppData\Local\Temp\VMBuilds\Wildfire\Intel_intel_arc32_arduino_101\Debug\CurieSoftwareSerial\SoftwareSerial.cpp.o
                0x4003e8d4                SoftwareSerial::flush()
 .text._ZN14SoftwareSerial13stopListeningEv
                0x4003e908       0x34 C:\Users\Austen\AppData\Local\Temp\VMBuilds\Wildfire\Intel_intel_arc32_arduino_101\Debug\CurieSoftwareSerial\SoftwareSerial.cpp.o
                0x4003e908                SoftwareSerial::stopListening()
 .text._ZN14SoftwareSerial6listenEv
                0x4003e93c       0xc4 C:\Users\Austen\AppData\Local\Temp\VMBuilds\Wildfire\Intel_intel_arc32_arduino_101\Debug\CurieSoftwareSerial\SoftwareSerial.cpp.o
                0x4003e93c                SoftwareSerial::listen()
 .text._ZN14SoftwareSerialD2Ev
                0x4003ea00       0x18 C:\Users\Austen\AppData\Local\Temp\VMBuilds\Wildfire\Intel_intel_arc32_arduino_101\Debug\CurieSoftwareSerial\SoftwareSerial.cpp.o
                0x4003ea00                SoftwareSerial::~SoftwareSerial()
                0x4003ea00                SoftwareSerial::~SoftwareSerial()
 .text._ZN14SoftwareSerialD0Ev
                0x4003ea18       0x24 C:\Users\Austen\AppData\Local\Temp\VMBuilds\Wildfire\Intel_intel_arc32_arduino_101\Debug\CurieSoftwareSerial\SoftwareSerial.cpp.o
                0x4003ea18                SoftwareSerial::~SoftwareSerial()
 .text._ZN14SoftwareSerial5setTXEh
                0x4003ea3c       0x34 C:\Users\Austen\AppData\Local\Temp\VMBuilds\Wildfire\Intel_intel_arc32_arduino_101\Debug\CurieSoftwareSerial\SoftwareSerial.cpp.o
                0x4003ea3c                SoftwareSerial::setTX(unsigned char)
 .text._ZN14SoftwareSerial5setRXEh
                0x4003ea70       0x3c C:\Users\Austen\AppData\Local\Temp\VMBuilds\Wildfire\Intel_intel_arc32_arduino_101\Debug\CurieSoftwareSerial\SoftwareSerial.cpp.o
                0x4003ea70                SoftwareSerial::setRX(unsigned char)
 .text._ZN14SoftwareSerialC2Emmb
                0x4003eaac       0x68 C:\Users\Austen\AppData\Local\Temp\VMBuilds\Wildfire\Intel_intel_arc32_arduino_101\Debug\CurieSoftwareSerial\SoftwareSerial.cpp.o
                0x4003eaac                SoftwareSerial::SoftwareSerial(unsigned long, unsigned long, bool)
                0x4003eaac                SoftwareSerial::SoftwareSerial(unsigned long, unsigned long, bool)
 .text._ZN14SoftwareSerial5beginEl
                0x4003eb14       0x90 C:\Users\Austen\AppData\Local\Temp\VMBuilds\Wildfire\Intel_intel_arc32_arduino_101\Debug\CurieSoftwareSerial\SoftwareSerial.cpp.o
                0x4003eb14                SoftwareSerial::begin(long)
 .text._ZN3DHTC2Ehhh
                0x4003eba4       0x18 C:\Users\Austen\AppData\Local\Temp\VMBuilds\Wildfire\Intel_intel_arc32_arduino_101\Debug\DHT_sensor_library\DHT.cpp.o
                0x4003eba4                DHT::DHT(unsigned char, unsigned char, unsigned char)
                0x4003eba4                DHT::DHT(unsigned char, unsigned char, unsigned char)
 .text._ZN3DHT11expectPulseEb
                0x4003ebbc       0x3c C:\Users\Austen\AppData\Local\Temp\VMBuilds\Wildfire\Intel_intel_arc32_arduino_101\Debug\DHT_sensor_library\DHT.cpp.o
                0x4003ebbc                DHT::expectPulse(bool)
 .text._ZN3DHT4readEb
                0x4003ebf8      0x138 C:\Users\Austen\AppData\Local\Temp\VMBuilds\Wildfire\Intel_intel_arc32_arduino_101\Debug\DHT_sensor_library\DHT.cpp.o
                0x4003ebf8                DHT::read(bool)
 .text._ZN3DHT15readTemperatureEbb
                0x4003ed30       0xc8 C:\Users\Austen\AppData\Local\Temp\VMBuilds\Wildfire\Intel_intel_arc32_arduino_101\Debug\DHT_sensor_library\DHT.cpp.o
                0x4003ed30                DHT::readTemperature(bool, bool)
 .text._ZN3DHT12readHumidityEb
                0x4003edf8       0x88 C:\Users\Austen\AppData\Local\Temp\VMBuilds\Wildfire\Intel_intel_arc32_arduino_101\Debug\DHT_sensor_library\DHT.cpp.o
                0x4003edf8                DHT::readHumidity(bool)
 .text._Z11serialEventv
                0x4003ee80        0xc C:\Users\Austen\AppData\Local\Temp\VMBuilds\Wildfire\Intel_intel_arc32_arduino_101\Debug\variant\variant.cpp.o
                0x4003ee80                serialEvent()
 .text._Z12UART_Handlerv
                0x4003ee8c       0x14 C:\Users\Austen\AppData\Local\Temp\VMBuilds\Wildfire\Intel_intel_arc32_arduino_101\Debug\variant\variant.cpp.o
                0x4003ee8c                UART_Handler()
 .text._Z12serialEvent1v
                0x4003eea0        0xc C:\Users\Austen\AppData\Local\Temp\VMBuilds\Wildfire\Intel_intel_arc32_arduino_101\Debug\variant\variant.cpp.o
                0x4003eea0                serialEvent1()
 .text.variantGpioInit
                0x4003eeac      0x104 C:\Users\Austen\AppData\Local\Temp\VMBuilds\Wildfire\Intel_intel_arc32_arduino_101\Debug\variant\variant.cpp.o
                0x4003eeac                variantGpioInit
 .text.variantPwmInit
                0x4003efb0       0x3c C:\Users\Austen\AppData\Local\Temp\VMBuilds\Wildfire\Intel_intel_arc32_arduino_101\Debug\variant\variant.cpp.o
                0x4003efb0                variantPwmInit
 .text.variantAdcInit
                0x4003efec       0xa8 C:\Users\Austen\AppData\Local\Temp\VMBuilds\Wildfire\Intel_intel_arc32_arduino_101\Debug\variant\variant.cpp.o
                0x4003efec                variantAdcInit
 .text.initVariant
                0x4003f094       0x4c C:\Users\Austen\AppData\Local\Temp\VMBuilds\Wildfire\Intel_intel_arc32_arduino_101\Debug\variant\variant.cpp.o
                0x4003f094                initVariant
 .text._GLOBAL__sub_I_g_APinDescription
                0x4003f0e0       0x5c C:\Users\Austen\AppData\Local\Temp\VMBuilds\Wildfire\Intel_intel_arc32_arduino_101\Debug\variant\variant.cpp.o
 .text._Z14serialEventRunv
                0x4003f13c       0x38 C:\Users\Austen\AppData\Local\Temp\VMBuilds\Wildfire\Intel_intel_arc32_arduino_101\Debug\variant\variant.cpp.o
                0x4003f13c                serialEventRun()
 .text.attachInterrupt
                0x4003f174       0xc4 C:\Users\Austen\AppData\Local\Temp\VMBuilds\Wildfire\Intel_intel_arc32_arduino_101\Debug/core.a(WInterrupts.c.o)
                0x4003f174                attachInterrupt
 .text.detachInterrupt
                0x4003f238       0x38 C:\Users\Austen\AppData\Local\Temp\VMBuilds\Wildfire\Intel_intel_arc32_arduino_101\Debug/core.a(WInterrupts.c.o)
                0x4003f238                detachInterrupt
 .text.interrupts
                0x4003f270       0x2c C:\Users\Austen\AppData\Local\Temp\VMBuilds\Wildfire\Intel_intel_arc32_arduino_101\Debug/core.a(WInterrupts.c.o)
                0x4003f270                interrupts
 .text.noInterrupts
                0x4003f29c       0x2c C:\Users\Austen\AppData\Local\Temp\VMBuilds\Wildfire\Intel_intel_arc32_arduino_101\Debug/core.a(WInterrupts.c.o)
                0x4003f29c                noInterrupts
 .text.delay    0x4003f2c8       0xc4 C:\Users\Austen\AppData\Local\Temp\VMBuilds\Wildfire\Intel_intel_arc32_arduino_101\Debug/core.a(wiring.c.o)
                0x4003f2c8                delay
 .text.millis   0x4003f38c       0x40 C:\Users\Austen\AppData\Local\Temp\VMBuilds\Wildfire\Intel_intel_arc32_arduino_101\Debug/core.a(wiring.c.o)
                0x4003f38c                millis
 .text.analogRead
                0x4003f3cc      0x104 C:\Users\Austen\AppData\Local\Temp\VMBuilds\Wildfire\Intel_intel_arc32_arduino_101\Debug/core.a(wiring_analog.c.o)
                0x4003f3cc                analogRead
 .text.pinMode  0x4003f4d0       0xfc C:\Users\Austen\AppData\Local\Temp\VMBuilds\Wildfire\Intel_intel_arc32_arduino_101\Debug/core.a(wiring_digital.c.o)
                0x4003f4d0                pinMode
 .text.digitalWrite
                0x4003f5cc      0x100 C:\Users\Austen\AppData\Local\Temp\VMBuilds\Wildfire\Intel_intel_arc32_arduino_101\Debug/core.a(wiring_digital.c.o)
                0x4003f5cc                digitalWrite
 .text.digitalRead
                0x4003f6cc       0x54 C:\Users\Austen\AppData\Local\Temp\VMBuilds\Wildfire\Intel_intel_arc32_arduino_101\Debug/core.a(wiring_digital.c.o)
                0x4003f6cc                digitalRead
 .text.dccm_malloc
                0x4003f720       0x30 C:\Users\Austen\AppData\Local\Temp\VMBuilds\Wildfire\Intel_intel_arc32_arduino_101\Debug/core.a(dccm_alloc.c.o)
                0x4003f720                dccm_malloc
 .text.dccm_memalign
                0x4003f750       0x38 C:\Users\Austen\AppData\Local\Temp\VMBuilds\Wildfire\Intel_intel_arc32_arduino_101\Debug/core.a(dccm_alloc.c.o)
                0x4003f750                dccm_memalign
 .text._ZN14CDCSerialClass3endEv
                0x4003f788       0x14 C:\Users\Austen\AppData\Local\Temp\VMBuilds\Wildfire\Intel_intel_arc32_arduino_101\Debug/core.a(CDCSerialClass.cpp.o)
                0x4003f788                CDCSerialClass::end()
 .text._ZN14CDCSerialClass4peekEv
                0x4003f79c       0x28 C:\Users\Austen\AppData\Local\Temp\VMBuilds\Wildfire\Intel_intel_arc32_arduino_101\Debug/core.a(CDCSerialClass.cpp.o)
                0x4003f79c                CDCSerialClass::peek()
 .text._ZN14CDCSerialClass4readEv
                0x4003f7c4       0x48 C:\Users\Austen\AppData\Local\Temp\VMBuilds\Wildfire\Intel_intel_arc32_arduino_101\Debug/core.a(CDCSerialClass.cpp.o)
                0x4003f7c4                CDCSerialClass::read()
 .text._ZN14CDCSerialClasscvbEv
                0x4003f80c       0x30 C:\Users\Austen\AppData\Local\Temp\VMBuilds\Wildfire\Intel_intel_arc32_arduino_101\Debug/core.a(CDCSerialClass.cpp.o)
                0x4003f80c                CDCSerialClass::operator bool()
 .text._ZN14CDCSerialClass5flushEv
                0x4003f83c       0x2c C:\Users\Austen\AppData\Local\Temp\VMBuilds\Wildfire\Intel_intel_arc32_arduino_101\Debug/core.a(CDCSerialClass.cpp.o)
                0x4003f83c                CDCSerialClass::flush()
 .text._ZN14CDCSerialClass9availableEv
                0x4003f868       0x40 C:\Users\Austen\AppData\Local\Temp\VMBuilds\Wildfire\Intel_intel_arc32_arduino_101\Debug/core.a(CDCSerialClass.cpp.o)
                0x4003f868                CDCSerialClass::available()
 .text._ZN14CDCSerialClass5writeEh
                0x4003f8a8       0x4c C:\Users\Austen\AppData\Local\Temp\VMBuilds\Wildfire\Intel_intel_arc32_arduino_101\Debug/core.a(CDCSerialClass.cpp.o)
                0x4003f8a8                CDCSerialClass::write(unsigned char)
 .text._ZN14CDCSerialClassC2EP14uart_init_info
                0x4003f8f4       0x20 C:\Users\Austen\AppData\Local\Temp\VMBuilds\Wildfire\Intel_intel_arc32_arduino_101\Debug/core.a(CDCSerialClass.cpp.o)
                0x4003f8f4                CDCSerialClass::CDCSerialClass(uart_init_info*)
                0x4003f8f4                CDCSerialClass::CDCSerialClass(uart_init_info*)