Archive member included to satisfy reference by file (symbol)

C:\Users\Austen\AppData\Local\arduino15\packages\Intel\hardware\arc32\2.0.2\variants\arduino_101\libarc32drv_arduino101.a(c_init.o)
                              (--whole-archive)
C:\Users\Austen\AppData\Local\arduino15\packages\Intel\hardware\arc32\2.0.2\variants\arduino_101\libarc32drv_arduino101.a(interrupt.o)
                              (--whole-archive)
C:\Users\Austen\AppData\Local\arduino15\packages\Intel\hardware\arc32\2.0.2\variants\arduino_101\libarc32drv_arduino101.a(version.o)
                              (--whole-archive)
C:\Users\Austen\AppData\Local\arduino15\packages\Intel\hardware\arc32\2.0.2\variants\arduino_101\libarc32drv_arduino101.a(arcv2_timer0.o)
                              (--whole-archive)
C:\Users\Austen\AppData\Local\arduino15\packages\Intel\hardware\arc32\2.0.2\variants\arduino_101\libarc32drv_arduino101.a(atomic_native.o)
                              (--whole-archive)
C:\Users\Austen\AppData\Local\arduino15\packages\Intel\hardware\arc32\2.0.2\variants\arduino_101\libarc32drv_arduino101.a(clk_system.o)
                              (--whole-archive)
C:\Users\Austen\AppData\Local\arduino15\packages\Intel\hardware\arc32\2.0.2\variants\arduino_101\libarc32drv_arduino101.a(intel_qrk_i2c.o)
                              (--whole-archive)
C:\Users\Austen\AppData\Local\arduino15\packages\Intel\hardware\arc32\2.0.2\variants\arduino_101\libarc32drv_arduino101.a(ipc_uart_ns16550.o)
                              (--whole-archive)
C:\Users\Austen\AppData\Local\arduino15\packages\Intel\hardware\arc32\2.0.2\variants\arduino_101\libarc32drv_arduino101.a(ns16550.o)
                              (--whole-archive)
C:\Users\Austen\AppData\Local\arduino15\packages\Intel\hardware\arc32\2.0.2\variants\arduino_101\libarc32drv_arduino101.a(soc_dma.o)
                              (--whole-archive)
C:\Users\Austen\AppData\Local\arduino15\packages\Intel\hardware\arc32\2.0.2\variants\arduino_101\libarc32drv_arduino101.a(soc_gpio.o)
                              (--whole-archive)
C:\Users\Austen\AppData\Local\arduino15\packages\Intel\hardware\arc32\2.0.2\variants\arduino_101\libarc32drv_arduino101.a(soc_i2s.o)
                              (--whole-archive)
C:\Users\Austen\AppData\Local\arduino15\packages\Intel\hardware\arc32\2.0.2\variants\arduino_101\libarc32drv_arduino101.a(ss_dw_i2c.o)
                              (--whole-archive)
C:\Users\Austen\AppData\Local\arduino15\packages\Intel\hardware\arc32\2.0.2\variants\arduino_101\libarc32drv_arduino101.a(ss_gpio_iface.o)
                              (--whole-archive)
C:\Users\Austen\AppData\Local\arduino15\packages\Intel\hardware\arc32\2.0.2\variants\arduino_101\libarc32drv_arduino101.a(ss_i2c_iface.o)
                              (--whole-archive)
C:\Users\Austen\AppData\Local\arduino15\packages\Intel\hardware\arc32\2.0.2\variants\arduino_101\libarc32drv_arduino101.a(ss_spi.o)
                              (--whole-archive)
C:\Users\Austen\AppData\Local\arduino15\packages\Intel\hardware\arc32\2.0.2\variants\arduino_101\libarc32drv_arduino101.a(rpc_deserialize.o)
                              (--whole-archive)
C:\Users\Austen\AppData\Local\arduino15\packages\Intel\hardware\arc32\2.0.2\variants\arduino_101\libarc32drv_arduino101.a(rpc_serialize.o)
                              (--whole-archive)
C:\Users\Austen\AppData\Local\arduino15\packages\Intel\hardware\arc32\2.0.2\variants\arduino_101\libarc32drv_arduino101.a(cfw_platform.o)
                              (--whole-archive)
C:\Users\Austen\AppData\Local\arduino15\packages\Intel\hardware\arc32\2.0.2\variants\arduino_101\libarc32drv_arduino101.a(conn.o)
                              (--whole-archive)
C:\Users\Austen\AppData\Local\arduino15\packages\Intel\hardware\arc32\2.0.2\variants\arduino_101\libarc32drv_arduino101.a(dtm_tcmd.o)
                              (--whole-archive)
C:\Users\Austen\AppData\Local\arduino15\packages\Intel\hardware\arc32\2.0.2\variants\arduino_101\libarc32drv_arduino101.a(gap.o)
                              (--whole-archive)
C:\Users\Austen\AppData\Local\arduino15\packages\Intel\hardware\arc32\2.0.2\variants\arduino_101\libarc32drv_arduino101.a(gatt.o)
                              (--whole-archive)
C:\Users\Austen\AppData\Local\arduino15\packages\Intel\hardware\arc32\2.0.2\variants\arduino_101\libarc32drv_arduino101.a(l2cap.o)
                              (--whole-archive)
C:\Users\Austen\AppData\Local\arduino15\packages\Intel\hardware\arc32\2.0.2\variants\arduino_101\libarc32drv_arduino101.a(smp_null.o)
                              (--whole-archive)
C:\Users\Austen\AppData\Local\arduino15\packages\Intel\hardware\arc32\2.0.2\variants\arduino_101\libarc32drv_arduino101.a(uuid.o)
                              (--whole-archive)
C:\Users\Austen\AppData\Local\arduino15\packages\Intel\hardware\arc32\2.0.2\variants\arduino_101\libarc32drv_arduino101.a(ble_service_api.o)
[...]
Memory Configuration

Name             Origin             Length             Attributes
FLASH            0x40034000         0x00026000         xr
SRAM             0xa800e000         0x00006000         xw
DCCM             0x80000000         0x00002000         xw
*default*        0x00000000         0xffffffff

Linker script and memory map

LOAD C:\Users\Austen\AppData\Local\arduino15\packages\Intel\hardware\arc32\2.0.2\variants\arduino_101\libarc32drv_arduino101.a
START GROUP
LOAD C:\Users\Austen\AppData\Local\arduino15\packages\Intel\hardware\arc32\2.0.2\variants\arduino_101\libarc32drv_arduino101.a
LOAD c:/users/austen/appdata/local/arduino15/packages/intel/tools/arc-elf32/1.6.9+1.0.1/bin/../lib/gcc/arc-elf32/4.8.5/../../../../arc-elf32/lib\libnsim.a
LOAD c:/users/austen/appdata/local/arduino15/packages/intel/tools/arc-elf32/1.6.9+1.0.1/bin/../lib/gcc/arc-elf32/4.8.5/../../../../arc-elf32/lib\libc.a
LOAD c:/users/austen/appdata/local/arduino15/packages/intel/tools/arc-elf32/1.6.9+1.0.1/bin/../lib/gcc/arc-elf32/4.8.5/../../../../arc-elf32/lib\libm.a
LOAD c:/users/austen/appdata/local/arduino15/packages/intel/tools/arc-elf32/1.6.9+1.0.1/bin/../lib/gcc/arc-elf32/4.8.5\libgcc.a
LOAD C:\Users\Austen\AppData\Local\Temp\VMBuilds\Temperature\Intel_intel_arc32_arduino_101\Debug\Temperature.cpp.o
LOAD C:\Users\Austen\AppData\Local\Temp\VMBuilds\Temperature\Intel_intel_arc32_arduino_101\Debug\Grove_HighTemp_Sensor-master\Hight_Temp.cpp.o
LOAD C:\Users\Austen\AppData\Local\Temp\VMBuilds\Temperature\Intel_intel_arc32_arduino_101\Debug\variant\variant.cpp.o
LOAD C:\Users\Austen\AppData\Local\Temp\VMBuilds\Temperature\Intel_intel_arc32_arduino_101\Debug/core.a
                0x00000800                __stack_size = 0x800
                0x00000400                __firq_stack_size = 0x400
                0x00002000                __HEAP_SIZE_MIN = 0x2000
                0x00001000                __PAGE_SIZE = 0x1000

text            0x40034000     0xc0d0
                0x40034000                __text_start = .
 *(.int_vector_table)
 .int_vector_table
                0x40034000      0x110 C:\Users\Austen\AppData\Local\arduino15\packages\Intel\hardware\arc32\2.0.2\variants\arduino_101\libarc32drv_arduino101.a(init.o)
 *(.int_vector_table.*)
 *(.version_header)
 .version_header
                0x40034110       0x30 C:\Users\Austen\AppData\Local\arduino15\packages\Intel\hardware\arc32\2.0.2\variants\arduino_101\libarc32drv_arduino101.a(version.o)
                0x40034110                version_header
 *(.version_header*)
 *(.text)
 .text          0x40034140       0x98 C:\Users\Austen\AppData\Local\arduino15\packages\Intel\hardware\arc32\2.0.2\variants\arduino_101\libarc32drv_arduino101.a(init.o)
                0x40034168                _exit_halt
                0x40034168                _do_fault
                0x40034188                _do_isr
 .text          0x400341d8       0xf8 c:/users/austen/appdata/local/arduino15/packages/intel/tools/arc-elf32/1.6.9+1.0.1/bin/../lib/gcc/arc-elf32/4.8.5/../../../../arc-elf32/lib\libc.a(lib_a-memcmp-bs-norm.o)
                0x400341d8                memcmp
 .text          0x400342d0       0x80 c:/users/austen/appdata/local/arduino15/packages/intel/tools/arc-elf32/1.6.9+1.0.1/bin/../lib/gcc/arc-elf32/4.8.5/../../../../arc-elf32/lib\libc.a(lib_a-memcpy-bs.o)
                0x400342d0                memcpy
 .text          0x40034350       0x6c c:/users/austen/appdata/local/arduino15/packages/intel/tools/arc-elf32/1.6.9+1.0.1/bin/../lib/gcc/arc-elf32/4.8.5/../../../../arc-elf32/lib\libc.a(lib_a-memset-bs.o)
                0x40034350                memset
                0x400343a4                __strncpy_bzero
 .text          0x400343bc       0x88 c:/users/austen/appdata/local/arduino15/packages/intel/tools/arc-elf32/1.6.9+1.0.1/bin/../lib/gcc/arc-elf32/4.8.5/../../../../arc-elf32/lib\libc.a(lib_a-strlen-bs-norm.o)
                0x400343bc                strlen
 .text          0x40034444        0x4 c:/users/austen/appdata/local/arduino15/packages/intel/tools/arc-elf32/1.6.9+1.0.1/bin/../lib/gcc/arc-elf32/4.8.5\libgcc.a(_udivsi3.o)
                0x40034444                __udivsi3
 .text          0x40034448       0x10 c:/users/austen/appdata/local/arduino15/packages/intel/tools/arc-elf32/1.6.9+1.0.1/bin/../lib/gcc/arc-elf32/4.8.5\libgcc.a(_umodsi3.o)
                0x40034448                __umodsi3
 .text          0x40034458       0x74 c:/users/austen/appdata/local/arduino15/packages/intel/tools/arc-elf32/1.6.9+1.0.1/bin/../lib/gcc/arc-elf32/4.8.5\libgcc.a(_divmod_tools.o)
                0x40034458                __udivmodsi4
 .text          0x400344cc       0x30 c:/users/austen/appdata/local/arduino15/packages/intel/tools/arc-elf32/1.6.9+1.0.1/bin/../lib/gcc/arc-elf32/4.8.5\libgcc.a(_millicodethunk_st.o)
                0x400344cc                __st_r13_to_r25
                0x400344d0                __st_r13_to_r24
                0x400344d4                __st_r13_to_r23
                0x400344d8                __st_r13_to_r22
                0x400344dc                __st_r13_to_r21
                0x400344e0                __st_r13_to_r20
                0x400344e4                __st_r13_to_r19
                0x400344e8                __st_r13_to_r18
                0x400344ec                __st_r13_to_r17
                0x400344f0                __st_r13_to_r16
                0x400344f4                __st_r13_to_r15
 .text          0x400344fc       0x30 c:/users/austen/appdata/local/arduino15/packages/intel/tools/arc-elf32/1.6.9+1.0.1/bin/../lib/gcc/arc-elf32/4.8.5\libgcc.a(_millicodethunk_ld.o)
                0x400344fc                __ld_r13_to_r25
                0x40034500                __ld_r13_to_r24
                0x40034504                __ld_r13_to_r23
                0x40034508                __ld_r13_to_r22
                0x4003450c                __ld_r13_to_r21
                0x40034510                __ld_r13_to_r20
                0x40034514                __ld_r13_to_r19
                0x40034518                __ld_r13_to_r18
                0x4003451c                __ld_r13_to_r17
                0x40034520                __ld_r13_to_r16
                0x40034524                __ld_r13_to_r15
 .text          0x4003452c       0x3c c:/users/austen/appdata/local/arduino15/packages/intel/tools/arc-elf32/1.6.9+1.0.1/bin/../lib/gcc/arc-elf32/4.8.5\libgcc.a(_millicodethunk_ret.o)
                0x4003452c                __ld_r13_to_r25_ret
                0x40034530                __ld_r13_to_r24_ret
                0x40034534                __ld_r13_to_r23_ret
                0x40034538                __ld_r13_to_r22_ret
                0x4003453c                __ld_r13_to_r21_ret
                0x40034540                __ld_r13_to_r20_ret
                0x40034544                __ld_r13_to_r19_ret
                0x40034548                __ld_r13_to_r18_ret
                0x4003454c                __ld_r13_to_r17_ret
                0x40034550                __ld_r13_to_r16_ret
                0x40034554                __ld_r13_to_r15_ret
                0x40034558                __ld_r13_to_r14_ret
 .text          0x40034568       0x7c c:/users/austen/appdata/local/arduino15/packages/intel/tools/arc-elf32/1.6.9+1.0.1/bin/../lib/gcc/arc-elf32/4.8.5/../../../../arc-elf32/lib\libc.a(lib_a-strcpy-bs.o)
                0x40034568                strcpy
 .text          0x400345e4      0x3f4 c:/users/austen/appdata/local/arduino15/packages/intel/tools/arc-elf32/1.6.9+1.0.1/bin/../lib/gcc/arc-elf32/4.8.5\libgcc.a(_divdf3.o)
                0x400346e8                __divdf3
 .text          0x400349d8       0xbc c:/users/austen/appdata/local/arduino15/packages/intel/tools/arc-elf32/1.6.9+1.0.1/bin/../lib/gcc/arc-elf32/4.8.5\libgcc.a(_truncdfsf2.o)
                0x400349d8                __truncdfsf2
 .text          0x40034a94       0x4c c:/users/austen/appdata/local/arduino15/packages/intel/tools/arc-elf32/1.6.9+1.0.1/bin/../lib/gcc/arc-elf32/4.8.5\libgcc.a(_extendsfdf2.o)
                0x40034a94                __extendsfdf2
 .text          0x40034ae0       0x2c c:/users/austen/appdata/local/arduino15/packages/intel/tools/arc-elf32/1.6.9+1.0.1/bin/../lib/gcc/arc-elf32/4.8.5\libgcc.a(_eqdf2.o)
                0x40034ae0                __eqdf2
 .text          0x40034b0c       0x50 c:/users/austen/appdata/local/arduino15/packages/intel/tools/arc-elf32/1.6.9+1.0.1/bin/../lib/gcc/arc-elf32/4.8.5\libgcc.a(_gedf2.o)
                0x40034b0c                __gedf2
 .text          0x40034b5c       0x4c c:/users/austen/appdata/local/arduino15/packages/intel/tools/arc-elf32/1.6.9+1.0.1/bin/../lib/gcc/arc-elf32/4.8.5\libgcc.a(_gtdf2.o)
                0x40034b5c                __gtdf2
 .text          0x40034ba8       0x34 c:/users/austen/appdata/local/arduino15/packages/intel/tools/arc-elf32/1.6.9+1.0.1/bin/../lib/gcc/arc-elf32/4.8.5\libgcc.a(_floatsidf.o)
                0x40034ba8                __floatsidf
 .text          0x40034bdc       0x38 c:/users/austen/appdata/local/arduino15/packages/intel/tools/arc-elf32/1.6.9+1.0.1/bin/../lib/gcc/arc-elf32/4.8.5\libgcc.a(_fixunsdfsi.o)
                0x40034bdc                __fixunsdfsi
 .text          0x40034c14       0x28 c:/users/austen/appdata/local/arduino15/packages/intel/tools/arc-elf32/1.6.9+1.0.1/bin/../lib/gcc/arc-elf32/4.8.5\libgcc.a(_floatunsidf.o)
                0x40034c14                __floatunsidf
 *(.text.*)
 .text._main    0x40034c3c       0x74 C:\Users\Austen\AppData\Local\arduino15\packages\Intel\hardware\arc32\2.0.2\variants\arduino_101\libarc32drv_arduino101.a(c_init.o)
                0x40034c3c                _main
 .text.interrupt_connect
                0x40034cb0       0x20 C:\Users\Austen\AppData\Local\arduino15\packages\Intel\hardware\arc32\2.0.2\variants\arduino_101\libarc32drv_arduino101.a(interrupt.o)
                0x40034cb0                interrupt_connect
 .text.interrupt_enable
                0x40034cd0       0x28 C:\Users\Austen\AppData\Local\arduino15\packages\Intel\hardware\arc32\2.0.2\variants\arduino_101\libarc32drv_arduino101.a(interrupt.o)
                0x40034cd0                interrupt_enable
 .text.interrupt_priority_set
                0x40034cf8       0x20 C:\Users\Austen\AppData\Local\arduino15\packages\Intel\hardware\arc32\2.0.2\variants\arduino_101\libarc32drv_arduino101.a(interrupt.o)
                0x40034cf8                interrupt_priority_set
 .text.interrupt_unit_device_init
                0x40034d18       0x50 C:\Users\Austen\AppData\Local\arduino15\packages\Intel\hardware\arc32\2.0.2\variants\arduino_101\libarc32drv_arduino101.a(interrupt.o)
                0x40034d18                interrupt_unit_device_init
 .text._arcv2_timer0_int_handler
                0x40034d68       0x20 C:\Users\Austen\AppData\Local\arduino15\packages\Intel\hardware\arc32\2.0.2\variants\arduino_101\libarc32drv_arduino101.a(arcv2_timer0.o)
                0x40034d68                _arcv2_timer0_int_handler
 .text.timer0_driver_init
                0x40034d88       0x40 C:\Users\Austen\AppData\Local\arduino15\packages\Intel\hardware\arc32\2.0.2\variants\arduino_101\libarc32drv_arduino101.a(arcv2_timer0.o)
                0x40034d88                timer0_driver_init
 .text.atomic_inc
                0x40034dc8       0x14 C:\Users\Austen\AppData\Local\arduino15\packages\Intel\hardware\arc32\2.0.2\variants\arduino_101\libarc32drv_arduino101.a(atomic_native.o)
                0x40034dc8                atomic_inc
 .text.atomic_dec
                0x40034ddc       0x14 C:\Users\Austen\AppData\Local\arduino15\packages\Intel\hardware\arc32\2.0.2\variants\arduino_101\libarc32drv_arduino101.a(atomic_native.o)
                0x40034ddc                atomic_dec
 .text.atomic_get
                0x40034df0        0x4 C:\Users\Austen\AppData\Local\arduino15\packages\Intel\hardware\arc32\2.0.2\variants\arduino_101\libarc32drv_arduino101.a(atomic_native.o)
                0x40034df0                atomic_get
 .text.atomic_set
                0x40034df4       0x10 C:\Users\Austen\AppData\Local\arduino15\packages\Intel\hardware\arc32\2.0.2\variants\arduino_101\libarc32drv_arduino101.a(atomic_native.o)
                0x40034df4                atomic_set
 .text.atomic_or
                0x40034e04       0x14 C:\Users\Austen\AppData\Local\arduino15\packages\Intel\hardware\arc32\2.0.2\variants\arduino_101\libarc32drv_arduino101.a(atomic_native.o)
                0x40034e04                atomic_or
 .text.atomic_and
                0x40034e18       0x14 C:\Users\Austen\AppData\Local\arduino15\packages\Intel\hardware\arc32\2.0.2\variants\arduino_101\libarc32drv_arduino101.a(atomic_native.o)
                0x40034e18                atomic_and
 .text.ipc_uart_isr
                0x40034e2c      0x220 C:\Users\Austen\AppData\Local\arduino15\packages\Intel\hardware\arc32\2.0.2\variants\arduino_101\libarc32drv_arduino101.a(ipc_uart_ns16550.o)
                0x40034e2c                ipc_uart_isr
 .text.ipc_uart_close_channel
                0x4003504c       0x34 C:\Users\Austen\AppData\Local\arduino15\packages\Intel\hardware\arc32\2.0.2\variants\arduino_101\libarc32drv_arduino101.a(ipc_uart_ns16550.o)
                0x4003504c                ipc_uart_close_channel
 .text.ipc_uart_init
                0x40035080       0x78 C:\Users\Austen\AppData\Local\arduino15\packages\Intel\hardware\arc32\2.0.2\variants\arduino_101\libarc32drv_arduino101.a(ipc_uart_ns16550.o)
                0x40035080                ipc_uart_init
 .text.ipc_uart_channel_open
                0x400350f8       0x8c C:\Users\Austen\AppData\Local\arduino15\packages\Intel\hardware\arc32\2.0.2\variants\arduino_101\libarc32drv_arduino101.a(ipc_uart_ns16550.o)
                0x400350f8                ipc_uart_channel_open
 .text.ipc_uart_ns16550_send_pdu
                0x40035184       0x48 C:\Users\Austen\AppData\Local\arduino15\packages\Intel\hardware\arc32\2.0.2\variants\arduino_101\libarc32drv_arduino101.a(ipc_uart_ns16550.o)
                0x40035184                ipc_uart_ns16550_send_pdu
 .text.ipc_uart_ns16550_set_tx_cb
                0x400351cc       0x18 C:\Users\Austen\AppData\Local\arduino15\packages\Intel\hardware\arc32\2.0.2\variants\arduino_101\libarc32drv_arduino101.a(ipc_uart_ns16550.o)
                0x400351cc                ipc_uart_ns16550_set_tx_cb
 .text.uart_init
                0x400351e4       0x9c C:\Users\Austen\AppData\Local\arduino15\packages\Intel\hardware\arc32\2.0.2\variants\arduino_101\libarc32drv_arduino101.a(ns16550.o)
                0x400351e4                uart_init
 .text.uart_poll_in
                0x40035280       0x28 C:\Users\Austen\AppData\Local\arduino15\packages\Intel\hardware\arc32\2.0.2\variants\arduino_101\libarc32drv_arduino101.a(ns16550.o)
                0x40035280                uart_poll_in
 .text.uart_poll_out
                0x400352a8       0x28 C:\Users\Austen\AppData\Local\arduino15\packages\Intel\hardware\arc32\2.0.2\variants\arduino_101\libarc32drv_arduino101.a(ns16550.o)
                0x400352a8                uart_poll_out
 .text.uart_fifo_fill
                0x400352d0       0x4c C:\Users\Austen\AppData\Local\arduino15\packages\Intel\hardware\arc32\2.0.2\variants\arduino_101\libarc32drv_arduino101.a(ns16550.o)
                0x400352d0                uart_fifo_fill
 .text.uart_fifo_read
                0x4003531c       0x4c C:\Users\Austen\AppData\Local\arduino15\packages\Intel\hardware\arc32\2.0.2\variants\arduino_101\libarc32drv_arduino101.a(ns16550.o)
                0x4003531c                uart_fifo_read
 .text.uart_irq_tx_enable
                0x40035368       0x20 C:\Users\Austen\AppData\Local\arduino15\packages\Intel\hardware\arc32\2.0.2\variants\arduino_101\libarc32drv_arduino101.a(ns16550.o)
                0x40035368                uart_irq_tx_enable
 .text.uart_irq_tx_disable
                0x40035388       0x20 C:\Users\Austen\AppData\Local\arduino15\packages\Intel\hardware\arc32\2.0.2\variants\arduino_101\libarc32drv_arduino101.a(ns16550.o)
                0x40035388                uart_irq_tx_disable
 .text.uart_irq_tx_ready
                0x400353a8       0x20 C:\Users\Austen\AppData\Local\arduino15\packages\Intel\hardware\arc32\2.0.2\variants\arduino_101\libarc32drv_arduino101.a(ns16550.o)
                0x400353a8                uart_irq_tx_ready
 .text.uart_irq_rx_enable
                0x400353c8       0x20 C:\Users\Austen\AppData\Local\arduino15\packages\Intel\hardware\arc32\2.0.2\variants\arduino_101\libarc32drv_arduino101.a(ns16550.o)
                0x400353c8                uart_irq_rx_enable
 .text.uart_irq_rx_disable
                0x400353e8       0x20 C:\Users\Austen\AppData\Local\arduino15\packages\Intel\hardware\arc32\2.0.2\variants\arduino_101\libarc32drv_arduino101.a(ns16550.o)
                0x400353e8                uart_irq_rx_disable
 .text.uart_irq_rx_ready
                0x40035408       0x20 C:\Users\Austen\AppData\Local\arduino15\packages\Intel\hardware\arc32\2.0.2\variants\arduino_101\libarc32drv_arduino101.a(ns16550.o)
                0x40035408                uart_irq_rx_ready
 .text.uart_irq_err_detected
                0x40035428       0x20 C:\Users\Austen\AppData\Local\arduino15\packages\Intel\hardware\arc32\2.0.2\variants\arduino_101\libarc32drv_arduino101.a(ns16550.o)
                0x40035428                uart_irq_err_detected
 .text.uart_line_status
                0x40035448       0x1c C:\Users\Austen\AppData\Local\arduino15\packages\Intel\hardware\arc32\2.0.2\variants\arduino_101\libarc32drv_arduino101.a(ns16550.o)
                0x40035448                uart_line_status
 .text.uart_break_check
                0x40035464       0x1c C:\Users\Austen\AppData\Local\arduino15\packages\Intel\hardware\arc32\2.0.2\variants\arduino_101\libarc32drv_arduino101.a(ns16550.o)
                0x40035464                uart_break_check
 .text.uart_irq_is_pending
                0x40035480       0x20 C:\Users\Austen\AppData\Local\arduino15\packages\Intel\hardware\arc32\2.0.2\variants\arduino_101\libarc32drv_arduino101.a(ns16550.o)
                0x40035480                uart_irq_is_pending
 .text.uart_irq_update
                0x400354a0       0x20 C:\Users\Austen\AppData\Local\arduino15\packages\Intel\hardware\arc32\2.0.2\variants\arduino_101\libarc32drv_arduino101.a(ns16550.o)
                0x400354a0                uart_irq_update
 .text.uart_int_connect
                0x400354c0       0x54 C:\Users\Austen\AppData\Local\arduino15\packages\Intel\hardware\arc32\2.0.2\variants\arduino_101\libarc32drv_arduino101.a(ns16550.o)
                0x400354c0                uart_int_connect
 .text.uart_tx_complete
                0x40035514       0x1c C:\Users\Austen\AppData\Local\arduino15\packages\Intel\hardware\arc32\2.0.2\variants\arduino_101\libarc32drv_arduino101.a(ns16550.o)
                0x40035514                uart_tx_complete
 .text.uart_loop_enable
                0x40035530       0x20 C:\Users\Austen\AppData\Local\arduino15\packages\Intel\hardware\arc32\2.0.2\variants\arduino_101\libarc32drv_arduino101.a(ns16550.o)
                0x40035530                uart_loop_enable
 .text.soc_gpio_ISR_proc
                0x40035550       0x60 C:\Users\Austen\AppData\Local\arduino15\packages\Intel\hardware\arc32\2.0.2\variants\arduino_101\libarc32drv_arduino101.a(soc_gpio.o)
 .text.gpio_isr
                0x400355b0       0x10 C:\Users\Austen\AppData\Local\arduino15\packages\Intel\hardware\arc32\2.0.2\variants\arduino_101\libarc32drv_arduino101.a(soc_gpio.o)
                0x400355b0                gpio_isr
 .text.gpio_aon_isr
                0x400355c0       0x10 C:\Users\Austen\AppData\Local\arduino15\packages\Intel\hardware\arc32\2.0.2\variants\arduino_101\libarc32drv_arduino101.a(soc_gpio.o)
                0x400355c0                gpio_aon_isr
 .text.soc_gpio_enable
                0x400355d0       0x88 C:\Users\Austen\AppData\Local\arduino15\packages\Intel\hardware\arc32\2.0.2\variants\arduino_101\libarc32drv_arduino101.a(soc_gpio.o)
                0x400355d0                soc_gpio_enable
 .text.soc_gpio_set_config
                0x40035658      0x134 C:\Users\Austen\AppData\Local\arduino15\packages\Intel\hardware\arc32\2.0.2\variants\arduino_101\libarc32drv_arduino101.a(soc_gpio.o)
                0x40035658                soc_gpio_set_config
 .text.soc_gpio_write
                0x4003578c       0x58 C:\Users\Austen\AppData\Local\arduino15\packages\Intel\hardware\arc32\2.0.2\variants\arduino_101\libarc32drv_arduino101.a(soc_gpio.o)
                0x4003578c                soc_gpio_write
 .text.rpc_deserialize
                0x400357e4      0x1b8 C:\Users\Austen\AppData\Local\arduino15\packages\Intel\hardware\arc32\2.0.2\variants\arduino_101\libarc32drv_arduino101.a(rpc_deserialize.o)
                0x400357e4                rpc_deserialize
 .text.encoded_buflen
                0x4003599c       0x24 C:\Users\Austen\AppData\Local\arduino15\packages\Intel\hardware\arc32\2.0.2\variants\arduino_101\libarc32drv_arduino101.a(rpc_serialize.o)
 .text.serialize_struct
                0x400359c0       0x28 C:\Users\Austen\AppData\Local\arduino15\packages\Intel\hardware\arc32\2.0.2\variants\arduino_101\libarc32drv_arduino101.a(rpc_serialize.o)
 .text.serialize_buf
                0x400359e8       0x54 C:\Users\Austen\AppData\Local\arduino15\packages\Intel\hardware\arc32\2.0.2\variants\arduino_101\libarc32drv_arduino101.a(rpc_serialize.o)
 .text.rpc_serialize_none
                0x40035a3c       0x2c C:\Users\Austen\AppData\Local\arduino15\packages\Intel\hardware\arc32\2.0.2\variants\arduino_101\libarc32drv_arduino101.a(rpc_serialize.o)
                0x40035a3c                rpc_serialize_none
 .text.nble_gap_start_adv_req
                0x40035a68       0x10 C:\Users\Austen\AppData\Local\arduino15\packages\Intel\hardware\arc32\2.0.2\variants\arduino_101\libarc32drv_arduino101.a(rpc_serialize.o)
                0x40035a68                nble_gap_start_adv_req
 .text.rpc_serialize_s
                0x40035a78       0x54 C:\Users\Austen\AppData\Local\arduino15\packages\Intel\hardware\arc32\2.0.2\variants\arduino_101\libarc32drv_arduino101.a(rpc_serialize.o)
                0x40035a78                rpc_serialize_s
 .text.nble_gap_sm_config_req
                0x40035acc       0x14 C:\Users\Austen\AppData\Local\arduino15\packages\Intel\hardware\arc32\2.0.2\variants\arduino_101\libarc32drv_arduino101.a(rpc_serialize.o)
                0x40035acc                nble_gap_sm_config_req
 .text.nble_set_bda_req
                0x40035ae0       0x14 C:\Users\Austen\AppData\Local\arduino15\packages\Intel\hardware\arc32\2.0.2\variants\arduino_101\libarc32drv_arduino101.a(rpc_serialize.o)
                0x40035ae0                nble_set_bda_req
 .text.nble_gattc_discover_req
                0x40035af4       0x14 C:\Users\Austen\AppData\Local\arduino15\packages\Intel\hardware\arc32\2.0.2\variants\arduino_101\libarc32drv_arduino101.a(rpc_serialize.o)
                0x40035af4                nble_gattc_discover_req
 .text.nble_gatts_wr_reply_req
                0x40035b08       0x14 C:\Users\Austen\AppData\Local\arduino15\packages\Intel\hardware\arc32\2.0.2\variants\arduino_101\libarc32drv_arduino101.a(rpc_serialize.o)
                0x40035b08                nble_gatts_wr_reply_req
 .text.nble_gattc_read_req
                0x40035b1c       0x14 C:\Users\Austen\AppData\Local\arduino15\packages\Intel\hardware\arc32\2.0.2\variants\arduino_101\libarc32drv_arduino101.a(rpc_serialize.o)
                0x40035b1c                nble_gattc_read_req
 .text.rpc_serialize_p
                0x40035b30       0x44 C:\Users\Austen\AppData\Local\arduino15\packages\Intel\hardware\arc32\2.0.2\variants\arduino_101\libarc32drv_arduino101.a(rpc_serialize.o)
                0x40035b30                rpc_serialize_p
 .text.nble_gap_read_bda_req
                0x40035b74       0x14 C:\Users\Austen\AppData\Local\arduino15\packages\Intel\hardware\arc32\2.0.2\variants\arduino_101\libarc32drv_arduino101.a(rpc_serialize.o)
                0x40035b74                nble_gap_read_bda_req
 .text.nble_gap_stop_adv_req
                0x40035b88       0x14 C:\Users\Austen\AppData\Local\arduino15\packages\Intel\hardware\arc32\2.0.2\variants\arduino_101\libarc32drv_arduino101.a(rpc_serialize.o)
                0x40035b88                nble_gap_stop_adv_req
 .text.rpc_serialize_s_b
                0x40035b9c       0x68 C:\Users\Austen\AppData\Local\arduino15\packages\Intel\hardware\arc32\2.0.2\variants\arduino_101\libarc32drv_arduino101.a(rpc_serialize.o)
                0x40035b9c                rpc_serialize_s_b
 .text.nble_gatts_rd_reply_req
                0x40035c04       0x1c C:\Users\Austen\AppData\Local\arduino15\packages\Intel\hardware\arc32\2.0.2\variants\arduino_101\libarc32drv_arduino101.a(rpc_serialize.o)
                0x40035c04                nble_gatts_rd_reply_req
 .text.nble_gattc_write_req
                0x40035c20       0x1c C:\Users\Austen\AppData\Local\arduino15\packages\Intel\hardware\arc32\2.0.2\variants\arduino_101\libarc32drv_arduino101.a(rpc_serialize.o)
                0x40035c20                nble_gattc_write_req
 .text.nble_gattc_read_multiple_req
                0x40035c3c       0x1c C:\Users\Austen\AppData\Local\arduino15\packages\Intel\hardware\arc32\2.0.2\variants\arduino_101\libarc32drv_arduino101.a(rpc_serialize.o)
                0x40035c3c                nble_gattc_read_multiple_req
 .text.free_message_ipc
                0x40035c58       0x18 C:\Users\Austen\AppData\Local\arduino15\packages\Intel\hardware\arc32\2.0.2\variants\arduino_101\libarc32drv_arduino101.a(cfw_platform.o)
 .text.send_message_ipc
                0x40035c70       0x18 C:\Users\Austen\AppData\Local\arduino15\packages\Intel\hardware\arc32\2.0.2\variants\arduino_101\libarc32drv_arduino101.a(cfw_platform.o)
 .text.ipc_mbx_isr
                0x40035c88       0x30 C:\Users\Austen\AppData\Local\arduino15\packages\Intel\hardware\arc32\2.0.2\variants\arduino_101\libarc32drv_arduino101.a(cfw_platform.o)
 .text.cfw_platform_init
                0x40035cb8       0xa0 C:\Users\Austen\AppData\Local\arduino15\packages\Intel\hardware\arc32\2.0.2\variants\arduino_101\libarc32drv_arduino101.a(cfw_platform.o)
                0x40035cb8                cfw_platform_init
 .text.notify_connected
                0x40035d58       0x34 C:\Users\Austen\AppData\Local\arduino15\packages\Intel\hardware\arc32\2.0.2\variants\arduino_101\libarc32drv_arduino101.a(conn.o)
 .text.notify_le_param_updated
                0x40035d8c       0x3c C:\Users\Austen\AppData\Local\arduino15\packages\Intel\hardware\arc32\2.0.2\variants\arduino_101\libarc32drv_arduino101.a(conn.o)
                0x40035d8c                notify_le_param_updated
 .text.bt_conn_add_le
                0x40035dc8       0x74 C:\Users\Austen\AppData\Local\arduino15\packages\Intel\hardware\arc32\2.0.2\variants\arduino_101\libarc32drv_arduino101.a(conn.o)
                0x40035dc8                bt_conn_add_le
 .text.bt_conn_set_state
                0x40035e3c       0xbc C:\Users\Austen\AppData\Local\arduino15\packages\Intel\hardware\arc32\2.0.2\variants\arduino_101\libarc32drv_arduino101.a(conn.o)
                0x40035e3c                bt_conn_set_state
 .text.bt_conn_lookup_handle
                0x40035ef8       0x60 C:\Users\Austen\AppData\Local\arduino15\packages\Intel\hardware\arc32\2.0.2\variants\arduino_101\libarc32drv_arduino101.a(conn.o)
                0x40035ef8                bt_conn_lookup_handle
 .text.bt_conn_lookup_addr_le
                0x40035f58       0x5c C:\Users\Austen\AppData\Local\arduino15\packages\Intel\hardware\arc32\2.0.2\variants\arduino_101\libarc32drv_arduino101.a(conn.o)
                0x40035f58                bt_conn_lookup_addr_le
 .text.bt_conn_lookup_state_le
                0x40035fb4       0x84 C:\Users\Austen\AppData\Local\arduino15\packages\Intel\hardware\arc32\2.0.2\variants\arduino_101\libarc32drv_arduino101.a(conn.o)
                0x40035fb4                bt_conn_lookup_state_le
 .text.bt_conn_unref
                0x40036038       0x10 C:\Users\Austen\AppData\Local\arduino15\packages\Intel\hardware\arc32\2.0.2\variants\arduino_101\libarc32drv_arduino101.a(conn.o)
                0x40036038                bt_conn_unref
 .text.on_nble_gap_cancel_connect_rsp
                0x40036048       0x18 C:\Users\Austen\AppData\Local\arduino15\packages\Intel\hardware\arc32\2.0.2\variants\arduino_101\libarc32drv_arduino101.a(conn.o)
                0x40036048                on_nble_gap_cancel_connect_rsp
 .text.on_nble_gap_connect_rsp
                0x40036060       0x24 C:\Users\Austen\AppData\Local\arduino15\packages\Intel\hardware\arc32\2.0.2\variants\arduino_101\libarc32drv_arduino101.a(conn.o)
                0x40036060                on_nble_gap_connect_rsp
 .text.bt_conn_init
                0x40036084       0x10 C:\Users\Austen\AppData\Local\arduino15\packages\Intel\hardware\arc32\2.0.2\variants\arduino_101\libarc32drv_arduino101.a(conn.o)
                0x40036084                bt_conn_init
 .text.on_nble_gap_dtm_init_rsp
                0x40036094        0xc C:\Users\Austen\AppData\Local\arduino15\packages\Intel\hardware\arc32\2.0.2\variants\arduino_101\libarc32drv_arduino101.a(dtm_tcmd.o)
                0x40036094                on_nble_gap_dtm_init_rsp
 .text.bt_init  0x400360a0       0x40 C:\Users\Austen\AppData\Local\arduino15\packages\Intel\hardware\arc32\2.0.2\variants\arduino_101\libarc32drv_arduino101.a(gap.o)
 .text.set_advertise_disable
                0x400360e0       0x34 C:\Users\Austen\AppData\Local\arduino15\packages\Intel\hardware\arc32\2.0.2\variants\arduino_101\libarc32drv_arduino101.a(gap.o)
 .text.set_advertise_enable
                0x40036114       0x24 C:\Users\Austen\AppData\Local\arduino15\packages\Intel\hardware\arc32\2.0.2\variants\arduino_101\libarc32drv_arduino101.a(gap.o)
 .text.on_nble_gap_start_advertise_rsp
                0x40036138       0x28 C:\Users\Austen\AppData\Local\arduino15\packages\Intel\hardware\arc32\2.0.2\variants\arduino_101\libarc32drv_arduino101.a(gap.o)
                0x40036138                on_nble_gap_start_advertise_rsp
 .text.on_nble_gap_disconnect_evt
                0x40036160       0x78 C:\Users\Austen\AppData\Local\arduino15\packages\Intel\hardware\arc32\2.0.2\variants\arduino_101\libarc32drv_arduino101.a(gap.o)
                0x40036160                on_nble_gap_disconnect_evt
 .text.on_nble_gap_connect_evt
                0x400361d8       0xa4 C:\Users\Austen\AppData\Local\arduino15\packages\Intel\hardware\arc32\2.0.2\variants\arduino_101\libarc32drv_arduino101.a(gap.o)
                0x400361d8                on_nble_gap_connect_evt
 .text.on_nble_gap_adv_report_evt
                0x4003627c       0x68 C:\Users\Austen\AppData\Local\arduino15\packages\Intel\hardware\arc32\2.0.2\variants\arduino_101\libarc32drv_arduino101.a(gap.o)
                0x4003627c                on_nble_gap_adv_report_evt
 .text.on_nble_gap_conn_update_evt
                0x400362e4       0x54 C:\Users\Austen\AppData\Local\arduino15\packages\Intel\hardware\arc32\2.0.2\variants\arduino_101\libarc32drv_arduino101.a(gap.o)
                0x400362e4                on_nble_gap_conn_update_evt
 .text.on_nble_gap_scan_start_stop_rsp
                0x40036338       0x20 C:\Users\Austen\AppData\Local\arduino15\packages\Intel\hardware\arc32\2.0.2\variants\arduino_101\libarc32drv_arduino101.a(gap.o)
                0x40036338                on_nble_gap_scan_start_stop_rsp
 .text.on_nble_up
                0x40036358       0x48 C:\Users\Austen\AppData\Local\arduino15\packages\Intel\hardware\arc32\2.0.2\variants\arduino_101\libarc32drv_arduino101.a(gap.o)
                0x40036358                on_nble_up
 .text.bt_enable
                0x400363a0       0x3c C:\Users\Austen\AppData\Local\arduino15\packages\Intel\hardware\arc32\2.0.2\variants\arduino_101\libarc32drv_arduino101.a(gap.o)
                0x400363a0                bt_enable
 .text.on_nble_gap_dir_adv_timeout_evt
                0x400363dc       0x5c C:\Users\Austen\AppData\Local\arduino15\packages\Intel\hardware\arc32\2.0.2\variants\arduino_101\libarc32drv_arduino101.a(gap.o)
                0x400363dc                on_nble_gap_dir_adv_timeout_evt
 .text.bt_le_adv_stop
                0x40036438       0x38 C:\Users\Austen\AppData\Local\arduino15\packages\Intel\hardware\arc32\2.0.2\variants\arduino_101\libarc32drv_arduino101.a(gap.o)
                0x40036438                bt_le_adv_stop
 .text.on_nble_uas_bucket_change
                0x40036470        0xc C:\Users\Austen\AppData\Local\arduino15\packages\Intel\hardware\arc32\2.0.2\variants\arduino_101\libarc32drv_arduino101.a(gap.o)
                0x40036470                on_nble_uas_bucket_change
 .text.on_nble_gap_set_rssi_report_rsp
                0x4003647c       0x18 C:\Users\Austen\AppData\Local\arduino15\packages\Intel\hardware\arc32\2.0.2\variants\arduino_101\libarc32drv_arduino101.a(gap.o)
                0x4003647c                on_nble_gap_set_rssi_report_rsp
 .text.on_nble_gap_rssi_evt
                0x40036494       0x20 C:\Users\Austen\AppData\Local\arduino15\packages\Intel\hardware\arc32\2.0.2\variants\arduino_101\libarc32drv_arduino101.a(gap.o)
                0x40036494                on_nble_gap_rssi_evt
 .text.on_nble_gap_tx_power_rsp
                0x400364b4        0xc C:\Users\Austen\AppData\Local\arduino15\packages\Intel\hardware\arc32\2.0.2\variants\arduino_101\libarc32drv_arduino101.a(gap.o)
                0x400364b4                on_nble_gap_tx_power_rsp
 .text.on_nble_get_version_rsp
                0x400364c0       0x18 C:\Users\Austen\AppData\Local\arduino15\packages\Intel\hardware\arc32\2.0.2\variants\arduino_101\libarc32drv_arduino101.a(gap.o)
                0x400364c0                on_nble_get_version_rsp
 .text.flush_all
                0x400364d8       0x3c C:\Users\Austen\AppData\Local\arduino15\packages\Intel\hardware\arc32\2.0.2\variants\arduino_101\libarc32drv_arduino101.a(gatt.o)
 .text.att_write_ccc_rsp
                0x40036514       0x44 C:\Users\Austen\AppData\Local\arduino15\packages\Intel\hardware\arc32\2.0.2\variants\arduino_101\libarc32drv_arduino101.a(gatt.o)
 .text.gatt_ccc_changed
                0x40036558       0x80 C:\Users\Austen\AppData\Local\arduino15\packages\Intel\hardware\arc32\2.0.2\variants\arduino_101\libarc32drv_arduino101.a(gatt.o)
 .text.disconnected_cb
                0x400365d8       0x94 C:\Users\Austen\AppData\Local\arduino15\packages\Intel\hardware\arc32\2.0.2\variants\arduino_101\libarc32drv_arduino101.a(gatt.o)
 .text.connected_cb
                0x4003666c       0x60 C:\Users\Austen\AppData\Local\arduino15\packages\Intel\hardware\arc32\2.0.2\variants\arduino_101\libarc32drv_arduino101.a(gatt.o)
 .text.bt_gatt_attr_write_ccc
                0x400366cc       0xd8 C:\Users\Austen\AppData\Local\arduino15\packages\Intel\hardware\arc32\2.0.2\variants\arduino_101\libarc32drv_arduino101.a(gatt.o)
                0x400366cc                bt_gatt_attr_write_ccc
 .text.gatt_write_ccc
                0x400367a4       0x64 C:\Users\Austen\AppData\Local\arduino15\packages\Intel\hardware\arc32\2.0.2\variants\arduino_101\libarc32drv_arduino101.a(gatt.o)
 .text.on_nble_gatt_register_rsp
                0x40036808       0x90 C:\Users\Austen\AppData\Local\arduino15\packages\Intel\hardware\arc32\2.0.2\variants\arduino_101\libarc32drv_arduino101.a(gatt.o)
                0x40036808                on_nble_gatt_register_rsp
 .text.bt_gatt_attr_read
                0x40036898       0x5c C:\Users\Austen\AppData\Local\arduino15\packages\Intel\hardware\arc32\2.0.2\variants\arduino_101\libarc32drv_arduino101.a(gatt.o)
                0x40036898                bt_gatt_attr_read
 .text.bt_gatt_attr_read_service
                0x400368f4       0x68 C:\Users\Austen\AppData\Local\arduino15\packages\Intel\hardware\arc32\2.0.2\variants\arduino_101\libarc32drv_arduino101.a(gatt.o)
                0x400368f4                bt_gatt_attr_read_service
 .text.bt_gatt_attr_read_included
                0x4003695c       0x74 C:\Users\Austen\AppData\Local\arduino15\packages\Intel\hardware\arc32\2.0.2\variants\arduino_101\libarc32drv_arduino101.a(gatt.o)
                0x4003695c                bt_gatt_attr_read_included
 .text.bt_gatt_attr_read_chrc
                0x400369d0       0x74 C:\Users\Austen\AppData\Local\arduino15\packages\Intel\hardware\arc32\2.0.2\variants\arduino_101\libarc32drv_arduino101.a(gatt.o)
                0x400369d0                bt_gatt_attr_read_chrc
 .text.bt_gatt_attr_next
                0x40036a44       0x68 C:\Users\Austen\AppData\Local\arduino15\packages\Intel\hardware\arc32\2.0.2\variants\arduino_101\libarc32drv_arduino101.a(gatt.o)
                0x40036a44                bt_gatt_attr_next
 .text.bt_gatt_foreach_attr
                0x40036aac       0x4c C:\Users\Austen\AppData\Local\arduino15\packages\Intel\hardware\arc32\2.0.2\variants\arduino_101\libarc32drv_arduino101.a(gatt.o)
                0x40036aac                bt_gatt_foreach_attr
 .text.on_nble_gatts_send_notif_rsp
                0x40036af8       0x48 C:\Users\Austen\AppData\Local\arduino15\packages\Intel\hardware\arc32\2.0.2\variants\arduino_101\libarc32drv_arduino101.a(gatt.o)
                0x40036af8                on_nble_gatts_send_notif_rsp
 .text.on_nble_gatts_send_ind_rsp
                0x40036b40       0x48 C:\Users\Austen\AppData\Local\arduino15\packages\Intel\hardware\arc32\2.0.2\variants\arduino_101\libarc32drv_arduino101.a(gatt.o)
                0x40036b40                on_nble_gatts_send_ind_rsp
 .text.on_nble_gatts_write_evt
                0x40036b88       0x98 C:\Users\Austen\AppData\Local\arduino15\packages\Intel\hardware\arc32\2.0.2\variants\arduino_101\libarc32drv_arduino101.a(gatt.o)
                0x40036b88                on_nble_gatts_write_evt
 .text.on_nble_gatts_write_exec_evt
                0x40036c20       0x78 C:\Users\Austen\AppData\Local\arduino15\packages\Intel\hardware\arc32\2.0.2\variants\arduino_101\libarc32drv_arduino101.a(gatt.o)
                0x40036c20                on_nble_gatts_write_exec_evt
 .text.on_nble_gatts_read_evt
                0x40036c98       0x98 C:\Users\Austen\AppData\Local\arduino15\packages\Intel\hardware\arc32\2.0.2\variants\arduino_101\libarc32drv_arduino101.a(gatt.o)
                0x40036c98                on_nble_gatts_read_evt
 .text.bt_gatt_discover
                0x40036d30       0xc8 C:\Users\Austen\AppData\Local\arduino15\packages\Intel\hardware\arc32\2.0.2\variants\arduino_101\libarc32drv_arduino101.a(gatt.o)
                0x40036d30                bt_gatt_discover
 .text.on_nble_gattc_discover_rsp
                0x40036df8      0x258 C:\Users\Austen\AppData\Local\arduino15\packages\Intel\hardware\arc32\2.0.2\variants\arduino_101\libarc32drv_arduino101.a(gatt.o)
                0x40036df8                on_nble_gattc_discover_rsp
 .text.on_nble_gattc_read_multiple_rsp
                0x40037050       0x68 C:\Users\Austen\AppData\Local\arduino15\packages\Intel\hardware\arc32\2.0.2\variants\arduino_101\libarc32drv_arduino101.a(gatt.o)
                0x40037050                on_nble_gattc_read_multiple_rsp
 .text.bt_gatt_read
                0x400370b8       0x70 C:\Users\Austen\AppData\Local\arduino15\packages\Intel\hardware\arc32\2.0.2\variants\arduino_101\libarc32drv_arduino101.a(gatt.o)
                0x400370b8                bt_gatt_read
 .text.on_nble_gattc_read_rsp
                0x40037128       0x80 C:\Users\Austen\AppData\Local\arduino15\packages\Intel\hardware\arc32\2.0.2\variants\arduino_101\libarc32drv_arduino101.a(gatt.o)
                0x40037128                on_nble_gattc_read_rsp
 .text.on_nble_gattc_write_rsp
                0x400371a8       0x44 C:\Users\Austen\AppData\Local\arduino15\packages\Intel\hardware\arc32\2.0.2\variants\arduino_101\libarc32drv_arduino101.a(gatt.o)
                0x400371a8                on_nble_gattc_write_rsp
 .text.bt_gatt_unsubscribe
                0x400371ec       0xbc C:\Users\Austen\AppData\Local\arduino15\packages\Intel\hardware\arc32\2.0.2\variants\arduino_101\libarc32drv_arduino101.a(gatt.o)
                0x400371ec                bt_gatt_unsubscribe
 .text.on_nble_gattc_value_evt
                0x400372a8       0x78 C:\Users\Austen\AppData\Local\arduino15\packages\Intel\hardware\arc32\2.0.2\variants\arduino_101\libarc32drv_arduino101.a(gatt.o)
                0x400372a8                on_nble_gattc_value_evt
 .text.bt_gatt_connected
                0x40037320       0x70 C:\Users\Austen\AppData\Local\arduino15\packages\Intel\hardware\arc32\2.0.2\variants\arduino_101\libarc32drv_arduino101.a(gatt.o)
                0x40037320                bt_gatt_connected
 .text.bt_gatt_disconnected
                0x40037390       0x78 C:\Users\Austen\AppData\Local\arduino15\packages\Intel\hardware\arc32\2.0.2\variants\arduino_101\libarc32drv_arduino101.a(gatt.o)
                0x40037390                bt_gatt_disconnected
 .text.bt_l2cap_connected
                0x40037408       0x18 C:\Users\Austen\AppData\Local\arduino15\packages\Intel\hardware\arc32\2.0.2\variants\arduino_101\libarc32drv_arduino101.a(l2cap.o)
                0x40037408                bt_l2cap_connected
 .text.bt_l2cap_disconnected
                0x40037420       0x10 C:\Users\Austen\AppData\Local\arduino15\packages\Intel\hardware\arc32\2.0.2\variants\arduino_101\libarc32drv_arduino101.a(l2cap.o)
                0x40037420                bt_l2cap_disconnected
 .text.on_nble_gap_sm_bond_info_rsp
                0x40037430        0xc C:\Users\Austen\AppData\Local\arduino15\packages\Intel\hardware\arc32\2.0.2\variants\arduino_101\libarc32drv_arduino101.a(smp_null.o)
                0x40037430                on_nble_gap_sm_bond_info_rsp
 .text.on_nble_gap_sm_passkey_req_evt
                0x4003743c        0xc C:\Users\Austen\AppData\Local\arduino15\packages\Intel\hardware\arc32\2.0.2\variants\arduino_101\libarc32drv_arduino101.a(smp_null.o)
                0x4003743c                on_nble_gap_sm_passkey_req_evt
 .text.on_nble_gap_sm_passkey_display_evt
                0x40037448        0xc C:\Users\Austen\AppData\Local\arduino15\packages\Intel\hardware\arc32\2.0.2\variants\arduino_101\libarc32drv_arduino101.a(smp_null.o)
                0x40037448                on_nble_gap_sm_passkey_display_evt
 .text.on_nble_gap_sm_status_evt
                0x40037454       0x1c C:\Users\Austen\AppData\Local\arduino15\packages\Intel\hardware\arc32\2.0.2\variants\arduino_101\libarc32drv_arduino101.a(smp_null.o)
                0x40037454                on_nble_gap_sm_status_evt
 .text.bt_smp_init
                0x40037470       0x30 C:\Users\Austen\AppData\Local\arduino15\packages\Intel\hardware\arc32\2.0.2\variants\arduino_101\libarc32drv_arduino101.a(smp_null.o)
                0x40037470                bt_smp_init
 .text.on_nble_gap_sm_config_rsp
                0x400374a0       0x20 C:\Users\Austen\AppData\Local\arduino15\packages\Intel\hardware\arc32\2.0.2\variants\arduino_101\libarc32drv_arduino101.a(smp_null.o)
                0x400374a0                on_nble_gap_sm_config_rsp
 .text.on_nble_gap_sm_common_rsp
                0x400374c0       0x20 C:\Users\Austen\AppData\Local\arduino15\packages\Intel\hardware\arc32\2.0.2\variants\arduino_101\libarc32drv_arduino101.a(smp_null.o)
                0x400374c0                on_nble_gap_sm_common_rsp
 .text.uuid_to_uuid128
                0x400374e0       0x54 C:\Users\Austen\AppData\Local\arduino15\packages\Intel\hardware\arc32\2.0.2\variants\arduino_101\libarc32drv_arduino101.a(uuid.o)
 .text.bt_uuid_cmp
                0x40037534       0x64 C:\Users\Austen\AppData\Local\arduino15\packages\Intel\hardware\arc32\2.0.2\variants\arduino_101\libarc32drv_arduino101.a(uuid.o)
                0x40037534                bt_uuid_cmp
 .text.ble_client_disconnected
                0x40037598        0xc C:\Users\Austen\AppData\Local\arduino15\packages\Intel\hardware\arc32\2.0.2\variants\arduino_101\libarc32drv_arduino101.a(ble_service.o)
 .text.ble_bt_rdy
                0x400375a4       0x54 C:\Users\Austen\AppData\Local\arduino15\packages\Intel\hardware\arc32\2.0.2\variants\arduino_101\libarc32drv_arduino101.a(ble_service.o)
                0x400375a4                ble_bt_rdy
 .text.ble_set_bda_cb
                0x400375f8       0x58 C:\Users\Austen\AppData\Local\arduino15\packages\Intel\hardware\arc32\2.0.2\variants\arduino_101\libarc32drv_arduino101.a(ble_service.o)
 .text.handle_msg_id_ble_rpc_callin
                0x40037650       0x30 C:\Users\Austen\AppData\Local\arduino15\packages\Intel\hardware\arc32\2.0.2\variants\arduino_101\libarc32drv_arduino101.a(ble_service.o)
 .text.ble_client_connected
                0x40037680       0x28 C:\Users\Austen\AppData\Local\arduino15\packages\Intel\hardware\arc32\2.0.2\variants\arduino_101\libarc32drv_arduino101.a(ble_service.o)
 .text.ble_service_message_handler
                0x400376a8      0x10c C:\Users\Austen\AppData\Local\arduino15\packages\Intel\hardware\arc32\2.0.2\variants\arduino_101\libarc32drv_arduino101.a(ble_service.o)
 .text.on_nble_gap_dbg_rsp
                0x400377b4        0xc C:\Users\Austen\AppData\Local\arduino15\packages\Intel\hardware\arc32\2.0.2\variants\arduino_101\libarc32drv_arduino101.a(ble_service.o)
                0x400377b4                on_nble_gap_dbg_rsp
 .text.on_nble_gap_read_bda_rsp
                0x400377c0       0x3c C:\Users\Austen\AppData\Local\arduino15\packages\Intel\hardware\arc32\2.0.2\variants\arduino_101\libarc32drv_arduino101.a(ble_service.o)
                0x400377c0                on_nble_gap_read_bda_rsp
 .text.on_nble_set_bda_rsp
                0x400377fc       0x1c C:\Users\Austen\AppData\Local\arduino15\packages\Intel\hardware\arc32\2.0.2\variants\arduino_101\libarc32drv_arduino101.a(ble_service.o)
                0x400377fc                on_nble_set_bda_rsp
 .text.ble_cfw_service_init
                0x40037818       0x58 C:\Users\Austen\AppData\Local\arduino15\packages\Intel\hardware\arc32\2.0.2\variants\arduino_101\libarc32drv_arduino101.a(ble_service.o)
                0x40037818                ble_cfw_service_init
 .text.nble_log
                0x40037870       0x24 C:\Users\Austen\AppData\Local\arduino15\packages\Intel\hardware\arc32\2.0.2\variants\arduino_101\libarc32drv_arduino101.a(ble_service.o)
                0x40037870                nble_log
 .text.on_nble_common_rsp
                0x40037894       0x20 C:\Users\Austen\AppData\Local\arduino15\packages\Intel\hardware\arc32\2.0.2\variants\arduino_101\libarc32drv_arduino101.a(ble_service.o)
                0x40037894                on_nble_common_rsp
 .text.uart_ipc_rpc_cback
                0x400378b4       0xc8 C:\Users\Austen\AppData\Local\arduino15\packages\Intel\hardware\arc32\2.0.2\variants\arduino_101\libarc32drv_arduino101.a(nble_driver.o)
 .text.nble_wake_assert.isra.1
                0x4003797c       0x3c C:\Users\Austen\AppData\Local\arduino15\packages\Intel\hardware\arc32\2.0.2\variants\arduino_101\libarc32drv_arduino101.a(nble_driver.o)
 .text.nble_ipc_tx_wake_cb
                0x400379b8       0x10 C:\Users\Austen\AppData\Local\arduino15\packages\Intel\hardware\arc32\2.0.2\variants\arduino_101\libarc32drv_arduino101.a(nble_driver.o)
 .text.on_nble_curie_log
                0x400379c8       0x40 C:\Users\Austen\AppData\Local\arduino15\packages\Intel\hardware\arc32\2.0.2\variants\arduino_101\libarc32drv_arduino101.a(nble_driver.o)
                0x400379c8                on_nble_curie_log
 .text.rpc_alloc_cb
                0x40037a08       0x44 C:\Users\Austen\AppData\Local\arduino15\packages\Intel\hardware\arc32\2.0.2\variants\arduino_101\libarc32drv_arduino101.a(nble_driver.o)
                0x40037a08                rpc_alloc_cb
 .text.rpc_transmit_cb
                0x40037a4c       0x5c C:\Users\Austen\AppData\Local\arduino15\packages\Intel\hardware\arc32\2.0.2\variants\arduino_101\libarc32drv_arduino101.a(nble_driver.o)
                0x40037a4c                rpc_transmit_cb
 .text.nble_driver_init
                0x40037aa8      0x110 C:\Users\Austen\AppData\Local\arduino15\packages\Intel\hardware\arc32\2.0.2\variants\arduino_101\libarc32drv_arduino101.a(nble_driver.o)
                0x40037aa8                nble_driver_init
 .text.nble_driver_configure
                0x40037bb8       0x64 C:\Users\Austen\AppData\Local\arduino15\packages\Intel\hardware\arc32\2.0.2\variants\arduino_101\libarc32drv_arduino101.a(nble_driver.o)
                0x40037bb8                nble_driver_configure
 .text.on_nble_curie_init
                0x40037c1c       0x10 C:\Users\Austen\AppData\Local\arduino15\packages\Intel\hardware\arc32\2.0.2\variants\arduino_101\libarc32drv_arduino101.a(nble_driver.o)
                0x40037c1c                on_nble_curie_init
 .text.cfw_alloc_message
                0x40037c2c       0x10 C:\Users\Austen\AppData\Local\arduino15\packages\Intel\hardware\arc32\2.0.2\variants\arduino_101\libarc32drv_arduino101.a(client_api.o)
                0x40037c2c                cfw_alloc_message
 .text.cfw_register_service
                0x40037c3c       0x48 C:\Users\Austen\AppData\Local\arduino15\packages\Intel\hardware\arc32\2.0.2\variants\arduino_101\libarc32drv_arduino101.a(service_api.o)
                0x40037c3c                cfw_register_service
 .text.cfw_alloc_rsp_msg
                0x40037c84       0x50 C:\Users\Austen\AppData\Local\arduino15\packages\Intel\hardware\arc32\2.0.2\variants\arduino_101\libarc32drv_arduino101.a(service_api.o)
                0x40037c84                cfw_alloc_rsp_msg
 .text._cfw_send_message
                0x40037cd4       0x10 C:\Users\Austen\AppData\Local\arduino15\packages\Intel\hardware\arc32\2.0.2\variants\arduino_101\libarc32drv_arduino101.a(service_api.o)
                0x40037cd4                _cfw_send_message
 .text.cfw_msg_free
                0x40037ce4       0x10 C:\Users\Austen\AppData\Local\arduino15\packages\Intel\hardware\arc32\2.0.2\variants\arduino_101\libarc32drv_arduino101.a(service_api.o)
                0x40037ce4                cfw_msg_free
 .text.send_service_avail_evt
                0x40037cf4       0x7c C:\Users\Austen\AppData\Local\arduino15\packages\Intel\hardware\arc32\2.0.2\variants\arduino_101\libarc32drv_arduino101.a(service_manager.o)
 .text.notify_service_avail_cb
                0x40037d70       0x38 C:\Users\Austen\AppData\Local\arduino15\packages\Intel\hardware\arc32\2.0.2\variants\arduino_101\libarc32drv_arduino101.a(service_manager.o)
                0x40037d70                notify_service_avail_cb
 .text.add_service_avail_listener
                0x40037da8       0x64 C:\Users\Austen\AppData\Local\arduino15\packages\Intel\hardware\arc32\2.0.2\variants\arduino_101\libarc32drv_arduino101.a(service_manager.o)
                0x40037da8                add_service_avail_listener
 .text.notify_service_avail
                0x40037e0c       0x2c C:\Users\Austen\AppData\Local\arduino15\packages\Intel\hardware\arc32\2.0.2\variants\arduino_101\libarc32drv_arduino101.a(service_manager.o)
                0x40037e0c                notify_service_avail
 .text.get_event_registered_list
                0x40037e38       0x28 C:\Users\Austen\AppData\Local\arduino15\packages\Intel\hardware\arc32\2.0.2\variants\arduino_101\libarc32drv_arduino101.a(service_manager.o)
                0x40037e38                get_event_registered_list
 .text._cfw_register_event
                0x40037e60       0x5c C:\Users\Austen\AppData\Local\arduino15\packages\Intel\hardware\arc32\2.0.2\variants\arduino_101\libarc32drv_arduino101.a(service_manager.o)
                0x40037e60                _cfw_register_event
 .text._find_service
                0x40037ebc       0x30 C:\Users\Austen\AppData\Local\arduino15\packages\Intel\hardware\arc32\2.0.2\variants\arduino_101\libarc32drv_arduino101.a(service_manager.o)
                0x40037ebc                _find_service
 .text.cfw_get_service
                0x40037eec       0x28 C:\Users\Austen\AppData\Local\arduino15\packages\Intel\hardware\arc32\2.0.2\variants\arduino_101\libarc32drv_arduino101.a(service_manager.o)
                0x40037eec                cfw_get_service
 .text.internal_handle_message
                0x40037f14      0x230 C:\Users\Austen\AppData\Local\arduino15\packages\Intel\hardware\arc32\2.0.2\variants\arduino_101\libarc32drv_arduino101.a(service_manager.o)
                0x40037f14                internal_handle_message
 .text.cfw_get_service_mgr_port_id
                0x40038144       0x14 C:\Users\Austen\AppData\Local\arduino15\packages\Intel\hardware\arc32\2.0.2\variants\arduino_101\libarc32drv_arduino101.a(service_manager.o)
                0x40038144                cfw_get_service_mgr_port_id
 .text._cfw_init
                0x40038158       0x34 C:\Users\Austen\AppData\Local\arduino15\packages\Intel\hardware\arc32\2.0.2\variants\arduino_101\libarc32drv_arduino101.a(service_manager.o)
                0x40038158                _cfw_init
 .text._add_service
                0x4003818c       0x4c C:\Users\Austen\AppData\Local\arduino15\packages\Intel\hardware\arc32\2.0.2\variants\arduino_101\libarc32drv_arduino101.a(service_manager.o)
                0x4003818c                _add_service
 .text._cfw_register_service
                0x400381d8       0x80 C:\Users\Austen\AppData\Local\arduino15\packages\Intel\hardware\arc32\2.0.2\variants\arduino_101\libarc32drv_arduino101.a(service_manager.o)
                0x400381d8                _cfw_register_service
 .text.handle_ipc_sync_request
                0x40038258       0x7c C:\Users\Austen\AppData\Local\arduino15\packages\Intel\hardware\arc32\2.0.2\variants\arduino_101\libarc32drv_arduino101.a(service_manager.o)
                0x40038258                handle_ipc_sync_request
 .text.ipc_init
                0x400382d4       0x48 C:\Users\Austen\AppData\Local\arduino15\packages\Intel\hardware\arc32\2.0.2\variants\arduino_101\libarc32drv_arduino101.a(ipc.o)
                0x400382d4                ipc_init
 .text.ipc_handle_message
                0x4003831c       0xc0 C:\Users\Austen\AppData\Local\arduino15\packages\Intel\hardware\arc32\2.0.2\variants\arduino_101\libarc32drv_arduino101.a(ipc.o)
                0x4003831c                ipc_handle_message
 .text.ipc_request_sync_int
                0x400383dc      0x180 C:\Users\Austen\AppData\Local\arduino15\packages\Intel\hardware\arc32\2.0.2\variants\arduino_101\libarc32drv_arduino101.a(ipc.o)
                0x400383dc                ipc_request_sync_int
 .text.ipc_sync_callback
                0x4003855c       0x54 C:\Users\Austen\AppData\Local\arduino15\packages\Intel\hardware\arc32\2.0.2\variants\arduino_101\libarc32drv_arduino101.a(ipc_callback.o)
                0x4003855c                ipc_sync_callback
 .text.log_vprintk
                0x400385b0       0x48 C:\Users\Austen\AppData\Local\arduino15\packages\Intel\hardware\arc32\2.0.2\variants\arduino_101\libarc32drv_arduino101.a(log.o)
                0x400385b0                log_vprintk
 .text.log_printk
                0x400385f8       0x38 C:\Users\Austen\AppData\Local\arduino15\packages\Intel\hardware\arc32\2.0.2\variants\arduino_101\libarc32drv_arduino101.a(log.o)
                0x400385f8                log_printk
 .text.log_write_msg
                0x40038630       0x1c C:\Users\Austen\AppData\Local\arduino15\packages\Intel\hardware\arc32\2.0.2\variants\arduino_101\libarc32drv_arduino101.a(log_impl_printk.o)
                0x40038630                log_write_msg
 .text.get_port
                0x4003864c       0x3c C:\Users\Austen\AppData\Local\arduino15\packages\Intel\hardware\arc32\2.0.2\variants\arduino_101\libarc32drv_arduino101.a(port.o)
 .text.get_cpu_id
                0x40038688       0x14 C:\Users\Austen\AppData\Local\arduino15\packages\Intel\hardware\arc32\2.0.2\variants\arduino_101\libarc32drv_arduino101.a(port.o)
                0x40038688                get_cpu_id
 .text.port_get_port_table
                0x4003869c       0x14 C:\Users\Austen\AppData\Local\arduino15\packages\Intel\hardware\arc32\2.0.2\variants\arduino_101\libarc32drv_arduino101.a(port.o)
                0x4003869c                port_get_port_table
 .text.port_alloc
                0x400386b0       0x64 C:\Users\Austen\AppData\Local\arduino15\packages\Intel\hardware\arc32\2.0.2\variants\arduino_101\libarc32drv_arduino101.a(port.o)
                0x400386b0                port_alloc
 .text.port_set_handler
                0x40038714       0x28 C:\Users\Austen\AppData\Local\arduino15\packages\Intel\hardware\arc32\2.0.2\variants\arduino_101\libarc32drv_arduino101.a(port.o)
                0x40038714                port_set_handler
 .text.message_alloc
                0x4003873c       0x38 C:\Users\Austen\AppData\Local\arduino15\packages\Intel\hardware\arc32\2.0.2\variants\arduino_101\libarc32drv_arduino101.a(port.o)
                0x4003873c                message_alloc
 .text.port_process_message
                0x40038774       0x40 C:\Users\Austen\AppData\Local\arduino15\packages\Intel\hardware\arc32\2.0.2\variants\arduino_101\libarc32drv_arduino101.a(port.o)
                0x40038774                port_process_message
 .text.port_set_cpu_id
                0x400387b4       0x28 C:\Users\Austen\AppData\Local\arduino15\packages\Intel\hardware\arc32\2.0.2\variants\arduino_101\libarc32drv_arduino101.a(port.o)
                0x400387b4                port_set_cpu_id
 .text.port_get_cpu_id
                0x400387dc       0x20 C:\Users\Austen\AppData\Local\arduino15\packages\Intel\hardware\arc32\2.0.2\variants\arduino_101\libarc32drv_arduino101.a(port.o)
                0x400387dc                port_get_cpu_id
 .text.set_cpu_id
                0x400387fc       0x14 C:\Users\Austen\AppData\Local\arduino15\packages\Intel\hardware\arc32\2.0.2\variants\arduino_101\libarc32drv_arduino101.a(port.o)
                0x400387fc                set_cpu_id
 .text.set_cpu_message_sender
                0x40038810       0x18 C:\Users\Austen\AppData\Local\arduino15\packages\Intel\hardware\arc32\2.0.2\variants\arduino_101\libarc32drv_arduino101.a(port.o)
                0x40038810                set_cpu_message_sender
 .text.set_cpu_free_handler
                0x40038828       0x18 C:\Users\Austen\AppData\Local\arduino15\packages\Intel\hardware\arc32\2.0.2\variants\arduino_101\libarc32drv_arduino101.a(port.o)
                0x40038828                set_cpu_free_handler
 .text.port_send_message
                0x40038840       0x94 C:\Users\Austen\AppData\Local\arduino15\packages\Intel\hardware\arc32\2.0.2\variants\arduino_101\libarc32drv_arduino101.a(port.o)
                0x40038840                port_send_message
 .text.message_free
                0x400388d4       0x88 C:\Users\Austen\AppData\Local\arduino15\packages\Intel\hardware\arc32\2.0.2\variants\arduino_101\libarc32drv_arduino101.a(port.o)
                0x400388d4                message_free
 .text.queue_process_message
                0x4003895c       0x40 C:\Users\Austen\AppData\Local\arduino15\packages\Intel\hardware\arc32\2.0.2\variants\arduino_101\libarc32drv_arduino101.a(port.o)
                0x4003895c                queue_process_message
 .text.get_uptime_32k
                0x4003899c       0x14 C:\Users\Austen\AppData\Local\arduino15\packages\Intel\hardware\arc32\2.0.2\variants\arduino_101\libarc32drv_arduino101.a(uptime.o)
                0x4003899c                get_uptime_32k
 .text.get_uptime_ms
                0x400389b0       0x28 C:\Users\Austen\AppData\Local\arduino15\packages\Intel\hardware\arc32\2.0.2\variants\arduino_101\libarc32drv_arduino101.a(uptime.o)
                0x400389b0                get_uptime_ms
 .text.list_init
                0x400389d8       0x14 C:\Users\Austen\AppData\Local\arduino15\packages\Intel\hardware\arc32\2.0.2\variants\arduino_101\libarc32drv_arduino101.a(list.o)
                0x400389d8                list_init
 .text.list_add
                0x400389ec       0x28 C:\Users\Austen\AppData\Local\arduino15\packages\Intel\hardware\arc32\2.0.2\variants\arduino_101\libarc32drv_arduino101.a(list.o)
                0x400389ec                list_add
 .text.list_foreach_del
                0x40038a14       0x60 C:\Users\Austen\AppData\Local\arduino15\packages\Intel\hardware\arc32\2.0.2\variants\arduino_101\libarc32drv_arduino101.a(list.o)
                0x40038a14                list_foreach_del
 .text.list_get
                0x40038a74       0x24 C:\Users\Austen\AppData\Local\arduino15\packages\Intel\hardware\arc32\2.0.2\variants\arduino_101\libarc32drv_arduino101.a(list.o)
                0x40038a74                list_get
 .text.os_abstraction_init_malloc
                0x40038a98       0x44 C:\Users\Austen\AppData\Local\arduino15\packages\Intel\hardware\arc32\2.0.2\variants\arduino_101\libarc32drv_arduino101.a(balloc.o)
                0x40038a98                os_abstraction_init_malloc
 .text.balloc   0x40038adc       0xfc C:\Users\Austen\AppData\Local\arduino15\packages\Intel\hardware\arc32\2.0.2\variants\arduino_101\libarc32drv_arduino101.a(balloc.o)
                0x40038adc                balloc
 .text.bfree    0x40038bd8       0xa8 C:\Users\Austen\AppData\Local\arduino15\packages\Intel\hardware\arc32\2.0.2\variants\arduino_101\libarc32drv_arduino101.a(balloc.o)
                0x40038bd8                bfree
 .text.queue_get_message
                0x40038c80       0x28 C:\Users\Austen\AppData\Local\arduino15\packages\Intel\hardware\arc32\2.0.2\variants\arduino_101\libarc32drv_arduino101.a(os.o)
                0x40038c80                queue_get_message
 .text.queue_send_message
                0x40038ca8       0x24 C:\Users\Austen\AppData\Local\arduino15\packages\Intel\hardware\arc32\2.0.2\variants\arduino_101\libarc32drv_arduino101.a(os.o)
                0x40038ca8                queue_send_message
 .text.queue_create
                0x40038ccc       0x54 C:\Users\Austen\AppData\Local\arduino15\packages\Intel\hardware\arc32\2.0.2\variants\arduino_101\libarc32drv_arduino101.a(os.o)
                0x40038ccc                queue_create
 .text.mutex_create
                0x40038d20       0x10 C:\Users\Austen\AppData\Local\arduino15\packages\Intel\hardware\arc32\2.0.2\variants\arduino_101\libarc32drv_arduino101.a(os.o)
                0x40038d20                mutex_create
 .text.mutex_unlock
                0x40038d30        0xc C:\Users\Austen\AppData\Local\arduino15\packages\Intel\hardware\arc32\2.0.2\variants\arduino_101\libarc32drv_arduino101.a(os.o)
                0x40038d30                mutex_unlock
 .text.mutex_lock
                0x40038d3c       0x10 C:\Users\Austen\AppData\Local\arduino15\packages\Intel\hardware\arc32\2.0.2\variants\arduino_101\libarc32drv_arduino101.a(os.o)
                0x40038d3c                mutex_lock
 .text.panic    0x40038d4c       0x10 C:\Users\Austen\AppData\Local\arduino15\packages\Intel\hardware\arc32\2.0.2\variants\arduino_101\libarc32drv_arduino101.a(panic.o)
                0x40038d4c                panic
 .text.__assert_fail
                0x40038d5c       0x10 C:\Users\Austen\AppData\Local\arduino15\packages\Intel\hardware\arc32\2.0.2\variants\arduino_101\libarc32drv_arduino101.a(panic.o)
                0x40038d5c                __assert_fail
 .text._Fault   0x40038d6c       0x50 C:\Users\Austen\AppData\Local\arduino15\packages\Intel\hardware\arc32\2.0.2\variants\arduino_101\libarc32drv_arduino101.a(panic.o)
                0x40038d6c                _Fault
 .text.__assert_func
                0x40038dbc       0x74 c:/users/austen/appdata/local/arduino15/packages/intel/tools/arc-elf32/1.6.9+1.0.1/bin/../lib/gcc/arc-elf32/4.8.5/../../../../arc-elf32/lib\libc.a(lib_a-assert.o)
                0x40038dbc                __assert_func
 .text.fiprintf
                0x40038e30       0x68 c:/users/austen/appdata/local/arduino15/packages/intel/tools/arc-elf32/1.6.9+1.0.1/bin/../lib/gcc/arc-elf32/4.8.5/../../../../arc-elf32/lib\libc.a(lib_a-fiprintf.o)
                0x40038e30                fiprintf
 .text.__sprint_r
                0x40038e98       0xf4 c:/users/austen/appdata/local/arduino15/packages/intel/tools/arc-elf32/1.6.9+1.0.1/bin/../lib/gcc/arc-elf32/4.8.5/../../../../arc-elf32/lib\libc.a(lib_a-vfiprintf.o)
                0x40038e98                __sprint_r
 .text.__sbprintf
                0x40038f8c       0xfc c:/users/austen/appdata/local/arduino15/packages/intel/tools/arc-elf32/1.6.9+1.0.1/bin/../lib/gcc/arc-elf32/4.8.5/../../../../arc-elf32/lib\libc.a(lib_a-vfiprintf.o)
 .text._vfiprintf_r
                0x40039088      0xdf0 c:/users/austen/appdata/local/arduino15/packages/intel/tools/arc-elf32/1.6.9+1.0.1/bin/../lib/gcc/arc-elf32/4.8.5/../../../../arc-elf32/lib\libc.a(lib_a-vfiprintf.o)
                0x40039088                _vfiprintf_r
 .text.__swsetup_r
                0x40039e78      0x134 c:/users/austen/appdata/local/arduino15/packages/intel/tools/arc-elf32/1.6.9+1.0.1/bin/../lib/gcc/arc-elf32/4.8.5/../../../../arc-elf32/lib\libc.a(lib_a-wsetup.o)
                0x40039e78                __swsetup_r
 .text.abort    0x40039fac       0x14 c:/users/austen/appdata/local/arduino15/packages/intel/tools/arc-elf32/1.6.9+1.0.1/bin/../lib/gcc/arc-elf32/4.8.5/../../../../arc-elf32/lib\libc.a(lib_a-abort.o)
                0x40039fac                abort
 .text.__sflush_r
                0x40039fc0      0x23c c:/users/austen/appdata/local/arduino15/packages/intel/tools/arc-elf32/1.6.9+1.0.1/bin/../lib/gcc/arc-elf32/4.8.5/../../../../arc-elf32/lib\libc.a(lib_a-fflush.o)
                0x40039fc0                __sflush_r
 .text._fflush_r
                0x4003a1fc       0x70 c:/users/austen/appdata/local/arduino15/packages/intel/tools/arc-elf32/1.6.9+1.0.1/bin/../lib/gcc/arc-elf32/4.8.5/../../../../arc-elf32/lib\libc.a(lib_a-fflush.o)
                0x4003a1fc                _fflush_r
 .text.std      0x4003a26c       0xc0 c:/users/austen/appdata/local/arduino15/packages/intel/tools/arc-elf32/1.6.9+1.0.1/bin/../lib/gcc/arc-elf32/4.8.5/../../../../arc-elf32/lib\libc.a(lib_a-findfp.o)
 .text._cleanup_r
                0x4003a32c       0x30 c:/users/austen/appdata/local/arduino15/packages/intel/tools/arc-elf32/1.6.9+1.0.1/bin/../lib/gcc/arc-elf32/4.8.5/../../../../arc-elf32/lib\libc.a(lib_a-findfp.o)
                0x4003a32c                _cleanup_r
 .text.__sinit  0x4003a35c       0xa8 c:/users/austen/appdata/local/arduino15/packages/intel/tools/arc-elf32/1.6.9+1.0.1/bin/../lib/gcc/arc-elf32/4.8.5/../../../../arc-elf32/lib\libc.a(lib_a-findfp.o)
                0x4003a35c                __sinit
 .text.__sfp_lock_acquire
                0x4003a404        0xc c:/users/austen/appdata/local/arduino15/packages/intel/tools/arc-elf32/1.6.9+1.0.1/bin/../lib/gcc/arc-elf32/4.8.5/../../../../arc-elf32/lib\libc.a(lib_a-findfp.o)
                0x4003a404                __sfp_lock_acquire
 .text.__sfp_lock_release
                0x4003a410        0xc c:/users/austen/appdata/local/arduino15/packages/intel/tools/arc-elf32/1.6.9+1.0.1/bin/../lib/gcc/arc-elf32/4.8.5/../../../../arc-elf32/lib\libc.a(lib_a-findfp.o)
                0x4003a410                __sfp_lock_release
 .text.__sinit_lock_acquire
                0x4003a41c        0xc c:/users/austen/appdata/local/arduino15/packages/intel/tools/arc-elf32/1.6.9+1.0.1/bin/../lib/gcc/arc-elf32/4.8.5/../../../../arc-elf32/lib\libc.a(lib_a-findfp.o)
                0x4003a41c                __sinit_lock_acquire
 .text.__sinit_lock_release
                0x4003a428        0xc c:/users/austen/appdata/local/arduino15/packages/intel/tools/arc-elf32/1.6.9+1.0.1/bin/../lib/gcc/arc-elf32/4.8.5/../../../../arc-elf32/lib\libc.a(lib_a-findfp.o)
                0x4003a428                __sinit_lock_release
 .text.__fputwc
                0x4003a434      0x190 c:/users/austen/appdata/local/arduino15/packages/intel/tools/arc-elf32/1.6.9+1.0.1/bin/../lib/gcc/arc-elf32/4.8.5/../../../../arc-elf32/lib\libc.a(lib_a-fputwc.o)
                0x4003a434                __fputwc
 .text._fputwc_r
                0x4003a5c4       0x84 c:/users/austen/appdata/local/arduino15/packages/intel/tools/arc-elf32/1.6.9+1.0.1/bin/../lib/gcc/arc-elf32/4.8.5/../../../../arc-elf32/lib\libc.a(lib_a-fputwc.o)
                0x4003a5c4                _fputwc_r
 .text._free_r  0x4003a648      0x43c c:/users/austen/appdata/local/arduino15/packages/intel/tools/arc-elf32/1.6.9+1.0.1/bin/../lib/gcc/arc-elf32/4.8.5/../../../../arc-elf32/lib\libc.a(lib_a-freer.o)
                0x4003a648                _free_r
 .text._malloc_trim_r
                0x4003aa84      0x164 c:/users/austen/appdata/local/arduino15/packages/intel/tools/arc-elf32/1.6.9+1.0.1/bin/../lib/gcc/arc-elf32/4.8.5/../../../../arc-elf32/lib\libc.a(lib_a-freer.o)
                0x4003aa84                _malloc_trim_r
 .text.__sfvwrite_r
                0x4003abe8      0x450 c:/users/austen/appdata/local/arduino15/packages/intel/tools/arc-elf32/1.6.9+1.0.1/bin/../lib/gcc/arc-elf32/4.8.5/../../../../arc-elf32/lib\libc.a(lib_a-fvwrite.o)
                0x4003abe8                __sfvwrite_r
 .text._fwalk_reent
                0x4003b038       0x88 c:/users/austen/appdata/local/arduino15/packages/intel/tools/arc-elf32/1.6.9+1.0.1/bin/../lib/gcc/arc-elf32/4.8.5/../../../../arc-elf32/lib\libc.a(lib_a-fwalk.o)
                0x4003b038                _fwalk_reent
 .text.__locale_charset
                0x4003b0c0       0x14 c:/users/austen/appdata/local/arduino15/packages/intel/tools/arc-elf32/1.6.9+1.0.1/bin/../lib/gcc/arc-elf32/4.8.5/../../../../arc-elf32/lib\libc.a(lib_a-locale.o)
                0x4003b0c0                __locale_charset
 .text.__locale_mb_cur_max
                0x4003b0d4       0x18 c:/users/austen/appdata/local/arduino15/packages/intel/tools/arc-elf32/1.6.9+1.0.1/bin/../lib/gcc/arc-elf32/4.8.5/../../../../arc-elf32/lib\libc.a(lib_a-locale.o)
                0x4003b0d4                __locale_mb_cur_max
 .text.__smakebuf_r
                0x4003b0ec      0x154 c:/users/austen/appdata/local/arduino15/packages/intel/tools/arc-elf32/1.6.9+1.0.1/bin/../lib/gcc/arc-elf32/4.8.5/../../../../arc-elf32/lib\libc.a(lib_a-makebuf.o)
                0x4003b0ec                __smakebuf_r
 .text.malloc_extend_top
                0x4003b240      0x2f8 c:/users/austen/appdata/local/arduino15/packages/intel/tools/arc-elf32/1.6.9+1.0.1/bin/../lib/gcc/arc-elf32/4.8.5/../../../../arc-elf32/lib\libc.a(lib_a-mallocr.o)
 .text._malloc_r
                0x4003b538      0x8d4 c:/users/austen/appdata/local/arduino15/packages/intel/tools/arc-elf32/1.6.9+1.0.1/bin/../lib/gcc/arc-elf32/4.8.5/../../../../arc-elf32/lib\libc.a(lib_a-mallocr.o)
                0x4003b538                _malloc_r
 .text.memchr   0x4003be0c      0x170 c:/users/austen/appdata/local/arduino15/packages/intel/tools/arc-elf32/1.6.9+1.0.1/bin/../lib/gcc/arc-elf32/4.8.5/../../../../arc-elf32/lib\libc.a(lib_a-memchr.o)
                0x4003be0c                memchr
 .text.memmove  0x4003bf7c      0x1c0 c:/users/austen/appdata/local/arduino15/packages/intel/tools/arc-elf32/1.6.9+1.0.1/bin/../lib/gcc/arc-elf32/4.8.5/../../../../arc-elf32/lib\libc.a(lib_a-memmove.o)
                0x4003bf7c                memmove
 .text.__malloc_lock
                0x4003c13c       0x14 c:/users/austen/appdata/local/arduino15/packages/intel/tools/arc-elf32/1.6.9+1.0.1/bin/../lib/gcc/arc-elf32/4.8.5/../../../../arc-elf32/lib\libc.a(lib_a-mlock.o)
                0x4003c13c                __malloc_lock
 .text.__malloc_unlock
                0x4003c150       0x14 c:/users/austen/appdata/local/arduino15/packages/intel/tools/arc-elf32/1.6.9+1.0.1/bin/../lib/gcc/arc-elf32/4.8.5/../../../../arc-elf32/lib\libc.a(lib_a-mlock.o)
                0x4003c150                __malloc_unlock
 .text._realloc_r
                0x4003c164      0x9e8 c:/users/austen/appdata/local/arduino15/packages/intel/tools/arc-elf32/1.6.9+1.0.1/bin/../lib/gcc/arc-elf32/4.8.5/../../../../arc-elf32/lib\libc.a(lib_a-reallocr.o)
                0x4003c164                _realloc_r
 .text._sbrk_r  0x4003cb4c       0x5c c:/users/austen/appdata/local/arduino15/packages/intel/tools/arc-elf32/1.6.9+1.0.1/bin/../lib/gcc/arc-elf32/4.8.5/../../../../arc-elf32/lib\libc.a(lib_a-sbrkr.o)
                0x4003cb4c                _sbrk_r
 .text._raise_r
                0x4003cba8       0xcc c:/users/austen/appdata/local/arduino15/packages/intel/tools/arc-elf32/1.6.9+1.0.1/bin/../lib/gcc/arc-elf32/4.8.5/../../../../arc-elf32/lib\libc.a(lib_a-signal.o)
                0x4003cba8                _raise_r
 .text.raise    0x4003cc74       0x30 c:/users/austen/appdata/local/arduino15/packages/intel/tools/arc-elf32/1.6.9+1.0.1/bin/../lib/gcc/arc-elf32/4.8.5/../../../../arc-elf32/lib\libc.a(lib_a-signal.o)
                0x4003cc74                raise
 .text._kill_r  0x4003cca4       0x64 c:/users/austen/appdata/local/arduino15/packages/intel/tools/arc-elf32/1.6.9+1.0.1/bin/../lib/gcc/arc-elf32/4.8.5/../../../../arc-elf32/lib\libc.a(lib_a-signalr.o)
                0x4003cca4                _kill_r
 .text._getpid_r
                0x4003cd08       0x28 c:/users/austen/appdata/local/arduino15/packages/intel/tools/arc-elf32/1.6.9+1.0.1/bin/../lib/gcc/arc-elf32/4.8.5/../../../../arc-elf32/lib\libc.a(lib_a-signalr.o)
                0x4003cd08                _getpid_r
 .text.__sread  0x4003cd30       0x68 c:/users/austen/appdata/local/arduino15/packages/intel/tools/arc-elf32/1.6.9+1.0.1/bin/../lib/gcc/arc-elf32/4.8.5/../../../../arc-elf32/lib\libc.a(lib_a-stdio.o)
                0x4003cd30                __sread
 .text.__swrite
                0x4003cd98       0x74 c:/users/austen/appdata/local/arduino15/packages/intel/tools/arc-elf32/1.6.9+1.0.1/bin/../lib/gcc/arc-elf32/4.8.5/../../../../arc-elf32/lib\libc.a(lib_a-stdio.o)
                0x4003cd98                __swrite
 .text.__sseek  0x4003ce0c       0x68 c:/users/austen/appdata/local/arduino15/packages/intel/tools/arc-elf32/1.6.9+1.0.1/bin/../lib/gcc/arc-elf32/4.8.5/../../../../arc-elf32/lib\libc.a(lib_a-stdio.o)
                0x4003ce0c                __sseek
 .text.__sclose
                0x4003ce74       0x38 c:/users/austen/appdata/local/arduino15/packages/intel/tools/arc-elf32/1.6.9+1.0.1/bin/../lib/gcc/arc-elf32/4.8.5/../../../../arc-elf32/lib\libc.a(lib_a-stdio.o)
                0x4003ce74                __sclose
 .text.__swbuf_r
                0x4003ceac      0x100 c:/users/austen/appdata/local/arduino15/packages/intel/tools/arc-elf32/1.6.9+1.0.1/bin/../lib/gcc/arc-elf32/4.8.5/../../../../arc-elf32/lib\libc.a(lib_a-wbuf.o)
                0x4003ceac                __swbuf_r
 .text._wcrtomb_r
                0x4003cfac       0xac c:/users/austen/appdata/local/arduino15/packages/intel/tools/arc-elf32/1.6.9+1.0.1/bin/../lib/gcc/arc-elf32/4.8.5/../../../../arc-elf32/lib\libc.a(lib_a-wcrtomb.o)
                0x4003cfac                _wcrtomb_r
 .text.__ascii_wctomb
                0x4003d058       0x60 c:/users/austen/appdata/local/arduino15/packages/intel/tools/arc-elf32/1.6.9+1.0.1/bin/../lib/gcc/arc-elf32/4.8.5/../../../../arc-elf32/lib\libc.a(lib_a-wctomb_r.o)
                0x4003d058                __ascii_wctomb
 .text._write_r
                0x4003d0b8       0x6c c:/users/austen/appdata/local/arduino15/packages/intel/tools/arc-elf32/1.6.9+1.0.1/bin/../lib/gcc/arc-elf32/4.8.5/../../../../arc-elf32/lib\libc.a(lib_a-writer.o)
                0x4003d0b8                _write_r
 .text._close_r
                0x4003d124       0x5c c:/users/austen/appdata/local/arduino15/packages/intel/tools/arc-elf32/1.6.9+1.0.1/bin/../lib/gcc/arc-elf32/4.8.5/../../../../arc-elf32/lib\libc.a(lib_a-closer.o)
                0x4003d124                _close_r
 .text._fclose_r
                0x4003d180       0xf8 c:/users/austen/appdata/local/arduino15/packages/intel/tools/arc-elf32/1.6.9+1.0.1/bin/../lib/gcc/arc-elf32/4.8.5/../../../../arc-elf32/lib\libc.a(lib_a-fclose.o)
                0x4003d180                _fclose_r
 .text._fstat_r
                0x4003d278       0x64 c:/users/austen/appdata/local/arduino15/packages/intel/tools/arc-elf32/1.6.9+1.0.1/bin/../lib/gcc/arc-elf32/4.8.5/../../../../arc-elf32/lib\libc.a(lib_a-fstatr.o)
                0x4003d278                _fstat_r
 .text._isatty_r
                0x4003d2dc       0x5c c:/users/austen/appdata/local/arduino15/packages/intel/tools/arc-elf32/1.6.9+1.0.1/bin/../lib/gcc/arc-elf32/4.8.5/../../../../arc-elf32/lib\libc.a(lib_a-isattyr.o)
                0x4003d2dc                _isatty_r
 .text._lseek_r
                0x4003d338       0x6c c:/users/austen/appdata/local/arduino15/packages/intel/tools/arc-elf32/1.6.9+1.0.1/bin/../lib/gcc/arc-elf32/4.8.5/../../../../arc-elf32/lib\libc.a(lib_a-lseekr.o)
                0x4003d338                _lseek_r
 .text._read_r  0x4003d3a4       0x6c c:/users/austen/appdata/local/arduino15/packages/intel/tools/arc-elf32/1.6.9+1.0.1/bin/../lib/gcc/arc-elf32/4.8.5/../../../../arc-elf32/lib\libc.a(lib_a-readr.o)
                0x4003d3a4                _read_r
 .text.__udivdi3
                0x4003d410      0x378 c:/users/austen/appdata/local/arduino15/packages/intel/tools/arc-elf32/1.6.9+1.0.1/bin/../lib/gcc/arc-elf32/4.8.5\libgcc.a(_udivdi3.o)
                0x4003d410                __udivdi3
 .text.__umoddi3
                0x4003d788      0x33c c:/users/austen/appdata/local/arduino15/packages/intel/tools/arc-elf32/1.6.9+1.0.1/bin/../lib/gcc/arc-elf32/4.8.5\libgcc.a(_umoddi3.o)
                0x4003d788                __umoddi3
 .text.loop     0x4003dac4       0x5c C:\Users\Austen\AppData\Local\Temp\VMBuilds\Temperature\Intel_intel_arc32_arduino_101\Debug\Temperature.cpp.o
                0x4003dac4                loop
 .text.setup    0x4003db20       0x30 C:\Users\Austen\AppData\Local\Temp\VMBuilds\Temperature\Intel_intel_arc32_arduino_101\Debug\Temperature.cpp.o
                0x4003db20                setup
 .text._ZN8HighTempC2Eii
                0x4003db50       0x10 C:\Users\Austen\AppData\Local\Temp\VMBuilds\Temperature\Intel_intel_arc32_arduino_101\Debug\Grove_HighTemp_Sensor-master\Hight_Temp.cpp.o
                0x4003db50                HighTemp::HighTemp(int, int)
                0x4003db50                HighTemp::HighTemp(int, int)
 .text._ZN8HighTemp9getAnalogEi
                0x4003db60       0x30 C:\Users\Austen\AppData\Local\Temp\VMBuilds\Temperature\Intel_intel_arc32_arduino_101\Debug\Grove_HighTemp_Sensor-master\Hight_Temp.cpp.o
                0x4003db60                HighTemp::getAnalog(int)
 .text._ZN8HighTemp10getRoomTmpEv
                0x4003db90       0xfc C:\Users\Austen\AppData\Local\Temp\VMBuilds\Temperature\Intel_intel_arc32_arduino_101\Debug\Grove_HighTemp_Sensor-master\Hight_Temp.cpp.o
                0x4003db90                HighTemp::getRoomTmp()
 .text._ZN8HighTemp5beginEv
                0x4003dc8c       0x94 C:\Users\Austen\AppData\Local\Temp\VMBuilds\Temperature\Intel_intel_arc32_arduino_101\Debug\Grove_HighTemp_Sensor-master\Hight_Temp.cpp.o
                0x4003dc8c                HighTemp::begin()
 .text._ZN8HighTemp10getThmcVolEv
                0x4003dd20       0x68 C:\Users\Austen\AppData\Local\Temp\VMBuilds\Temperature\Intel_intel_arc32_arduino_101\Debug\Grove_HighTemp_Sensor-master\Hight_Temp.cpp.o
                0x4003dd20                HighTemp::getThmcVol()
 .text._ZN8HighTemp6K_VtoTEf
                0x4003dd88      0x118 C:\Users\Austen\AppData\Local\Temp\VMBuilds\Temperature\Intel_intel_arc32_arduino_101\Debug\Grove_HighTemp_Sensor-master\Hight_Temp.cpp.o
                0x4003dd88                HighTemp::K_VtoT(float)
 .text._ZN8HighTemp7getThmcEv
                0x4003dea0       0x34 C:\Users\Austen\AppData\Local\Temp\VMBuilds\Temperature\Intel_intel_arc32_arduino_101\Debug\Grove_HighTemp_Sensor-master\Hight_Temp.cpp.o
                0x4003dea0                HighTemp::getThmc()
 .text._Z11serialEventv
                0x4003ded4        0xc C:\Users\Austen\AppData\Local\Temp\VMBuilds\Temperature\Intel_intel_arc32_arduino_101\Debug\variant\variant.cpp.o
                0x4003ded4                serialEvent()
 .text._Z12UART_Handlerv
                0x4003dee0       0x14 C:\Users\Austen\AppData\Local\Temp\VMBuilds\Temperature\Intel_intel_arc32_arduino_101\Debug\variant\variant.cpp.o
                0x4003dee0                UART_Handler()
 .text._Z12serialEvent1v
                0x4003def4        0xc C:\Users\Austen\AppData\Local\Temp\VMBuilds\Temperature\Intel_intel_arc32_arduino_101\Debug\variant\variant.cpp.o
                0x4003def4                serialEvent1()
 .text.variantGpioInit
                0x4003df00      0x104 C:\Users\Austen\AppData\Local\Temp\VMBuilds\Temperature\Intel_intel_arc32_arduino_101\Debug\variant\variant.cpp.o
                0x4003df00                variantGpioInit
 .text.variantPwmInit
                0x4003e004       0x3c C:\Users\Austen\AppData\Local\Temp\VMBuilds\Temperature\Intel_intel_arc32_arduino_101\Debug\variant\variant.cpp.o
                0x4003e004                variantPwmInit
 .text.variantAdcInit
                0x4003e040       0xa8 C:\Users\Austen\AppData\Local\Temp\VMBuilds\Temperature\Intel_intel_arc32_arduino_101\Debug\variant\variant.cpp.o
                0x4003e040                variantAdcInit
 .text.initVariant
                0x4003e0e8       0x4c C:\Users\Austen\AppData\Local\Temp\VMBuilds\Temperature\Intel_intel_arc32_arduino_101\Debug\variant\variant.cpp.o
                0x4003e0e8                initVariant
 .text._GLOBAL__sub_I_g_APinDescription
                0x4003e134       0x5c C:\Users\Austen\AppData\Local\Temp\VMBuilds\Temperature\Intel_intel_arc32_arduino_101\Debug\variant\variant.cpp.o
 .text._Z14serialEventRunv
                0x4003e190       0x38 C:\Users\Austen\AppData\Local\Temp\VMBuilds\Temperature\Intel_intel_arc32_arduino_101\Debug\variant\variant.cpp.o
                0x4003e190                serialEventRun()
 .text.delay    0x4003e1c8       0xc4 C:\Users\Austen\AppData\Local\Temp\VMBuilds\Temperature\Intel_intel_arc32_arduino_101\Debug/core.a(wiring.c.o)
                0x4003e1c8                delay
 .text.analogRead
                0x4003e28c      0x104 C:\Users\Austen\AppData\Local\Temp\VMBuilds\Temperature\Intel_intel_arc32_arduino_101\Debug/core.a(wiring_analog.c.o)
                0x4003e28c                analogRead
 .text.pinMode  0x4003e390       0xfc C:\Users\Austen\AppData\Local\Temp\VMBuilds\Temperature\Intel_intel_arc32_arduino_101\Debug/core.a(wiring_digital.c.o)
                0x4003e390                pinMode
 .text.dccm_malloc
                0x4003e48c       0x30 C:\Users\Austen\AppData\Local\Temp\VMBuilds\Temperature\Intel_intel_arc32_arduino_101\Debug/core.a(dccm_alloc.c.o)
                0x4003e48c                dccm_malloc
 .text.dccm_memalign
                0x4003e4bc       0x38 C:\Users\Austen\AppData\Local\Temp\VMBuilds\Temperature\Intel_intel_arc32_arduino_101\Debug/core.a(dccm_alloc.c.o)
                0x4003e4bc                dccm_memalign
 .text._ZN14CDCSerialClass3endEv
                0x4003e4f4       0x14 C:\Users\Austen\AppData\Local\Temp\VMBuilds\Temperature\Intel_intel_arc32_arduino_101\Debug/core.a(CDCSerialClass.cpp.o)
                0x4003e4f4                CDCSerialClass::end()
 .text._ZN14CDCSerialClass4peekEv
                0x4003e508       0x28 C:\Users\Austen\AppData\Local\Temp\VMBuilds\Temperature\Intel_intel_arc32_arduino_101\Debug/core.a(CDCSerialClass.cpp.o)
                0x4003e508                CDCSerialClass::peek()
 .text._ZN14CDCSerialClass4readEv
                0x4003e530       0x48 C:\Users\Austen\AppData\Local\Temp\VMBuilds\Temperature\Intel_intel_arc32_arduino_101\Debug/core.a(CDCSerialClass.cpp.o)
                0x4003e530                CDCSerialClass::read()
 .text._ZN14CDCSerialClasscvbEv
                0x4003e578       0x30 C:\Users\Austen\AppData\Local\Temp\VMBuilds\Temperature\Intel_intel_arc32_arduino_101\Debug/core.a(CDCSerialClass.cpp.o)
                0x4003e578                CDCSerialClass::operator bool()
 .text._ZN14CDCSerialClass5flushEv
                0x4003e5a8       0x2c C:\Users\Austen\AppData\Local\Temp\VMBuilds\Temperature\Intel_intel_arc32_arduino_101\Debug/core.a(CDCSerialClass.cpp.o)
                0x4003e5a8                CDCSerialClass::flush()
 .text._ZN14CDCSerialClass9availableEv
                0x4003e5d4       0x40 C:\Users\Austen\AppData\Local\Temp\VMBuilds\Temperature\Intel_intel_arc32_arduino_101\Debug/core.a(CDCSerialClass.cpp.o)
                0x4003e5d4                CDCSerialClass::available()
 .text._ZN14CDCSerialClass5writeEh
                0x4003e614       0x4c C:\Users\Austen\AppData\Local\Temp\VMBuilds\Temperature\Intel_intel_arc32_arduino_101\Debug/core.a(CDCSerialClass.cpp.o)
                0x4003e614                CDCSerialClass::write(unsigned char)
 .text._ZN14CDCSerialClassC2EP14uart_init_info
                0x4003e660       0x20 C:\Users\Austen\AppData\Local\Temp\VMBuilds\Temperature\Intel_intel_arc32_arduino_101\Debug/core.a(CDCSerialClass.cpp.o)
                0x4003e660                CDCSerialClass::CDCSerialClass(uart_init_info*)
                0x4003e660                CDCSerialClass::CDCSerialClass(uart_init_info*)
 .text._ZN14CDCSerialClass13setSharedDataEP19cdc_acm_shared_data
                0x4003e680       0x18 C:\Users\Austen\AppData\Local\Temp\VMBuilds\Temperature\Intel_intel_arc32_arduino_101\Debug/core.a(CDCSerialClass.cpp.o)
                0x4003e680                CDCSerialClass::setSharedData(cdc_acm_shared_data*)
 .text._ZN14CDCSerialClass4initEmh
                0x4003e698       0x28 C:\Users\Austen\AppData\Local\Temp\VMBuilds\Temperature\Intel_intel_arc32_arduino_101\Debug/core.a(CDCSerialClass.cpp.o)
                0x4003e698                CDCSerialClass::init(unsigned long, unsigned char)
 .text._ZN14CDCSerialClass5beginEm
                0x4003e6c0       0x10 C:\Users\Austen\AppData\Local\Temp\VMBuilds\Temperature\Intel_intel_arc32_arduino_101\Debug/core.a(CDCSerialClass.cpp.o)
                0x4003e6c0                CDCSerialClass::begin(unsigned long)
 .text.main     0x4003e6d0       0x28 C:\Users\Austen\AppData\Local\Temp\VMBuilds\Temperature\Intel_intel_arc32_arduino_101\Debug/core.a(main.cpp.o)
                0x4003e6d0                main
 .text._ZN5Print5writeEPKhj
                0x4003e6f8       0x38 C:\Users\Austen\AppData\Local\Temp\VMBuilds\Temperature\Intel_intel_arc32_arduino_101\Debug/core.a(Print.cpp.o)
                0x4003e6f8                Print::write(unsigned char const*, unsigned int)
 .text._ZN5Print5writeEPKc
                0x4003e730       0x44 C:\Users\Austen\AppData\Local\Temp\VMBuilds\Temperature\Intel_intel_arc32_arduino_101\Debug/core.a(Print.cpp.o)
                0x4003e730                Print::write(char const*)
 .text._ZN5Print5printEPKc
                0x4003e774       0x10 C:\Users\Austen\AppData\Local\Temp\VMBuilds\Temperature\Intel_intel_arc32_arduino_101\Debug/core.a(Print.cpp.o)
                0x4003e774                Print::print(char const*)
 .text._ZN5Print5printEc
                0x4003e784       0x14 C:\Users\Austen\AppData\Local\Temp\VMBuilds\Temperature\Intel_intel_arc32_arduino_101\Debug/core.a(Print.cpp.o)
                0x4003e784                Print::print(char)
 .text._ZN5Print7printlnEv
                0x4003e798       0x2c C:\Users\Austen\AppData\Local\Temp\VMBuilds\Temperature\Intel_intel_arc32_arduino_101\Debug/core.a(Print.cpp.o)
                0x4003e798                Print::println()
 .text._ZN5Print7printlnEPKc
                0x4003e7c4       0x28 C:\Users\Austen\AppData\Local\Temp\VMBuilds\Temperature\Intel_intel_arc32_arduino_101\Debug/core.a(Print.cpp.o)
                0x4003e7c4                Print::println(char const*)
 .text._ZN5Print11printNumberEmh
                0x4003e7ec       0x68 C:\Users\Austen\AppData\Local\Temp\VMBuilds\Temperature\Intel_intel_arc32_arduino_101\Debug/core.a(Print.cpp.o)
                0x4003e7ec                Print::printNumber(unsigned long, unsigned char)
 .text._ZN5Print5printEli
                0x4003e854       0x68 C:\Users\Austen\AppData\Local\Temp\VMBuilds\Temperature\Intel_intel_arc32_arduino_101\Debug/core.a(Print.cpp.o)
                0x4003e854                Print::print(long, int)
 .text._ZN5Print7printlnEii
                0x4003e8bc       0x28 C:\Users\Austen\AppData\Local\Temp\VMBuilds\Temperature\Intel_intel_arc32_arduino_101\Debug/core.a(Print.cpp.o)
                0x4003e8bc                Print::println(int, int)
 .text._ZN5Print10printFloatEdh
                0x4003e8e4       0x3c C:\Users\Austen\AppData\Local\Temp\VMBuilds\Temperature\Intel_intel_arc32_arduino_101\Debug/core.a(Print.cpp.o)
                0x4003e8e4                Print::printFloat(double, unsigned char)
 .text._ZN5Print5printEdi
                0x4003e920       0x10 C:\Users\Austen\AppData\Local\Temp\VMBuilds\Temperature\Intel_intel_arc32_arduino_101\Debug/core.a(Print.cpp.o)
                0x4003e920                Print::print(double, int)
 .text._ZN5Print7printlnEdi
                0x4003e930       0x28 C:\Users\Austen\AppData\Local\Temp\VMBuilds\Temperature\Intel_intel_arc32_arduino_101\Debug/core.a(Print.cpp.o)
                0x4003e930                Print::println(double, int)
 .text.printk   0x4003e958        0xc C:\Users\Austen\AppData\Local\Temp\VMBuilds\Temperature\Intel_intel_arc32_arduino_101\Debug/core.a(printk.cpp.o)
                0x4003e958                printk
 .text._ZN10RingBufferC2Ev
                0x4003e964       0x34 C:\Users\Austen\AppData\Local\Temp\VMBuilds\Temperature\Intel_intel_arc32_arduino_101\Debug/core.a(RingBuffer.cpp.o)
                0x4003e964                RingBuffer::RingBuffer()
                0x4003e964                RingBuffer::RingBuffer()
 .text._ZN10RingBuffer10store_charEh
                0x4003e998       0x2c C:\Users\Austen\AppData\Local\Temp\VMBuilds\Temperature\Intel_intel_arc32_arduino_101\Debug/core.a(RingBuffer.cpp.o)
                0x4003e998                RingBuffer::store_char(unsigned char)
 .text.digitsBe4Decimal
                0x4003e9c4       0x5c C:\Users\Austen\AppData\Local\Temp\VMBuilds\Temperature\Intel_intel_arc32_arduino_101\Debug/core.a(stdlib_noniso.cpp.o)
                0x4003e9c4                digitsBe4Decimal
 .text.dtostrf  0x4003ea20      0x218 C:\Users\Austen\AppData\Local\Temp\VMBuilds\Temperature\Intel_intel_arc32_arduino_101\Debug/core.a(stdlib_noniso.cpp.o)
                0x4003ea20                dtostrf
 .text._ZN9UARTClasscvbEv
                0x4003ec38       0x10 C:\Users\Austen\AppData\Local\Temp\VMBuilds\Temperature\Intel_intel_arc32_arduino_101\Debug/core.a(UARTClass.cpp.o)
                0x4003ec38                UARTClass::operator bool()
 .text._ZN9UARTClass9availableEv
                0x4003ec48       0x18 C:\Users\Austen\AppData\Local\Temp\VMBuilds\Temperature\Intel_intel_arc32_arduino_101\Debug/core.a(UARTClass.cpp.o)
                0x4003ec48                UARTClass::available()
 .text._ZN9UARTClass4peekEv
                0x4003ec60       0x24 C:\Users\Austen\AppData\Local\Temp\VMBuilds\Temperature\Intel_intel_arc32_arduino_101\Debug/core.a(UARTClass.cpp.o)
                0x4003ec60                UARTClass::peek()
 .text._ZN9UARTClass4readEv
                0x4003ec84       0x2c C:\Users\Austen\AppData\Local\Temp\VMBuilds\Temperature\Intel_intel_arc32_arduino_101\Debug/core.a(UARTClass.cpp.o)
                0x4003ec84                UARTClass::read()
 .text._ZN9UARTClass3endEv
                0x4003ecb0       0x7c C:\Users\Austen\AppData\Local\Temp\VMBuilds\Temperature\Intel_intel_arc32_arduino_101\Debug/core.a(UARTClass.cpp.o)
                0x4003ecb0                UARTClass::end()
 .text._ZN9UARTClass5flushEv
                0x4003ed2c       0x24 C:\Users\Austen\AppData\Local\Temp\VMBuilds\Temperature\Intel_intel_arc32_arduino_101\Debug/core.a(UARTClass.cpp.o)
                0x4003ed2c                UARTClass::flush()
 .text._ZN9UARTClass5writeEh
                0x4003ed50       0x68 C:\Users\Austen\AppData\Local\Temp\VMBuilds\Temperature\Intel_intel_arc32_arduino_101\Debug/core.a(UARTClass.cpp.o)
                0x4003ed50                UARTClass::write(unsigned char)
 .text._ZN9UARTClassC2EP14uart_init_infoP10RingBufferS3_
                0x4003edb8       0x24 C:\Users\Austen\AppData\Local\Temp\VMBuilds\Temperature\Intel_intel_arc32_arduino_101\Debug/core.a(UARTClass.cpp.o)
                0x4003edb8                UARTClass::UARTClass(uart_init_info*, RingBuffer*, RingBuffer*)
                0x4003edb8                UARTClass::UARTClass(uart_init_info*, RingBuffer*, RingBuffer*)
 .text._ZN9UARTClass4initEmh
                0x4003eddc       0xb8 C:\Users\Austen\AppData\Local\Temp\VMBuilds\Temperature\Intel_intel_arc32_arduino_101\Debug/core.a(UARTClass.cpp.o)
                0x4003eddc                UARTClass::init(unsigned long, unsigned char)
 .text._ZN9UARTClass5beginEmh
                0x4003ee94       0x28 C:\Users\Austen\AppData\Local\Temp\VMBuilds\Temperature\Intel_intel_arc32_arduino_101\Debug/core.a(UARTClass.cpp.o)
                0x4003ee94                UARTClass::begin(unsigned long, unsigned char)
 .text._ZN9UARTClass5beginEm
                0x4003eebc       0x10 C:\Users\Austen\AppData\Local\Temp\VMBuilds\Temperature\Intel_intel_arc32_arduino_101\Debug/core.a(UARTClass.cpp.o)
                0x4003eebc                UARTClass::begin(unsigned long)
 .text._ZN9UARTClass10IrqHandlerEv
                0x4003eecc       0xb8 C:\Users\Austen\AppData\Local\Temp\VMBuilds\Temperature\Intel_intel_arc32_arduino_101\Debug/core.a(UARTClass.cpp.o)
                0x4003eecc                UARTClass::IrqHandler()
 .text.__empty  0x4003ef84        0xc C:\Users\Austen\AppData\Local\Temp\VMBuilds\Temperature\Intel_intel_arc32_arduino_101\Debug/core.a(hooks.c.o)
                0x4003ef84                yield
 .text._read    0x4003ef90       0x50 c:/users/austen/appdata/local/arduino15/packages/intel/tools/arc-elf32/1.6.9+1.0.1/bin/../lib/gcc/arc-elf32/4.8.5/../../../../arc-elf32/lib\libnsim.a(nsim-syscalls.o)
                0x4003ef90                _read
 .text._write   0x4003efe0       0x50 c:/users/austen/appdata/local/arduino15/packages/intel/tools/arc-elf32/1.6.9+1.0.1/bin/../lib/gcc/arc-elf32/4.8.5/../../../../arc-elf32/lib\libnsim.a(nsim-syscalls.o)
                0x4003efe0                _write